Component: ARM Compiler 5.06 update 7 (build 960) Tool: armlink [4d3601]

==============================================================================

Section Cross References

    startup_stm32h723xx.o(STACK) refers (Special) to heapauxi.o(.text) for __use_two_region_memory
    startup_stm32h723xx.o(HEAP) refers (Special) to heapauxi.o(.text) for __use_two_region_memory
    startup_stm32h723xx.o(RESET) refers (Special) to heapauxi.o(.text) for __use_two_region_memory
    startup_stm32h723xx.o(RESET) refers to startup_stm32h723xx.o(STACK) for __initial_sp
    startup_stm32h723xx.o(RESET) refers to startup_stm32h723xx.o(.text) for Reset_Handler
    startup_stm32h723xx.o(RESET) refers to stm32h7xx_it.o(i.NMI_Handler) for NMI_Handler
    startup_stm32h723xx.o(RESET) refers to stm32h7xx_it.o(i.HardFault_Handler) for HardFault_Handler
    startup_stm32h723xx.o(RESET) refers to stm32h7xx_it.o(i.MemManage_Handler) for MemManage_Handler
    startup_stm32h723xx.o(RESET) refers to stm32h7xx_it.o(i.BusFault_Handler) for BusFault_Handler
    startup_stm32h723xx.o(RESET) refers to stm32h7xx_it.o(i.UsageFault_Handler) for UsageFault_Handler
    startup_stm32h723xx.o(RESET) refers to stm32h7xx_it.o(i.SVC_Handler) for SVC_Handler
    startup_stm32h723xx.o(RESET) refers to stm32h7xx_it.o(i.DebugMon_Handler) for DebugMon_Handler
    startup_stm32h723xx.o(RESET) refers to stm32h7xx_it.o(i.PendSV_Handler) for PendSV_Handler
    startup_stm32h723xx.o(RESET) refers to stm32h7xx_it.o(i.SysTick_Handler) for SysTick_Handler
    startup_stm32h723xx.o(RESET) refers to stm32h7xx_it.o(i.DMA1_Stream0_IRQHandler) for DMA1_Stream0_IRQHandler
    startup_stm32h723xx.o(RESET) refers to stm32h7xx_it.o(i.FDCAN1_IT0_IRQHandler) for FDCAN1_IT0_IRQHandler
    startup_stm32h723xx.o(RESET) refers to stm32h7xx_it.o(i.FDCAN2_IT0_IRQHandler) for FDCAN2_IT0_IRQHandler
    startup_stm32h723xx.o(RESET) refers to stm32h7xx_it.o(i.FDCAN1_IT1_IRQHandler) for FDCAN1_IT1_IRQHandler
    startup_stm32h723xx.o(RESET) refers to stm32h7xx_it.o(i.FDCAN2_IT1_IRQHandler) for FDCAN2_IT1_IRQHandler
    startup_stm32h723xx.o(RESET) refers to stm32h7xx_it.o(i.UART5_IRQHandler) for UART5_IRQHandler
    startup_stm32h723xx.o(RESET) refers to stm32h7xx_it.o(i.TIM6_DAC_IRQHandler) for TIM6_DAC_IRQHandler
    startup_stm32h723xx.o(RESET) refers to stm32h7xx_it.o(i.TIM7_IRQHandler) for TIM7_IRQHandler
    startup_stm32h723xx.o(RESET) refers to stm32h7xx_it.o(i.USART10_IRQHandler) for USART10_IRQHandler
    startup_stm32h723xx.o(RESET) refers to stm32h7xx_it.o(i.FDCAN3_IT0_IRQHandler) for FDCAN3_IT0_IRQHandler
    startup_stm32h723xx.o(RESET) refers to stm32h7xx_it.o(i.FDCAN3_IT1_IRQHandler) for FDCAN3_IT1_IRQHandler
    startup_stm32h723xx.o(.text) refers (Special) to heapauxi.o(.text) for __use_two_region_memory
    startup_stm32h723xx.o(.text) refers to system_stm32h7xx.o(i.ExitRun0Mode) for ExitRun0Mode
    startup_stm32h723xx.o(.text) refers to system_stm32h7xx.o(i.SystemInit) for SystemInit
    startup_stm32h723xx.o(.text) refers to __main.o(!!!main) for __main
    startup_stm32h723xx.o(.text) refers to startup_stm32h723xx.o(HEAP) for Heap_Mem
    startup_stm32h723xx.o(.text) refers to startup_stm32h723xx.o(STACK) for Stack_Mem
    main.o(i.HAL_TIM_PeriodElapsedCallback) refers to stm32h7xx_hal.o(i.HAL_IncTick) for HAL_IncTick
    main.o(i.HAL_TIM_PeriodElapsedCallback) refers to chassis.o(i.Chassis_TestControlFromRemote) for Chassis_TestControlFromRemote
    main.o(i.HAL_TIM_PeriodElapsedCallback) refers to main.o(.data) for count
    main.o(i.HAL_UARTEx_RxEventCallback) refers to remote.o(i.Remote_RxCallback) for Remote_RxCallback
    main.o(i.MPU_Config) refers to stm32h7xx_hal_cortex.o(i.HAL_MPU_Disable) for HAL_MPU_Disable
    main.o(i.MPU_Config) refers to stm32h7xx_hal_cortex.o(i.HAL_MPU_ConfigRegion) for HAL_MPU_ConfigRegion
    main.o(i.MPU_Config) refers to stm32h7xx_hal_cortex.o(i.HAL_MPU_Enable) for HAL_MPU_Enable
    main.o(i.SystemClock_Config) refers to rt_memclr_w.o(.text) for __aeabi_memclr4
    main.o(i.SystemClock_Config) refers to stm32h7xx_hal_pwr_ex.o(i.HAL_PWREx_ConfigSupply) for HAL_PWREx_ConfigSupply
    main.o(i.SystemClock_Config) refers to stm32h7xx_hal_rcc.o(i.HAL_RCC_OscConfig) for HAL_RCC_OscConfig
    main.o(i.SystemClock_Config) refers to main.o(i.Error_Handler) for Error_Handler
    main.o(i.SystemClock_Config) refers to stm32h7xx_hal_rcc.o(i.HAL_RCC_ClockConfig) for HAL_RCC_ClockConfig
    main.o(i.main) refers to main.o(i.MPU_Config) for MPU_Config
    main.o(i.main) refers to stm32h7xx_hal.o(i.HAL_Init) for HAL_Init
    main.o(i.main) refers to main.o(i.SystemClock_Config) for SystemClock_Config
    main.o(i.main) refers to gpio.o(i.MX_GPIO_Init) for MX_GPIO_Init
    main.o(i.main) refers to dma.o(i.MX_DMA_Init) for MX_DMA_Init
    main.o(i.main) refers to fdcan.o(i.MX_FDCAN1_Init) for MX_FDCAN1_Init
    main.o(i.main) refers to fdcan.o(i.MX_FDCAN2_Init) for MX_FDCAN2_Init
[...]
    i.HAL_UART_RxHalfCpltCallback            0x080074f6   Section        0  stm32h7xx_hal_uart.o(i.HAL_UART_RxHalfCpltCallback)
    i.HAL_UART_TxCpltCallback                0x080074f8   Section        0  stm32h7xx_hal_uart.o(i.HAL_UART_TxCpltCallback)
    i.HardFault_Handler                      0x080074fa   Section        0  stm32h7xx_it.o(i.HardFault_Handler)
    i.MPU_Config                             0x080074fe   Section        0  main.o(i.MPU_Config)
    MPU_Config                               0x080074ff   Thumb Code    86  main.o(i.MPU_Config)
    i.MX_DMA_Init                            0x08007554   Section        0  dma.o(i.MX_DMA_Init)
    i.MX_FDCAN1_Init                         0x08007588   Section        0  fdcan.o(i.MX_FDCAN1_Init)
    i.MX_FDCAN2_Init                         0x0800760c   Section        0  fdcan.o(i.MX_FDCAN2_Init)
    i.MX_FDCAN3_Init                         0x08007690   Section        0  fdcan.o(i.MX_FDCAN3_Init)
    i.MX_GPIO_Init                           0x08007714   Section        0  gpio.o(i.MX_GPIO_Init)
    i.MX_TIM6_Init                           0x080077d4   Section        0  tim.o(i.MX_TIM6_Init)
    i.MX_UART5_Init                          0x08007820   Section        0  usart.o(i.MX_UART5_Init)
    i.MX_USART10_UART_Init                   0x08007894   Section        0  usart.o(i.MX_USART10_UART_Init)
    i.MemManage_Handler                      0x08007900   Section        0  stm32h7xx_it.o(i.MemManage_Handler)
    i.NMI_Handler                            0x08007904   Section        0  stm32h7xx_it.o(i.NMI_Handler)
    i.PID_Init                               0x08007908   Section        0  my_pid.o(i.PID_Init)
    i.PID_Update                             0x08007940   Section        0  my_pid.o(i.PID_Update)
    i.PendSV_Handler                         0x080079ec   Section        0  stm32h7xx_it.o(i.PendSV_Handler)
    i.RCCEx_PLL2_Config                      0x080079f0   Section        0  stm32h7xx_hal_rcc_ex.o(i.RCCEx_PLL2_Config)
    RCCEx_PLL2_Config                        0x080079f1   Thumb Code   350  stm32h7xx_hal_rcc_ex.o(i.RCCEx_PLL2_Config)
    i.RCCEx_PLL3_Config                      0x08007b54   Section        0  stm32h7xx_hal_rcc_ex.o(i.RCCEx_PLL3_Config)
    RCCEx_PLL3_Config                        0x08007b55   Thumb Code   350  stm32h7xx_hal_rcc_ex.o(i.RCCEx_PLL3_Config)
    i.Remote_Data_Resolving                  0x08007cb8   Section        0  remote.o(i.Remote_Data_Resolving)
    i.Remote_Init                            0x08007d54   Section        0  remote.o(i.Remote_Init)
    i.Remote_Is_Online                       0x08007eb4   Section        0  remote.o(i.Remote_Is_Online)
    i.Remote_Reset                           0x08007edc   Section        0  remote.o(i.Remote_Reset)
    i.Remote_RxCallback                      0x08007ef0   Section        0  remote.o(i.Remote_RxCallback)
    i.SVC_Handler                            0x0800806c   Section        0  stm32h7xx_it.o(i.SVC_Handler)
    i.SendChassisInstruction                 0x08008070   Section        0  fdcanhandler.o(i.SendChassisInstruction)
    i.SysTick_Handler                        0x08008084   Section        0  stm32h7xx_it.o(i.SysTick_Handler)
    i.SystemClock_Config                     0x08008088   Section        0  main.o(i.SystemClock_Config)
    i.SystemInit                             0x08008140   Section        0  system_stm32h7xx.o(i.SystemInit)
    i.TIM6_DAC_IRQHandler                    0x0800824c   Section        0  stm32h7xx_it.o(i.TIM6_DAC_IRQHandler)
    i.TIM7_IRQHandler                        0x0800825c   Section        0  stm32h7xx_it.o(i.TIM7_IRQHandler)
    i.TIM_Base_SetConfig                     0x0800826c   Section        0  stm32h7xx_hal_tim.o(i.TIM_Base_SetConfig)
    i.UART5_IRQHandler                       0x08008354   Section        0  stm32h7xx_it.o(i.UART5_IRQHandler)
    i.UARTEx_SetNbDataToProcess              0x08008364   Section        0  stm32h7xx_hal_uart_ex.o(i.UARTEx_SetNbDataToProcess)
    UARTEx_SetNbDataToProcess                0x08008365   Thumb Code    78  stm32h7xx_hal_uart_ex.o(i.UARTEx_SetNbDataToProcess)
    i.UART_AdvFeatureConfig                  0x080083bc   Section        0  stm32h7xx_hal_uart.o(i.UART_AdvFeatureConfig)
    i.UART_CheckIdleState                    0x080084b4   Section        0  stm32h7xx_hal_uart.o(i.UART_CheckIdleState)
    i.UART_DMAAbortOnError                   0x0800859e   Section        0  stm32h7xx_hal_uart.o(i.UART_DMAAbortOnError)
    UART_DMAAbortOnError                     0x0800859f   Thumb Code    20  stm32h7xx_hal_uart.o(i.UART_DMAAbortOnError)
    i.UART_DMAError                          0x080085b2   Section        0  stm32h7xx_hal_uart.o(i.UART_DMAError)
    UART_DMAError                            0x080085b3   Thumb Code    94  stm32h7xx_hal_uart.o(i.UART_DMAError)
    i.UART_DMAReceiveCplt                    0x08008610   Section        0  stm32h7xx_hal_uart.o(i.UART_DMAReceiveCplt)
    UART_DMAReceiveCplt                      0x08008611   Thumb Code   174  stm32h7xx_hal_uart.o(i.UART_DMAReceiveCplt)
    i.UART_DMARxHalfCplt                     0x080086be   Section        0  stm32h7xx_hal_uart.o(i.UART_DMARxHalfCplt)
    UART_DMARxHalfCplt                       0x080086bf   Thumb Code    38  stm32h7xx_hal_uart.o(i.UART_DMARxHalfCplt)
    i.UART_EndRxTransfer                     0x080086e4   Section        0  stm32h7xx_hal_uart.o(i.UART_EndRxTransfer)
    UART_EndRxTransfer                       0x080086e5   Thumb Code   104  stm32h7xx_hal_uart.o(i.UART_EndRxTransfer)
    i.UART_EndTransmit_IT                    0x08008750   Section        0  stm32h7xx_hal_uart.o(i.UART_EndTransmit_IT)
    UART_EndTransmit_IT                      0x08008751   Thumb Code    48  stm32h7xx_hal_uart.o(i.UART_EndTransmit_IT)
    i.UART_EndTxTransfer                     0x08008780   Section        0  stm32h7xx_hal_uart.o(i.UART_EndTxTransfer)
    UART_EndTxTransfer                       0x08008781   Thumb Code    64  stm32h7xx_hal_uart.o(i.UART_EndTxTransfer)
    i.UART_SetConfig                         0x080087c0   Section        0  stm32h7xx_hal_uart.o(i.UART_SetConfig)
    i.UART_Start_Receive_DMA                 0x08008de8   Section        0  stm32h7xx_hal_uart.o(i.UART_Start_Receive_DMA)
    i.UART_WaitOnFlagUntilTimeout            0x08008eb0   Section        0  stm32h7xx_hal_uart.o(i.UART_WaitOnFlagUntilTimeout)
    i.USART10_IRQHandler                     0x08008f5c   Section        0  stm32h7xx_it.o(i.USART10_IRQHandler)
    i.UsageFault_Handler                     0x08008f6c   Section        0  stm32h7xx_it.o(i.UsageFault_Handler)
    i.__ARM_fpclassifyf                      0x08008f70   Section        0  fpclassifyf.o(i.__ARM_fpclassifyf)
    i.__NVIC_GetPriorityGrouping             0x08008f98   Section        0  stm32h7xx_hal_cortex.o(i.__NVIC_GetPriorityGrouping)
    __NVIC_GetPriorityGrouping               0x08008f99   Thumb Code    10  stm32h7xx_hal_cortex.o(i.__NVIC_GetPriorityGrouping)
    i.__NVIC_SetPriority                     0x08008fa8   Section        0  stm32h7xx_hal_cortex.o(i.__NVIC_SetPriority)
    __NVIC_SetPriority                       0x08008fa9   Thumb Code    32  stm32h7xx_hal_cortex.o(i.__NVIC_SetPriority)
    i.__hardfp_atan2f                        0x08008fd0   Section        0  atan2f.o(i.__hardfp_atan2f)
    i.__hardfp_sqrtf                         0x08009284   Section        0  sqrtf.o(i.__hardfp_sqrtf)
    i.__mathlib_flt_infnan2                  0x080092be   Section        0  funder.o(i.__mathlib_flt_infnan2)
    i.__mathlib_flt_underflow                0x080092c4   Section        0  funder.o(i.__mathlib_flt_underflow)
    i.main                                   0x080092d4   Section        0  main.o(i.main)
    x$fpl$fpinit                             0x08009324   Section       10  fpinit.o(x$fpl$fpinit)
    $v0                                      0x08009324   Number         0  fpinit.o(x$fpl$fpinit)
    x$fpl$usenofp                            0x0800932e   Section        0  usenofp.o(x$fpl$usenofp)
    .constdata                               0x08009330   Section       92  stm32h7xx_hal_fdcan.o(.constdata)
    DLCtoBytes                               0x08009330   Data          16  stm32h7xx_hal_fdcan.o(.constdata)
    .constdata                               0x0800938c   Section        8  stm32h7xx_hal_dma.o(.constdata)
    flagBitshiftOffset                       0x0800938c   Data           8  stm32h7xx_hal_dma.o(.constdata)
    .constdata                               0x08009394   Section       24  stm32h7xx_hal_uart.o(.constdata)
    .constdata                               0x080093ac   Section       16  stm32h7xx_hal_uart_ex.o(.constdata)
    numerator                                0x080093ac   Data           8  stm32h7xx_hal_uart_ex.o(.constdata)
    denominator                              0x080093b4   Data           8  stm32h7xx_hal_uart_ex.o(.constdata)
    .constdata                               0x080093bc   Section       16  system_stm32h7xx.o(.constdata)
    .constdata                               0x080093cc   Section       32  chassis.o(.constdata)
    .data                                    0x24000000   Section        1  main.o(.data)
    count                                    0x24000000   Data           1  main.o(.data)
    .data                                    0x24000004   Section        4  fdcan.o(.data)
    HAL_RCC_FDCAN_CLK_ENABLED                0x24000004   Data           4  fdcan.o(.data)
    .data                                    0x24000008   Section        9  stm32h7xx_hal.o(.data)
    .data                                    0x24000014   Section        8  system_stm32h7xx.o(.data)
    .data                                    0x2400001c   Section        4  remote.o(.data)
    remote_last_update_time                  0x2400001c   Data           4  remote.o(.data)
    .data                                    0x24000020   Section       64  chassis.o(.data)
    .bss                                     0x24000060   Section      480  fdcan.o(.bss)
    .bss                                     0x24000240   Section       76  tim.o(.bss)
    .bss                                     0x2400028c   Section      416  usart.o(.bss)
    .bss                                     0x2400042c   Section       76  stm32h7xx_hal_timebase_tim.o(.bss)
    .bss                                     0x24000478   Section      432  fdcanhandler.o(.bss)
    .bss                                     0x24000628   Section       30  remote.o(.bss)
    .bss                                     0x24000648   Section      656  chassis.o(.bss)
    .bss                                     0x240008d8   Section       96  libspace.o(.bss)
    HEAP                                     0x24000938   Section      512  startup_stm32h723xx.o(HEAP)
    Heap_Mem                                 0x24000938   Data         512  startup_stm32h723xx.o(HEAP)
    STACK                                    0x24000b38   Section     1024  startup_stm32h723xx.o(STACK)
    Stack_Mem                                0x24000b38   Data        1024  startup_stm32h723xx.o(STACK)
    __initial_sp                             0x24000f38   Data           0  startup_stm32h723xx.o(STACK)

    Global Symbols

    Symbol Name                              Value     Ov Type        Size  Object(Section)

    BuildAttributes$$THM_ISAv4$E$P$D$K$B$S$7EM$VFPv5_D16$PE$PLD8$A:L22UL41UL21$X:L11$S22US41US21$IEEE1$IW$USESV6$~STKCKD$USESV7$~SHL$OTIME$ROPI$IEEEX$EBA8$UX$STANDARDLIB$REQ8$PRES8$EABIv2 0x00000000   Number         0  anon$$obj.o ABSOLUTE
    __ARM_use_no_argv                        0x00000000   Number         0  main.o ABSOLUTE
    __ARM_exceptions_init                     - Undefined Weak Reference
    __alloca_initialize                       - Undefined Weak Reference
    __arm_fini_                               - Undefined Weak Reference
    __arm_preinit_                            - Undefined Weak Reference
    __cpp_initialize__aeabi_                  - Undefined Weak Reference
    __cxa_finalize                            - Undefined Weak Reference
    __rt_locale                               - Undefined Weak Reference
    __sigvec_lookup                           - Undefined Weak Reference
    _atexit_init                              - Undefined Weak Reference
    _call_atexit_fns                          - Undefined Weak Reference
    _clock_init                               - Undefined Weak Reference
    _fp_trap_init                             - Undefined Weak Reference
    _fp_trap_shutdown                         - Undefined Weak Reference
    _get_lc_collate                           - Undefined Weak Reference
    _get_lc_ctype                             - Undefined Weak Reference
    _get_lc_monetary                          - Undefined Weak Reference
    _get_lc_numeric                           - Undefined Weak Reference
    _get_lc_time                              - Undefined Weak Reference
    _getenv_init                              - Undefined Weak Reference
    _handle_redirection                       - Undefined Weak Reference
    _init_alloc                               - Undefined Weak Reference
    _init_user_alloc                          - Undefined Weak Reference
    _initio                                   - Undefined Weak Reference
    _rand_init                                - Undefined Weak Reference
    _signal_finish                            - Undefined Weak Reference
    _signal_init                              - Undefined Weak Reference
    _terminate_alloc                          - Undefined Weak Reference
    _terminate_user_alloc                     - Undefined Weak Reference
    _terminateio                              - Undefined Weak Reference
    __Vectors_Size                           0x000002cc   Number         0  startup_stm32h723xx.o ABSOLUTE
    __Vectors                                0x08000000   Data           4  startup_stm32h723xx.o(RESET)
    __Vectors_End                            0x080002cc   Data           0  startup_stm32h723xx.o(RESET)
    __main                                   0x080002cd   Thumb Code     8  __main.o(!!!main)
    __scatterload                            0x080002d5   Thumb Code     0  __scatter.o(!!!scatter)
    __scatterload_rt2                        0x080002d5   Thumb Code    44  __scatter.o(!!!scatter)
    __scatterload_rt2_thumb_only             0x080002d5   Thumb Code     0  __scatter.o(!!!scatter)
    __scatterload_null                       0x080002e3   Thumb Code     0  __scatter.o(!!!scatter)
    __scatterload_copy                       0x08000309   Thumb Code    26  __scatter_copy.o(!!handler_copy)
    __scatterload_zeroinit                   0x08000325   Thumb Code    28  __scatter_zi.o(!!handler_zi)
    __rt_lib_init                            0x08000341   Thumb Code     0  libinit.o(.ARM.Collect$$libinit$$00000000)
    __rt_lib_init_fp_1                       0x08000343   Thumb Code     0  libinit2.o(.ARM.Collect$$libinit$$00000001)
    __rt_lib_init_alloca_1                   0x08000347   Thumb Code     0  libinit2.o(.ARM.Collect$$libinit$$0000002E)
    __rt_lib_init_argv_1                     0x08000347   Thumb Code     0  libinit2.o(.ARM.Collect$$libinit$$0000002C)
    __rt_lib_init_atexit_1                   0x08000347   Thumb Code     0  libinit2.o(.ARM.Collect$$libinit$$0000001B)
    __rt_lib_init_clock_1                    0x08000347   Thumb Code     0  libinit2.o(.ARM.Collect$$libinit$$00000021)
    __rt_lib_init_cpp_1                      0x08000347   Thumb Code     0  libinit2.o(.ARM.Collect$$libinit$$00000032)
    __rt_lib_init_exceptions_1               0x08000347   Thumb Code     0  libinit2.o(.ARM.Collect$$libinit$$00000030)
    __rt_lib_init_fp_trap_1                  0x08000347   Thumb Code     0  libinit2.o(.ARM.Collect$$libinit$$0000001F)
    __rt_lib_init_getenv_1                   0x08000347   Thumb Code     0  libinit2.o(.ARM.Collect$$libinit$$00000023)
    __rt_lib_init_heap_1                     0x08000347   Thumb Code     0  libinit2.o(.ARM.Collect$$libinit$$0000000A)
    __rt_lib_init_lc_collate_1               0x08000347   Thumb Code     0  libinit2.o(.ARM.Collect$$libinit$$00000011)
    __rt_lib_init_lc_ctype_1                 0x08000347   Thumb Code     0  libinit2.o(.ARM.Collect$$libinit$$00000013)
    __rt_lib_init_lc_monetary_1              0x08000347   Thumb Code     0  libinit2.o(.ARM.Collect$$libinit$$00000015)
    __rt_lib_init_lc_numeric_1               0x08000347   Thumb Code     0  libinit2.o(.ARM.Collect$$libinit$$00000017)
    __rt_lib_init_lc_time_1                  0x08000347   Thumb Code     0  libinit2.o(.ARM.Collect$$libinit$$00000019)
    __rt_lib_init_preinit_1                  0x08000347   Thumb Code     0  libinit2.o(.ARM.Collect$$libinit$$00000004)
    __rt_lib_init_rand_1                     0x08000347   Thumb Code     0  libinit2.o(.ARM.Collect$$libinit$$0000000E)
    __rt_lib_init_return                     0x08000347   Thumb Code     0  libinit2.o(.ARM.Collect$$libinit$$00000033)
    __rt_lib_init_signal_1                   0x08000347   Thumb Code     0  libinit2.o(.ARM.Collect$$libinit$$0000001D)
    __rt_lib_init_stdio_1                    0x08000347   Thumb Code     0  libinit2.o(.ARM.Collect$$libinit$$00000025)
    __rt_lib_init_user_alloc_1               0x08000347   Thumb Code     0  libinit2.o(.ARM.Collect$$libinit$$0000000C)
    __rt_lib_shutdown                        0x08000349   Thumb Code     0  libshutdown.o(.ARM.Collect$$libshutdown$$00000000)
    __rt_lib_shutdown_cpp_1                  0x0800034b   Thumb Code     0  libshutdown2.o(.ARM.Collect$$libshutdown$$00000004)
    __rt_lib_shutdown_fini_1                 0x0800034b   Thumb Code     0  libshutdown2.o(.ARM.Collect$$libshutdown$$00000002)
    __rt_lib_shutdown_fp_trap_1              0x0800034b   Thumb Code     0  libshutdown2.o(.ARM.Collect$$libshutdown$$00000009)
    __rt_lib_shutdown_heap_1                 0x0800034b   Thumb Code     0  libshutdown2.o(.ARM.Collect$$libshutdown$$00000011)
    __rt_lib_shutdown_return                 0x0800034b   Thumb Code     0  libshutdown2.o(.ARM.Collect$$libshutdown$$00000012)
    __rt_lib_shutdown_signal_1               0x0800034b   Thumb Code     0  libshutdown2.o(.ARM.Collect$$libshutdown$$0000000C)
    __rt_lib_shutdown_stdio_1                0x0800034b   Thumb Code     0  libshutdown2.o(.ARM.Collect$$libshutdown$$00000006)
    __rt_lib_shutdown_user_alloc_1           0x0800034b   Thumb Code     0  libshutdown2.o(.ARM.Collect$$libshutdown$$0000000E)
    __rt_entry                               0x0800034d   Thumb Code     0  __rtentry.o(.ARM.Collect$$rtentry$$00000000)
    __rt_entry_presh_1                       0x0800034d   Thumb Code     0  __rtentry2.o(.ARM.Collect$$rtentry$$00000002)
    __rt_entry_sh                            0x0800034d   Thumb Code     0  __rtentry4.o(.ARM.Collect$$rtentry$$00000004)
    __rt_entry_li                            0x08000353   Thumb Code     0  __rtentry2.o(.ARM.Collect$$rtentry$$0000000A)
    __rt_entry_postsh_1                      0x08000353   Thumb Code     0  __rtentry2.o(.ARM.Collect$$rtentry$$00000009)
    __rt_entry_main                          0x08000357   Thumb Code     0  __rtentry2.o(.ARM.Collect$$rtentry$$0000000D)
    __rt_entry_postli_1                      0x08000357   Thumb Code     0  __rtentry2.o(.ARM.Collect$$rtentry$$0000000C)
    __rt_exit                                0x0800035f   Thumb Code     0  rtexit.o(.ARM.Collect$$rtexit$$00000000)
    __rt_exit_ls                             0x08000361   Thumb Code     0  rtexit2.o(.ARM.Collect$$rtexit$$00000003)
    __rt_exit_prels_1                        0x08000361   Thumb Code     0  rtexit2.o(.ARM.Collect$$rtexit$$00000002)
    __rt_exit_exit                           0x08000365   Thumb Code     0  rtexit2.o(.ARM.Collect$$rtexit$$00000004)
    Reset_Handler                            0x0800036d   Thumb Code    12  startup_stm32h723xx.o(.text)
    ADC3_IRQHandler                          0x0800038b   Thumb Code     0  startup_stm32h723xx.o(.text)
    ADC_IRQHandler                           0x0800038b   Thumb Code     0  startup_stm32h723xx.o(.text)
    BDMA_Channel0_IRQHandler                 0x0800038b   Thumb Code     0  startup_stm32h723xx.o(.text)
    BDMA_Channel1_IRQHandler                 0x0800038b   Thumb Code     0  startup_stm32h723xx.o(.text)
    BDMA_Channel2_IRQHandler                 0x0800038b   Thumb Code     0  startup_stm32h723xx.o(.text)
    BDMA_Channel3_IRQHandler                 0x0800038b   Thumb Code     0  startup_stm32h723xx.o(.text)
    BDMA_Channel4_IRQHandler                 0x0800038b   Thumb Code     0  startup_stm32h723xx.o(.text)
    BDMA_Channel5_IRQHandler                 0x0800038b   Thumb Code     0  startup_stm32h723xx.o(.text)
    BDMA_Channel6_IRQHandler                 0x0800038b   Thumb Code     0  startup_stm32h723xx.o(.text)
    BDMA_Channel7_IRQHandler                 0x0800038b   Thumb Code     0  startup_stm32h723xx.o(.text)
    CEC_IRQHandler                           0x0800038b   Thumb Code     0  startup_stm32h723xx.o(.text)
    COMP1_IRQHandler                         0x0800038b   Thumb Code     0  startup_stm32h723xx.o(.text)
    CORDIC_IRQHandler                        0x0800038b   Thumb Code     0  startup_stm32h723xx.o(.text)
    CRS_IRQHandler                           0x0800038b   Thumb Code     0  startup_stm32h723xx.o(.text)
    DCMI_PSSI_IRQHandler                     0x0800038b   Thumb Code     0  startup_stm32h723xx.o(.text)
    DFSDM1_FLT0_IRQHandler                   0x0800038b   Thumb Code     0  startup_stm32h723xx.o(.text)
    DFSDM1_FLT1_IRQHandler                   0x0800038b   Thumb Code     0  startup_stm32h723xx.o(.text)
    DFSDM1_FLT2_IRQHandler                   0x0800038b   Thumb Code     0  startup_stm32h723xx.o(.text)
    DFSDM1_FLT3_IRQHandler                   0x0800038b   Thumb Code     0  startup_stm32h723xx.o(.text)
    DMA1_Stream1_IRQHandler                  0x0800038b   Thumb Code     0  startup_stm32h723xx.o(.text)
    DMA1_Stream2_IRQHandler                  0x0800038b   Thumb Code     0  startup_stm32h723xx.o(.text)
    DMA1_Stream3_IRQHandler                  0x0800038b   Thumb Code     0  startup_stm32h723xx.o(.text)
    DMA1_Stream4_IRQHandler                  0x0800038b   Thumb Code     0  startup_stm32h723xx.o(.text)
    DMA1_Stream5_IRQHandler                  0x0800038b   Thumb Code     0  startup_stm32h723xx.o(.text)
    DMA1_Stream6_IRQHandler                  0x0800038b   Thumb Code     0  startup_stm32h723xx.o(.text)
    DMA1_Stream7_IRQHandler                  0x0800038b   Thumb Code     0  startup_stm32h723xx.o(.text)
    DMA2D_IRQHandler                         0x0800038b   Thumb Code     0  startup_stm32h723xx.o(.text)
    DMA2_Stream0_IRQHandler                  0x0800038b   Thumb Code     0  startup_stm32h723xx.o(.text)
    DMA2_Stream1_IRQHandler                  0x0800038b   Thumb Code     0  startup_stm32h723xx.o(.text)
    DMA2_Stream2_IRQHandler                  0x0800038b   Thumb Code     0  startup_stm32h723xx.o(.text)
    DMA2_Stream3_IRQHandler                  0x0800038b   Thumb Code     0  startup_stm32h723xx.o(.text)
    DMA2_Stream4_IRQHandler                  0x0800038b   Thumb Code     0  startup_stm32h723xx.o(.text)
    DMA2_Stream5_IRQHandler                  0x0800038b   Thumb Code     0  startup_stm32h723xx.o(.text)
    DMA2_Stream6_IRQHandler                  0x0800038b   Thumb Code     0  startup_stm32h723xx.o(.text)
    DMA2_Stream7_IRQHandler                  0x0800038b   Thumb Code     0  startup_stm32h723xx.o(.text)
    DMAMUX1_OVR_IRQHandler                   0x0800038b   Thumb Code     0  startup_stm32h723xx.o(.text)
    DMAMUX2_OVR_IRQHandler                   0x0800038b   Thumb Code     0  startup_stm32h723xx.o(.text)
    DTS_IRQHandler                           0x0800038b   Thumb Code     0  startup_stm32h723xx.o(.text)
    ECC_IRQHandler                           0x0800038b   Thumb Code     0  startup_stm32h723xx.o(.text)
    ETH_IRQHandler                           0x0800038b   Thumb Code     0  startup_stm32h723xx.o(.text)
    ETH_WKUP_IRQHandler                      0x0800038b   Thumb Code     0  startup_stm32h723xx.o(.text)
    EXTI0_IRQHandler                         0x0800038b   Thumb Code     0  startup_stm32h723xx.o(.text)
    EXTI15_10_IRQHandler                     0x0800038b   Thumb Code     0  startup_stm32h723xx.o(.text)
    EXTI1_IRQHandler                         0x0800038b   Thumb Code     0  startup_stm32h723xx.o(.text)
    EXTI2_IRQHandler                         0x0800038b   Thumb Code     0  startup_stm32h723xx.o(.text)
    EXTI3_IRQHandler                         0x0800038b   Thumb Code     0  startup_stm32h723xx.o(.text)
    EXTI4_IRQHandler                         0x0800038b   Thumb Code     0  startup_stm32h723xx.o(.text)
    EXTI9_5_IRQHandler                       0x0800038b   Thumb Code     0  startup_stm32h723xx.o(.text)
    FDCAN_CAL_IRQHandler                     0x0800038b   Thumb Code     0  startup_stm32h723xx.o(.text)
    FLASH_IRQHandler                         0x0800038b   Thumb Code     0  startup_stm32h723xx.o(.text)
    FMAC_IRQHandler                          0x0800038b   Thumb Code     0  startup_stm32h723xx.o(.text)
    FMC_IRQHandler                           0x0800038b   Thumb Code     0  startup_stm32h723xx.o(.text)
    FPU_IRQHandler                           0x0800038b   Thumb Code     0  startup_stm32h723xx.o(.text)
    HSEM1_IRQHandler                         0x0800038b   Thumb Code     0  startup_stm32h723xx.o(.text)
    I2C1_ER_IRQHandler                       0x0800038b   Thumb Code     0  startup_stm32h723xx.o(.text)
    I2C1_EV_IRQHandler                       0x0800038b   Thumb Code     0  startup_stm32h723xx.o(.text)
    I2C2_ER_IRQHandler                       0x0800038b   Thumb Code     0  startup_stm32h723xx.o(.text)
    I2C2_EV_IRQHandler                       0x0800038b   Thumb Code     0  startup_stm32h723xx.o(.text)
    I2C3_ER_IRQHandler                       0x0800038b   Thumb Code     0  startup_stm32h723xx.o(.text)
    I2C3_EV_IRQHandler                       0x0800038b   Thumb Code     0  startup_stm32h723xx.o(.text)
    I2C4_ER_IRQHandler                       0x0800038b   Thumb Code     0  startup_stm32h723xx.o(.text)
    I2C4_EV_IRQHandler                       0x0800038b   Thumb Code     0  startup_stm32h723xx.o(.text)
    I2C5_ER_IRQHandler                       0x0800038b   Thumb Code     0  startup_stm32h723xx.o(.text)
    I2C5_EV_IRQHandler                       0x0800038b   Thumb Code     0  startup_stm32h723xx.o(.text)
    LPTIM1_IRQHandler                        0x0800038b   Thumb Code     0  startup_stm32h723xx.o(.text)
    LPTIM2_IRQHandler                        0x0800038b   Thumb Code     0  startup_stm32h723xx.o(.text)
    LPTIM3_IRQHandler                        0x0800038b   Thumb Code     0  startup_stm32h723xx.o(.text)
    LPTIM4_IRQHandler                        0x0800038b   Thumb Code     0  startup_stm32h723xx.o(.text)
    LPTIM5_IRQHandler                        0x0800038b   Thumb Code     0  startup_stm32h723xx.o(.text)
    LPUART1_IRQHandler                       0x0800038b   Thumb Code     0  startup_stm32h723xx.o(.text)
    LTDC_ER_IRQHandler                       0x0800038b   Thumb Code     0  startup_stm32h723xx.o(.text)
    LTDC_IRQHandler                          0x0800038b   Thumb Code     0  startup_stm32h723xx.o(.text)
    MDIOS_IRQHandler                         0x0800038b   Thumb Code     0  startup_stm32h723xx.o(.text)
    MDIOS_WKUP_IRQHandler                    0x0800038b   Thumb Code     0  startup_stm32h723xx.o(.text)
    MDMA_IRQHandler                          0x0800038b   Thumb Code     0  startup_stm32h723xx.o(.text)
    OCTOSPI1_IRQHandler                      0x0800038b   Thumb Code     0  startup_stm32h723xx.o(.text)
    OCTOSPI2_IRQHandler                      0x0800038b   Thumb Code     0  startup_stm32h723xx.o(.text)
    OTG_HS_EP1_IN_IRQHandler                 0x0800038b   Thumb Code     0  startup_stm32h723xx.o(.text)
    OTG_HS_EP1_OUT_IRQHandler                0x0800038b   Thumb Code     0  startup_stm32h723xx.o(.text)
    OTG_HS_IRQHandler                        0x0800038b   Thumb Code     0  startup_stm32h723xx.o(.text)
    OTG_HS_WKUP_IRQHandler                   0x0800038b   Thumb Code     0  startup_stm32h723xx.o(.text)
    PVD_AVD_IRQHandler                       0x0800038b   Thumb Code     0  startup_stm32h723xx.o(.text)
    RCC_IRQHandler                           0x0800038b   Thumb Code     0  startup_stm32h723xx.o(.text)
    RNG_IRQHandler                           0x0800038b   Thumb Code     0  startup_stm32h723xx.o(.text)
    RTC_Alarm_IRQHandler                     0x0800038b   Thumb Code     0  startup_stm32h723xx.o(.text)
    RTC_WKUP_IRQHandler                      0x0800038b   Thumb Code     0  startup_stm32h723xx.o(.text)
    SAI1_IRQHandler                          0x0800038b   Thumb Code     0  startup_stm32h723xx.o(.text)
    SAI4_IRQHandler                          0x0800038b   Thumb Code     0  startup_stm32h723xx.o(.text)
    SDMMC1_IRQHandler                        0x0800038b   Thumb Code     0  startup_stm32h723xx.o(.text)
    SDMMC2_IRQHandler                        0x0800038b   Thumb Code     0  startup_stm32h723xx.o(.text)
    SPDIF_RX_IRQHandler                      0x0800038b   Thumb Code     0  startup_stm32h723xx.o(.text)
    SPI1_IRQHandler                          0x0800038b   Thumb Code     0  startup_stm32h723xx.o(.text)
    SPI2_IRQHandler                          0x0800038b   Thumb Code     0  startup_stm32h723xx.o(.text)
    SPI3_IRQHandler                          0x0800038b   Thumb Code     0  startup_stm32h723xx.o(.text)
    SPI4_IRQHandler                          0x0800038b   Thumb Code     0  startup_stm32h723xx.o(.text)
    SPI5_IRQHandler                          0x0800038b   Thumb Code     0  startup_stm32h723xx.o(.text)
    SPI6_IRQHandler                          0x0800038b   Thumb Code     0  startup_stm32h723xx.o(.text)
    SWPMI1_IRQHandler                        0x0800038b   Thumb Code     0  startup_stm32h723xx.o(.text)
    TAMP_STAMP_IRQHandler                    0x0800038b   Thumb Code     0  startup_stm32h723xx.o(.text)
    TIM15_IRQHandler                         0x0800038b   Thumb Code     0  startup_stm32h723xx.o(.text)
    TIM16_IRQHandler                         0x0800038b   Thumb Code     0  startup_stm32h723xx.o(.text)
    TIM17_IRQHandler                         0x0800038b   Thumb Code     0  startup_stm32h723xx.o(.text)
    TIM1_BRK_IRQHandler                      0x0800038b   Thumb Code     0  startup_stm32h723xx.o(.text)
    TIM1_CC_IRQHandler                       0x0800038b   Thumb Code     0  startup_stm32h723xx.o(.text)
    TIM1_TRG_COM_IRQHandler                  0x0800038b   Thumb Code     0  startup_stm32h723xx.o(.text)
    TIM1_UP_IRQHandler                       0x0800038b   Thumb Code     0  startup_stm32h723xx.o(.text)
    TIM23_IRQHandler                         0x0800038b   Thumb Code     0  startup_stm32h723xx.o(.text)
    TIM24_IRQHandler                         0x0800038b   Thumb Code     0  startup_stm32h723xx.o(.text)
    TIM2_IRQHandler                          0x0800038b   Thumb Code     0  startup_stm32h723xx.o(.text)
    TIM3_IRQHandler                          0x0800038b   Thumb Code     0  startup_stm32h723xx.o(.text)
    TIM4_IRQHandler                          0x0800038b   Thumb Code     0  startup_stm32h723xx.o(.text)
    TIM5_IRQHandler                          0x0800038b   Thumb Code     0  startup_stm32h723xx.o(.text)
    TIM8_BRK_TIM12_IRQHandler                0x0800038b   Thumb Code     0  startup_stm32h723xx.o(.text)
    TIM8_CC_IRQHandler                       0x0800038b   Thumb Code     0  startup_stm32h723xx.o(.text)
    TIM8_TRG_COM_TIM14_IRQHandler            0x0800038b   Thumb Code     0  startup_stm32h723xx.o(.text)
    TIM8_UP_TIM13_IRQHandler                 0x0800038b   Thumb Code     0  startup_stm32h723xx.o(.text)
    UART4_IRQHandler                         0x0800038b   Thumb Code     0  startup_stm32h723xx.o(.text)
    UART7_IRQHandler                         0x0800038b   Thumb Code     0  startup_stm32h723xx.o(.text)
    UART8_IRQHandler                         0x0800038b   Thumb Code     0  startup_stm32h723xx.o(.text)
    UART9_IRQHandler                         0x0800038b   Thumb Code     0  startup_stm32h723xx.o(.text)
    USART1_IRQHandler                        0x0800038b   Thumb Code     0  startup_stm32h723xx.o(.text)
    USART2_IRQHandler                        0x0800038b   Thumb Code     0  startup_stm32h723xx.o(.text)
    USART3_IRQHandler                        0x0800038b   Thumb Code     0  startup_stm32h723xx.o(.text)
    USART6_IRQHandler                        0x0800038b   Thumb Code     0  startup_stm32h723xx.o(.text)
    WAKEUP_PIN_IRQHandler                    0x0800038b   Thumb Code     0  startup_stm32h723xx.o(.text)
    WWDG_IRQHandler                          0x0800038b   Thumb Code     0  startup_stm32h723xx.o(.text)
    __user_initial_stackheap                 0x0800038d   Thumb Code     0  startup_stm32h723xx.o(.text)
    __aeabi_uldivmod                         0x080003b5   Thumb Code     0  lludivv7m.o(.text)
    _ll_udiv                                 0x080003b5   Thumb Code   238  lludivv7m.o(.text)
    __aeabi_memcpy4                          0x080004a3   Thumb Code     0  rt_memcpy_w.o(.text)
    __aeabi_memcpy8                          0x080004a3   Thumb Code     0  rt_memcpy_w.o(.text)
    __rt_memcpy_w                            0x080004a3   Thumb Code   100  rt_memcpy_w.o(.text)
    _memcpy_lastbytes_aligned                0x080004eb   Thumb Code     0  rt_memcpy_w.o(.text)
    __aeabi_memclr4                          0x08000507   Thumb Code     0  rt_memclr_w.o(.text)
    __aeabi_memclr8                          0x08000507   Thumb Code     0  rt_memclr_w.o(.text)
    __rt_memclr_w                            0x08000507   Thumb Code    78  rt_memclr_w.o(.text)
    _memset_w                                0x0800050b   Thumb Code     0  rt_memclr_w.o(.text)
    __use_two_region_memory                  0x08000555   Thumb Code     2  heapauxi.o(.text)
    __rt_heap_escrow$2region                 0x08000557   Thumb Code     2  heapauxi.o(.text)
    __rt_heap_expand$2region                 0x08000559   Thumb Code     2  heapauxi.o(.text)
    __read_errno                             0x0800055b   Thumb Code    10  _rserrno.o(.text)
    __set_errno                              0x08000565   Thumb Code    12  _rserrno.o(.text)
    __aeabi_errno_addr                       0x08000571   Thumb Code     8  rt_errno_addr_intlibspace.o(.text)
    __errno$intlibspace                      0x08000571   Thumb Code     0  rt_errno_addr_intlibspace.o(.text)
    __rt_errno_addr$intlibspace              0x08000571   Thumb Code     0  rt_errno_addr_intlibspace.o(.text)
    __user_libspace                          0x08000579   Thumb Code     8  libspace.o(.text)
    __user_perproc_libspace                  0x08000579   Thumb Code     0  libspace.o(.text)
    __user_perthread_libspace                0x08000579   Thumb Code     0  libspace.o(.text)
    __user_setup_stackheap                   0x08000581   Thumb Code    74  sys_stackheap_outer.o(.text)
    exit                                     0x080005cb   Thumb Code    18  exit.o(.text)
    _sys_exit                                0x080005dd   Thumb Code     8  sys_exit.o(.text)
    __I$use$semihosting                      0x080005e9   Thumb Code     0  use_no_semi.o(.text)
    __use_no_semihosting_swi                 0x080005e9   Thumb Code     2  use_no_semi.o(.text)
    BusFault_Handler                         0x080005eb   Thumb Code     4  stm32h7xx_it.o(i.BusFault_Handler)
    __semihosting_library_function           0x080005eb   Thumb Code     0  indicate_semi.o(.text)
    Chassis_Init                             0x080005f1   Thumb Code   528  chassis.o(i.Chassis_Init)
    Chassis_TestControlFromRemote            0x0800082d   Thumb Code  1204  chassis.o(i.Chassis_TestControlFromRemote)
    DMA1_Stream0_IRQHandler                  0x08000ce9   Thumb Code    10  stm32h7xx_it.o(i.DMA1_Stream0_IRQHandler)
    DebugMon_Handler                         0x08001265   Thumb Code     2  stm32h7xx_it.o(i.DebugMon_Handler)
    Error_Handler                            0x08001267   Thumb Code     6  main.o(i.Error_Handler)
    ExitRun0Mode                             0x0800126d   Thumb Code    30  system_stm32h7xx.o(i.ExitRun0Mode)
    FDCAN1_IT0_IRQHandler                    0x08001291   Thumb Code    10  stm32h7xx_it.o(i.FDCAN1_IT0_IRQHandler)
    FDCAN1_IT1_IRQHandler                    0x080012a1   Thumb Code    10  stm32h7xx_it.o(i.FDCAN1_IT1_IRQHandler)
    FDCAN2_IT0_IRQHandler                    0x080012b1   Thumb Code    10  stm32h7xx_it.o(i.FDCAN2_IT0_IRQHandler)
    FDCAN2_IT1_IRQHandler                    0x080012c1   Thumb Code    10  stm32h7xx_it.o(i.FDCAN2_IT1_IRQHandler)
    FDCAN3_IT0_IRQHandler                    0x080012d1   Thumb Code    10  stm32h7xx_it.o(i.FDCAN3_IT0_IRQHandler)
    FDCAN3_IT1_IRQHandler                    0x080012e1   Thumb Code    10  stm32h7xx_it.o(i.FDCAN3_IT1_IRQHandler)
    FDCAN_Filter_Init                        0x080015e1   Thumb Code   216  fdcanfilter.o(i.FDCAN_Filter_Init)
    FDCAN_Init                               0x080016c5   Thumb Code   276  fdcanhandler.o(i.FDCAN_Init)
    FDCAN_Send_Msg                           0x08001805   Thumb Code    54  fdcanbsp.o(i.FDCAN_Send_Msg)
    FDCAN_TxTypeDef_Init                     0x0800183b   Thumb Code    56  fdcanbsp.o(i.FDCAN_TxTypeDef_Init)
    HAL_DMA_Abort                            0x08001875   Thumb Code  1236  stm32h7xx_hal_dma.o(i.HAL_DMA_Abort)
    HAL_DMA_Abort_IT                         0x08001d51   Thumb Code   906  stm32h7xx_hal_dma.o(i.HAL_DMA_Abort_IT)
    HAL_DMA_IRQHandler                       0x080020e9   Thumb Code  2798  stm32h7xx_hal_dma.o(i.HAL_DMA_IRQHandler)
    HAL_DMA_Init                             0x08002be1   Thumb Code  1292  stm32h7xx_hal_dma.o(i.HAL_DMA_Init)
    HAL_DMA_Start_IT                         0x080030f5   Thumb Code   980  stm32h7xx_hal_dma.o(i.HAL_DMA_Start_IT)
    HAL_FDCAN_ActivateNotification           0x080034d5   Thumb Code   158  stm32h7xx_hal_fdcan.o(i.HAL_FDCAN_ActivateNotification)
    HAL_FDCAN_AddMessageToTxBuffer           0x0800357d   Thumb Code   136  stm32h7xx_hal_fdcan.o(i.HAL_FDCAN_AddMessageToTxBuffer)
    HAL_FDCAN_AddMessageToTxFifoQ            0x08003605   Thumb Code   144  stm32h7xx_hal_fdcan.o(i.HAL_FDCAN_AddMessageToTxFifoQ)
    HAL_FDCAN_ClockCalibrationCallback       0x08003695   Thumb Code     2  stm32h7xx_hal_fdcan.o(i.HAL_FDCAN_ClockCalibrationCallback)
    HAL_FDCAN_ConfigFilter                   0x08003697   Thumb Code   168  stm32h7xx_hal_fdcan.o(i.HAL_FDCAN_ConfigFilter)
    HAL_FDCAN_EnableTxBufferRequest          0x0800373f   Thumb Code    36  stm32h7xx_hal_fdcan.o(i.HAL_FDCAN_EnableTxBufferRequest)
    HAL_FDCAN_ErrorCallback                  0x08003763   Thumb Code     2  stm32h7xx_hal_fdcan.o(i.HAL_FDCAN_ErrorCallback)
    HAL_FDCAN_ErrorStatusCallback            0x08003765   Thumb Code     2  stm32h7xx_hal_fdcan.o(i.HAL_FDCAN_ErrorStatusCallback)
    HAL_FDCAN_GetRxMessage                   0x08003769   Thumb Code   494  stm32h7xx_hal_fdcan.o(i.HAL_FDCAN_GetRxMessage)
    HAL_FDCAN_HighPriorityMessageCallback    0x0800395d   Thumb Code     2  stm32h7xx_hal_fdcan.o(i.HAL_FDCAN_HighPriorityMessageCallback)
    HAL_FDCAN_IRQHandler                     0x08003961   Thumb Code   966  stm32h7xx_hal_fdcan.o(i.HAL_FDCAN_IRQHandler)
    HAL_FDCAN_Init                           0x08003d35   Thumb Code   726  stm32h7xx_hal_fdcan.o(i.HAL_FDCAN_Init)
    HAL_FDCAN_MspInit                        0x08004015   Thumb Code   548  fdcan.o(i.HAL_FDCAN_MspInit)
    HAL_FDCAN_RxBufferNewMessageCallback     0x08004255   Thumb Code     2  stm32h7xx_hal_fdcan.o(i.HAL_FDCAN_RxBufferNewMessageCallback)
    HAL_FDCAN_RxFifo0Callback                0x08004259   Thumb Code   298  chassis.o(i.HAL_FDCAN_RxFifo0Callback)
    HAL_FDCAN_RxFifo1Callback                0x08004399   Thumb Code     2  stm32h7xx_hal_fdcan.o(i.HAL_FDCAN_RxFifo1Callback)
    HAL_FDCAN_Start                          0x0800439b   Thumb Code    52  stm32h7xx_hal_fdcan.o(i.HAL_FDCAN_Start)
    HAL_FDCAN_TT_GlobalTimeCallback          0x080043cf   Thumb Code     2  stm32h7xx_hal_fdcan.o(i.HAL_FDCAN_TT_GlobalTimeCallback)
    HAL_FDCAN_TT_ScheduleSyncCallback        0x080043d1   Thumb Code     2  stm32h7xx_hal_fdcan.o(i.HAL_FDCAN_TT_ScheduleSyncCallback)
    HAL_FDCAN_TT_StopWatchCallback           0x080043d3   Thumb Code     2  stm32h7xx_hal_fdcan.o(i.HAL_FDCAN_TT_StopWatchCallback)
    HAL_FDCAN_TT_TimeMarkCallback            0x080043d5   Thumb Code     2  stm32h7xx_hal_fdcan.o(i.HAL_FDCAN_TT_TimeMarkCallback)
    HAL_FDCAN_TimeoutOccurredCallback        0x080043d7   Thumb Code     2  stm32h7xx_hal_fdcan.o(i.HAL_FDCAN_TimeoutOccurredCallback)
    HAL_FDCAN_TimestampWraparoundCallback    0x080043d9   Thumb Code     2  stm32h7xx_hal_fdcan.o(i.HAL_FDCAN_TimestampWraparoundCallback)
    HAL_FDCAN_TxBufferAbortCallback          0x080043db   Thumb Code     2  stm32h7xx_hal_fdcan.o(i.HAL_FDCAN_TxBufferAbortCallback)
    HAL_FDCAN_TxBufferCompleteCallback       0x080043dd   Thumb Code     2  stm32h7xx_hal_fdcan.o(i.HAL_FDCAN_TxBufferCompleteCallback)
    HAL_FDCAN_TxEventFifoCallback            0x080043df   Thumb Code     2  stm32h7xx_hal_fdcan.o(i.HAL_FDCAN_TxEventFifoCallback)
    HAL_FDCAN_TxFifoEmptyCallback            0x080043e1   Thumb Code     2  stm32h7xx_hal_fdcan.o(i.HAL_FDCAN_TxFifoEmptyCallback)
    HAL_GPIO_Init                            0x080043e5   Thumb Code   446  stm32h7xx_hal_gpio.o(i.HAL_GPIO_Init)
    HAL_GPIO_WritePin                        0x080045d5   Thumb Code    12  stm32h7xx_hal_gpio.o(i.HAL_GPIO_WritePin)
    HAL_GetTick                              0x080045e1   Thumb Code     6  stm32h7xx_hal.o(i.HAL_GetTick)
    HAL_IncTick                              0x080045ed   Thumb Code    16  stm32h7xx_hal.o(i.HAL_IncTick)
    HAL_Init                                 0x08004605   Thumb Code    80  stm32h7xx_hal.o(i.HAL_Init)
    HAL_InitTick                             0x08004665   Thumb Code   140  stm32h7xx_hal_timebase_tim.o(i.HAL_InitTick)
    HAL_MPU_ConfigRegion                     0x08004705   Thumb Code    86  stm32h7xx_hal_cortex.o(i.HAL_MPU_ConfigRegion)
    HAL_MPU_Disable                          0x08004761   Thumb Code    38  stm32h7xx_hal_cortex.o(i.HAL_MPU_Disable)
    HAL_MPU_Enable                           0x0800478d   Thumb Code    58  stm32h7xx_hal_cortex.o(i.HAL_MPU_Enable)
    HAL_MspInit                              0x080047cd   Thumb Code    32  stm32h7xx_hal_msp.o(i.HAL_MspInit)
    HAL_NVIC_EnableIRQ                       0x080047f1   Thumb Code    40  stm32h7xx_hal_cortex.o(i.HAL_NVIC_EnableIRQ)
    HAL_NVIC_SetPriority                     0x08004819   Thumb Code   122  stm32h7xx_hal_cortex.o(i.HAL_NVIC_SetPriority)
    HAL_NVIC_SetPriorityGrouping             0x08004895   Thumb Code    32  stm32h7xx_hal_cortex.o(i.HAL_NVIC_SetPriorityGrouping)
    HAL_PWREx_ConfigSupply                   0x080048bd   Thumb Code    90  stm32h7xx_hal_pwr_ex.o(i.HAL_PWREx_ConfigSupply)
    HAL_RCCEx_GetD3PCLK1Freq                 0x0800491d   Thumb Code    26  stm32h7xx_hal_rcc_ex.o(i.HAL_RCCEx_GetD3PCLK1Freq)
    HAL_RCCEx_GetPLL2ClockFreq               0x08004941   Thumb Code   536  stm32h7xx_hal_rcc_ex.o(i.HAL_RCCEx_GetPLL2ClockFreq)
    HAL_RCCEx_GetPLL3ClockFreq               0x08004b71   Thumb Code   536  stm32h7xx_hal_rcc_ex.o(i.HAL_RCCEx_GetPLL3ClockFreq)
    HAL_RCCEx_PeriphCLKConfig                0x08004da1   Thumb Code  3272  stm32h7xx_hal_rcc_ex.o(i.HAL_RCCEx_PeriphCLKConfig)
    HAL_RCC_ClockConfig                      0x08005a69   Thumb Code   774  stm32h7xx_hal_rcc.o(i.HAL_RCC_ClockConfig)
    HAL_RCC_GetClockConfig                   0x08005d89   Thumb Code    98  stm32h7xx_hal_rcc.o(i.HAL_RCC_GetClockConfig)
    HAL_RCC_GetHCLKFreq                      0x08005df5   Thumb Code    60  stm32h7xx_hal_rcc.o(i.HAL_RCC_GetHCLKFreq)
    HAL_RCC_GetPCLK1Freq                     0x08005e41   Thumb Code    26  stm32h7xx_hal_rcc.o(i.HAL_RCC_GetPCLK1Freq)
    HAL_RCC_GetPCLK2Freq                     0x08005e65   Thumb Code    26  stm32h7xx_hal_rcc.o(i.HAL_RCC_GetPCLK2Freq)
    HAL_RCC_GetSysClockFreq                  0x08005e89   Thumb Code   524  stm32h7xx_hal_rcc.o(i.HAL_RCC_GetSysClockFreq)
    HAL_RCC_OscConfig                        0x080060b5   Thumb Code  1874  stm32h7xx_hal_rcc.o(i.HAL_RCC_OscConfig)
    HAL_TIMEx_Break2Callback                 0x08006811   Thumb Code     2  stm32h7xx_hal_tim_ex.o(i.HAL_TIMEx_Break2Callback)
    HAL_TIMEx_BreakCallback                  0x08006813   Thumb Code     2  stm32h7xx_hal_tim_ex.o(i.HAL_TIMEx_BreakCallback)
    HAL_TIMEx_CommutCallback                 0x08006815   Thumb Code     2  stm32h7xx_hal_tim_ex.o(i.HAL_TIMEx_CommutCallback)
    HAL_TIMEx_MasterConfigSynchronization    0x08006819   Thumb Code   190  stm32h7xx_hal_tim_ex.o(i.HAL_TIMEx_MasterConfigSynchronization)
    HAL_TIM_Base_Init                        0x080068fd   Thumb Code   110  stm32h7xx_hal_tim.o(i.HAL_TIM_Base_Init)
    HAL_TIM_Base_MspInit                     0x0800696d   Thumb Code    58  tim.o(i.HAL_TIM_Base_MspInit)
    HAL_TIM_Base_Start_IT                    0x080069b1   Thumb Code   162  stm32h7xx_hal_tim.o(i.HAL_TIM_Base_Start_IT)
    HAL_TIM_IC_CaptureCallback               0x08006a7d   Thumb Code     2  stm32h7xx_hal_tim.o(i.HAL_TIM_IC_CaptureCallback)
    HAL_TIM_IRQHandler                       0x08006a7f   Thumb Code   408  stm32h7xx_hal_tim.o(i.HAL_TIM_IRQHandler)
    HAL_TIM_OC_DelayElapsedCallback          0x08006c17   Thumb Code     2  stm32h7xx_hal_tim.o(i.HAL_TIM_OC_DelayElapsedCallback)
    HAL_TIM_PWM_PulseFinishedCallback        0x08006c19   Thumb Code     2  stm32h7xx_hal_tim.o(i.HAL_TIM_PWM_PulseFinishedCallback)
    HAL_TIM_PeriodElapsedCallback            0x08006c1d   Thumb Code    52  main.o(i.HAL_TIM_PeriodElapsedCallback)
    HAL_TIM_TriggerCallback                  0x08006c5d   Thumb Code     2  stm32h7xx_hal_tim.o(i.HAL_TIM_TriggerCallback)
    HAL_UARTEx_DisableFifoMode               0x08006c5f   Thumb Code    78  stm32h7xx_hal_uart_ex.o(i.HAL_UARTEx_DisableFifoMode)
    HAL_UARTEx_ReceiveToIdle_DMA             0x08006cad   Thumb Code    98  stm32h7xx_hal_uart_ex.o(i.HAL_UARTEx_ReceiveToIdle_DMA)
    HAL_UARTEx_RxEventCallback               0x08006d0f   Thumb Code    16  main.o(i.HAL_UARTEx_RxEventCallback)
    HAL_UARTEx_RxFifoFullCallback            0x08006d1f   Thumb Code     2  stm32h7xx_hal_uart_ex.o(i.HAL_UARTEx_RxFifoFullCallback)
    HAL_UARTEx_SetRxFifoThreshold            0x08006d21   Thumb Code    94  stm32h7xx_hal_uart_ex.o(i.HAL_UARTEx_SetRxFifoThreshold)
    HAL_UARTEx_SetTxFifoThreshold            0x08006d7f   Thumb Code    94  stm32h7xx_hal_uart_ex.o(i.HAL_UARTEx_SetTxFifoThreshold)
    HAL_UARTEx_TxFifoEmptyCallback           0x08006ddd   Thumb Code     2  stm32h7xx_hal_uart_ex.o(i.HAL_UARTEx_TxFifoEmptyCallback)
    HAL_UARTEx_WakeupCallback                0x08006ddf   Thumb Code     2  stm32h7xx_hal_uart_ex.o(i.HAL_UARTEx_WakeupCallback)
    HAL_UART_ErrorCallback                   0x08006de1   Thumb Code     2  stm32h7xx_hal_uart.o(i.HAL_UART_ErrorCallback)
    HAL_UART_IRQHandler                      0x08006de5   Thumb Code  1206  stm32h7xx_hal_uart.o(i.HAL_UART_IRQHandler)
    HAL_UART_Init                            0x0800729b   Thumb Code   120  stm32h7xx_hal_uart.o(i.HAL_UART_Init)
    HAL_UART_MspInit                         0x08007315   Thumb Code   448  usart.o(i.HAL_UART_MspInit)
    HAL_UART_RxCpltCallback                  0x080074f5   Thumb Code     2  stm32h7xx_hal_uart.o(i.HAL_UART_RxCpltCallback)
    HAL_UART_RxHalfCpltCallback              0x080074f7   Thumb Code     2  stm32h7xx_hal_uart.o(i.HAL_UART_RxHalfCpltCallback)
    HAL_UART_TxCpltCallback                  0x080074f9   Thumb Code     2  stm32h7xx_hal_uart.o(i.HAL_UART_TxCpltCallback)
    HardFault_Handler                        0x080074fb   Thumb Code     4  stm32h7xx_it.o(i.HardFault_Handler)
    MX_DMA_Init                              0x08007555   Thumb Code    48  dma.o(i.MX_DMA_Init)
    MX_FDCAN1_Init                           0x08007589   Thumb Code   124  fdcan.o(i.MX_FDCAN1_Init)
    MX_FDCAN2_Init                           0x0800760d   Thumb Code   124  fdcan.o(i.MX_FDCAN2_Init)
    MX_FDCAN3_Init                           0x08007691   Thumb Code   124  fdcan.o(i.MX_FDCAN3_Init)
    MX_GPIO_Init                             0x08007715   Thumb Code   182  gpio.o(i.MX_GPIO_Init)
    MX_TIM6_Init                             0x080077d5   Thumb Code    68  tim.o(i.MX_TIM6_Init)
    MX_UART5_Init                            0x08007821   Thumb Code   104  usart.o(i.MX_UART5_Init)
    MX_USART10_UART_Init                     0x08007895   Thumb Code    98  usart.o(i.MX_USART10_UART_Init)
    MemManage_Handler                        0x08007901   Thumb Code     4  stm32h7xx_it.o(i.MemManage_Handler)
    NMI_Handler                              0x08007905   Thumb Code     4  stm32h7xx_it.o(i.NMI_Handler)
    PID_Init                                 0x08007909   Thumb Code    50  my_pid.o(i.PID_Init)
    PID_Update                               0x08007941   Thumb Code   166  my_pid.o(i.PID_Update)
    PendSV_Handler                           0x080079ed   Thumb Code     2  stm32h7xx_it.o(i.PendSV_Handler)
    Remote_Data_Resolving                    0x08007cb9   Thumb Code   152  remote.o(i.Remote_Data_Resolving)
    Remote_Init                              0x08007d55   Thumb Code   332  remote.o(i.Remote_Init)
    Remote_Is_Online                         0x08007eb5   Thumb Code    30  remote.o(i.Remote_Is_Online)
    Remote_Reset                             0x08007edd   Thumb Code    18  remote.o(i.Remote_Reset)
    Remote_RxCallback                        0x08007ef1   Thumb Code   354  remote.o(i.Remote_RxCallback)
    SVC_Handler                              0x0800806d   Thumb Code     2  stm32h7xx_it.o(i.SVC_Handler)
    SendChassisInstruction                   0x08008071   Thumb Code    14  fdcanhandler.o(i.SendChassisInstruction)
    SysTick_Handler                          0x08008085   Thumb Code     2  stm32h7xx_it.o(i.SysTick_Handler)
    SystemClock_Config                       0x08008089   Thumb Code   180  main.o(i.SystemClock_Config)
    SystemInit                               0x08008141   Thumb Code   236  system_stm32h7xx.o(i.SystemInit)
    TIM6_DAC_IRQHandler                      0x0800824d   Thumb Code    10  stm32h7xx_it.o(i.TIM6_DAC_IRQHandler)
    TIM7_IRQHandler                          0x0800825d   Thumb Code    10  stm32h7xx_it.o(i.TIM7_IRQHandler)
    TIM_Base_SetConfig                       0x0800826d   Thumb Code   190  stm32h7xx_hal_tim.o(i.TIM_Base_SetConfig)
    UART5_IRQHandler                         0x08008355   Thumb Code    10  stm32h7xx_it.o(i.UART5_IRQHandler)
    UART_AdvFeatureConfig                    0x080083bd   Thumb Code   248  stm32h7xx_hal_uart.o(i.UART_AdvFeatureConfig)
    UART_CheckIdleState                      0x080084b5   Thumb Code   234  stm32h7xx_hal_uart.o(i.UART_CheckIdleState)
    UART_SetConfig                           0x080087c1   Thumb Code  1558  stm32h7xx_hal_uart.o(i.UART_SetConfig)
    UART_Start_Receive_DMA                   0x08008de9   Thumb Code   186  stm32h7xx_hal_uart.o(i.UART_Start_Receive_DMA)
    UART_WaitOnFlagUntilTimeout              0x08008eb1   Thumb Code   172  stm32h7xx_hal_uart.o(i.UART_WaitOnFlagUntilTimeout)
    USART10_IRQHandler                       0x08008f5d   Thumb Code    10  stm32h7xx_it.o(i.USART10_IRQHandler)
    UsageFault_Handler                       0x08008f6d   Thumb Code     4  stm32h7xx_it.o(i.UsageFault_Handler)
    __ARM_fpclassifyf                        0x08008f71   Thumb Code    38  fpclassifyf.o(i.__ARM_fpclassifyf)
    __hardfp_atan2f                          0x08008fd1   Thumb Code   594  atan2f.o(i.__hardfp_atan2f)
    __hardfp_sqrtf                           0x08009285   Thumb Code    58  sqrtf.o(i.__hardfp_sqrtf)
    __mathlib_flt_infnan2                    0x080092bf   Thumb Code     6  funder.o(i.__mathlib_flt_infnan2)
    __mathlib_flt_underflow                  0x080092c5   Thumb Code    10  funder.o(i.__mathlib_flt_underflow)
    main                                     0x080092d5   Thumb Code    72  main.o(i.main)
    _fp_init                                 0x08009325   Thumb Code    10  fpinit.o(x$fpl$fpinit)
    __fplib_config_fpu_vfp                   0x0800932d   Thumb Code     0  fpinit.o(x$fpl$fpinit)
    __fplib_config_pureend_doubles           0x0800932d   Thumb Code     0  fpinit.o(x$fpl$fpinit)
    __I$use$fp                               0x0800932e   Number         0  usenofp.o(x$fpl$usenofp)
    UARTPrescTable                           0x08009394   Data          24  stm32h7xx_hal_uart.o(.constdata)
    D1CorePrescTable                         0x080093bc   Data          16  system_stm32h7xx.o(.constdata)
    Region$$Table$$Base                      0x080093ec   Number         0  anon$$obj.o(Region$$Table)
    Region$$Table$$Limit                     0x0800940c   Number         0  anon$$obj.o(Region$$Table)
    uwTick                                   0x24000008   Data           4  stm32h7xx_hal.o(.data)
    uwTickPrio                               0x2400000c   Data           4  stm32h7xx_hal.o(.data)
    uwTickFreq                               0x24000010   Data           1  stm32h7xx_hal.o(.data)
    SystemCoreClock                          0x24000014   Data           4  system_stm32h7xx.o(.data)
    SystemD2Clock                            0x24000018   Data           4  system_stm32h7xx.o(.data)
    vx                                       0x24000020   Data           4  chassis.o(.data)
    vy                                       0x24000024   Data           4  chassis.o(.data)
    wz                                       0x24000028   Data           4  chassis.o(.data)
    wheel_vx                                 0x2400002c   Data           4  chassis.o(.data)
    wheel_vy                                 0x24000030   Data           4  chassis.o(.data)
    calibration_wheel                        0x24000034   Data          16  chassis.o(.data)
    calibration_yaw                          0x24000044   Data          16  chassis.o(.data)
    yaw_target_deg                           0x24000054   Data           4  chassis.o(.data)
    yaw_now                                  0x24000058   Data           4  chassis.o(.data)
    yaw_err                                  0x2400005c   Data           4  chassis.o(.data)
    hfdcan1                                  0x24000060   Data         160  fdcan.o(.bss)
    hfdcan2                                  0x24000100   Data         160  fdcan.o(.bss)
    hfdcan3                                  0x240001a0   Data         160  fdcan.o(.bss)
    htim6                                    0x24000240   Data          76  tim.o(.bss)
    huart5                                   0x2400028c   Data         148  usart.o(.bss)
    huart10                                  0x24000320   Data         148  usart.o(.bss)
    hdma_uart5_rx                            0x240003b4   Data         120  usart.o(.bss)
    htim7                                    0x2400042c   Data          76  stm32h7xx_hal_timebase_tim.o(.bss)
    ChassisTxHandle                          0x24000478   Data          48  fdcanhandler.o(.bss)
    LkmtechTxHandle                          0x240004a8   Data          48  fdcanhandler.o(.bss)
    SuperCapTxHandle                         0x240004d8   Data          48  fdcanhandler.o(.bss)
    SuperCapInitHandle                       0x24000508   Data          48  fdcanhandler.o(.bss)
    DM_MotorPosVelTxHandle                   0x24000538   Data          48  fdcanhandler.o(.bss)
    DM_MotorVelTxHandle                      0x24000568   Data          48  fdcanhandler.o(.bss)
    DM_MotorForPosTxHandle                   0x24000598   Data          48  fdcanhandler.o(.bss)
    DM_MotorTxHandle                         0x240005c8   Data          48  fdcanhandler.o(.bss)
    DM_MotorParaTxHandle                     0x240005f8   Data          48  fdcanhandler.o(.bss)
    RC                                       0x24000628   Data          12  remote.o(.bss)
    Remote_Buffer                            0x24000634   Data          18  remote.o(.bss)
    SwerveModule                             0x24000648   Data         112  chassis.o(.bss)
    ChassisTxBuf                             0x240006b8   Data          16  chassis.o(.bss)
    YawAnglePID                              0x240006c8   Data         176  chassis.o(.bss)
    YawSpeedPID                              0x24000778   Data         176  chassis.o(.bss)
    WheelSpeedPID                            0x24000828   Data         176  chassis.o(.bss)
    __libspace_start                         0x240008d8   Data          96  libspace.o(.bss)
    __temporary_stack_top$libspace           0x24000938   Data           0  libspace.o(.bss)



==============================================================================

Memory Map of the image

  Image Entry point : 0x080002cd

  Load Region LR_IROM1 (Base: 0x08000000, Size: 0x0000946c, Max: 0x00100000, ABSOLUTE)

    Execution Region ER_IROM1 (Exec base: 0x08000000, Load base: 0x08000000, Size: 0x0000940c, Max: 0x00100000, ABSOLUTE)

    Exec Addr    Load Addr    Size         Type   Attr      Idx    E Section Name        Object

    0x08000000   0x08000000   0x000002cc   Data   RO            3    RESET               startup_stm32h723xx.o
    0x080002cc   0x080002cc   0x00000008   Code   RO         5773  * !!!main             c_w.l(__main.o)
    0x080002d4   0x080002d4   0x00000034   Code   RO         5990    !!!scatter          c_w.l(__scatter.o)
    0x08000308   0x08000308   0x0000001a   Code   RO         5992    !!handler_copy      c_w.l(__scatter_copy.o)
    0x08000322   0x08000322   0x00000002   PAD
    0x08000324   0x08000324   0x0000001c   Code   RO         5994    !!handler_zi        c_w.l(__scatter_zi.o)
    0x08000340   0x08000340   0x00000002   Code   RO         5861    .ARM.Collect$$libinit$$00000000  c_w.l(libinit.o)
    0x08000342   0x08000342   0x00000004   Code   RO         5870    .ARM.Collect$$libinit$$00000001  c_w.l(libinit2.o)
    0x08000346   0x08000346   0x00000000   Code   RO         5873    .ARM.Collect$$libinit$$00000004  c_w.l(libinit2.o)
    0x08000346   0x08000346   0x00000000   Code   RO         5876    .ARM.Collect$$libinit$$0000000A  c_w.l(libinit2.o)
    0x08000346   0x08000346   0x00000000   Code   RO         5878    .ARM.Collect$$libinit$$0000000C  c_w.l(libinit2.o)
    0x08000346   0x08000346   0x00000000   Code   RO         5880    .ARM.Collect$$libinit$$0000000E  c_w.l(libinit2.o)
    0x08000346   0x08000346   0x00000000   Code   RO         5883    .ARM.Collect$$libinit$$00000011  c_w.l(libinit2.o)
    0x08000346   0x08000346   0x00000000   Code   RO         5885    .ARM.Collect$$libinit$$00000013  c_w.l(libinit2.o)
    0x08000346   0x08000346   0x00000000   Code   RO         5887    .ARM.Collect$$libinit$$00000015  c_w.l(libinit2.o)
    0x08000346   0x08000346   0x00000000   Code   RO         5889    .ARM.Collect$$libinit$$00000017  c_w.l(libinit2.o)
    0x08000346   0x08000346   0x00000000   Code   RO         5891    .ARM.Collect$$libinit$$00000019  c_w.l(libinit2.o)
    0x08000346   0x08000346   0x00000000   Code   RO         5893    .ARM.Collect$$libinit$$0000001B  c_w.l(libinit2.o)
    0x08000346   0x08000346   0x00000000   Code   RO         5895    .ARM.Collect$$libinit$$0000001D  c_w.l(libinit2.o)
    0x08000346   0x08000346   0x00000000   Code   RO         5897    .ARM.Collect$$libinit$$0000001F  c_w.l(libinit2.o)
    0x08000346   0x08000346   0x00000000   Code   RO         5899    .ARM.Collect$$libinit$$00000021  c_w.l(libinit2.o)
    0x08000346   0x08000346   0x00000000   Code   RO         5901    .ARM.Collect$$libinit$$00000023  c_w.l(libinit2.o)
    0x08000346   0x08000346   0x00000000   Code   RO         5903    .ARM.Collect$$libinit$$00000025  c_w.l(libinit2.o)
    0x08000346   0x08000346   0x00000000   Code   RO         5907    .ARM.Collect$$libinit$$0000002C  c_w.l(libinit2.o)
    0x08000346   0x08000346   0x00000000   Code   RO         5909    .ARM.Collect$$libinit$$0000002E  c_w.l(libinit2.o)
    0x08000346   0x08000346   0x00000000   Code   RO         5911    .ARM.Collect$$libinit$$00000030  c_w.l(libinit2.o)
    0x08000346   0x08000346   0x00000000   Code   RO         5913    .ARM.Collect$$libinit$$00000032  c_w.l(libinit2.o)
    0x08000346   0x08000346   0x00000002   Code   RO         5914    .ARM.Collect$$libinit$$00000033  c_w.l(libinit2.o)
    0x08000348   0x08000348   0x00000002   Code   RO         5945    .ARM.Collect$$libshutdown$$00000000  c_w.l(libshutdown.o)
    0x0800034a   0x0800034a   0x00000000   Code   RO         5971    .ARM.Collect$$libshutdown$$00000002  c_w.l(libshutdown2.o)
    0x0800034a   0x0800034a   0x00000000   Code   RO         5973    .ARM.Collect$$libshutdown$$00000004  c_w.l(libshutdown2.o)
    0x0800034a   0x0800034a   0x00000000   Code   RO         5975    .ARM.Collect$$libshutdown$$00000006  c_w.l(libshutdown2.o)
    0x0800034a   0x0800034a   0x00000000   Code   RO         5978    .ARM.Collect$$libshutdown$$00000009  c_w.l(libshutdown2.o)
    0x0800034a   0x0800034a   0x00000000   Code   RO         5981    .ARM.Collect$$libshutdown$$0000000C  c_w.l(libshutdown2.o)
    0x0800034a   0x0800034a   0x00000000   Code   RO         5983    .ARM.Collect$$libshutdown$$0000000E  c_w.l(libshutdown2.o)
    0x0800034a   0x0800034a   0x00000000   Code   RO         5986    .ARM.Collect$$libshutdown$$00000011  c_w.l(libshutdown2.o)
    0x0800034a   0x0800034a   0x00000002   Code   RO         5987    .ARM.Collect$$libshutdown$$00000012  c_w.l(libshutdown2.o)
    0x0800034c   0x0800034c   0x00000000   Code   RO         5799    .ARM.Collect$$rtentry$$00000000  c_w.l(__rtentry.o)
    0x0800034c   0x0800034c   0x00000000   Code   RO         5824    .ARM.Collect$$rtentry$$00000002  c_w.l(__rtentry2.o)
    0x0800034c   0x0800034c   0x00000006   Code   RO         5836    .ARM.Collect$$rtentry$$00000004  c_w.l(__rtentry4.o)
    0x08000352   0x08000352   0x00000000   Code   RO         5826    .ARM.Collect$$rtentry$$00000009  c_w.l(__rtentry2.o)
    0x08000352   0x08000352   0x00000004   Code   RO         5827    .ARM.Collect$$rtentry$$0000000A  c_w.l(__rtentry2.o)
    0x08000356   0x08000356   0x00000000   Code   RO         5829    .ARM.Collect$$rtentry$$0000000C  c_w.l(__rtentry2.o)
    0x08000356   0x08000356   0x00000008   Code   RO         5830    .ARM.Collect$$rtentry$$0000000D  c_w.l(__rtentry2.o)
    0x0800035e   0x0800035e   0x00000002   Code   RO         5862    .ARM.Collect$$rtexit$$00000000  c_w.l(rtexit.o)
    0x08000360   0x08000360   0x00000000   Code   RO         5918    .ARM.Collect$$rtexit$$00000002  c_w.l(rtexit2.o)
    0x08000360   0x08000360   0x00000004   Code   RO         5919    .ARM.Collect$$rtexit$$00000003  c_w.l(rtexit2.o)
    0x08000364   0x08000364   0x00000006   Code   RO         5920    .ARM.Collect$$rtexit$$00000004  c_w.l(rtexit2.o)
    0x0800036a   0x0800036a   0x00000002   PAD
    0x0800036c   0x0800036c   0x00000048   Code   RO            4    .text               startup_stm32h723xx.o
    0x080003b4   0x080003b4   0x000000ee   Code   RO         5765    .text               c_w.l(lludivv7m.o)
    0x080004a2   0x080004a2   0x00000064   Code   RO         5767    .text               c_w.l(rt_memcpy_w.o)
    0x08000506   0x08000506   0x0000004e   Code   RO         5769    .text               c_w.l(rt_memclr_w.o)
    0x08000554   0x08000554   0x00000006   Code   RO         5771    .text               c_w.l(heapauxi.o)
    0x0800055a   0x0800055a   0x00000016   Code   RO         5804    .text               c_w.l(_rserrno.o)
    0x08000570   0x08000570   0x00000008   Code   RO         5843    .text               c_w.l(rt_errno_addr_intlibspace.o)
    0x08000578   0x08000578   0x00000008   Code   RO         5845    .text               c_w.l(libspace.o)
    0x08000580   0x08000580   0x0000004a   Code   RO         5848    .text               c_w.l(sys_stackheap_outer.o)
    0x080005ca   0x080005ca   0x00000012   Code   RO         5850    .text               c_w.l(exit.o)
    0x080005dc   0x080005dc   0x0000000c   Code   RO         5915    .text               c_w.l(sys_exit.o)
    0x080005e8   0x080005e8   0x00000002   Code   RO         5934    .text               c_w.l(use_no_semi.o)
    0x080005ea   0x080005ea   0x00000000   Code   RO         5936    .text               c_w.l(indicate_semi.o)
    0x080005ea   0x080005ea   0x00000004   Code   RO          429    i.BusFault_Handler  stm32h7xx_it.o
    0x080005ee   0x080005ee   0x00000002   PAD
    0x080005f0   0x080005f0   0x0000023c   Code   RO         5582    i.Chassis_Init      chassis.o
    0x0800082c   0x0800082c   0x000004bc   Code   RO         5583    i.Chassis_TestControlFromRemote  chassis.o
    0x08000ce8   0x08000ce8   0x00000010   Code   RO          430    i.DMA1_Stream0_IRQHandler  stm32h7xx_it.o
    0x08000cf8   0x08000cf8   0x000000ec   Code   RO         3160    i.DMA_CalcBaseAndBitshift  stm32h7xx_hal_dma.o
    0x08000de4   0x08000de4   0x000000c4   Code   RO         3161    i.DMA_CalcDMAMUXChannelBaseAndMask  stm32h7xx_hal_dma.o
    0x08000ea8   0x08000ea8   0x00000098   Code   RO         3162    i.DMA_CalcDMAMUXRequestGenBaseAndMask  stm32h7xx_hal_dma.o
    0x08000f40   0x08000f40   0x000000ae   Code   RO         3163    i.DMA_CheckFifoParam  stm32h7xx_hal_dma.o
    0x08000fee   0x08000fee   0x00000002   PAD
    0x08000ff0   0x08000ff0   0x00000274   Code   RO         3164    i.DMA_SetConfig     stm32h7xx_hal_dma.o
    0x08001264   0x08001264   0x00000002   Code   RO          431    i.DebugMon_Handler  stm32h7xx_it.o
    0x08001266   0x08001266   0x00000006   Code   RO           13    i.Error_Handler     main.o
    0x0800126c   0x0800126c   0x00000024   Code   RO         5349    i.ExitRun0Mode      system_stm32h7xx.o
    0x08001290   0x08001290   0x00000010   Code   RO          432    i.FDCAN1_IT0_IRQHandler  stm32h7xx_it.o
    0x080012a0   0x080012a0   0x00000010   Code   RO          433    i.FDCAN1_IT1_IRQHandler  stm32h7xx_it.o
    0x080012b0   0x080012b0   0x00000010   Code   RO          434    i.FDCAN2_IT0_IRQHandler  stm32h7xx_it.o
    0x080012c0   0x080012c0   0x00000010   Code   RO          435    i.FDCAN2_IT1_IRQHandler  stm32h7xx_it.o
    0x080012d0   0x080012d0   0x00000010   Code   RO          436    i.FDCAN3_IT0_IRQHandler  stm32h7xx_it.o
    0x080012e0   0x080012e0   0x00000010   Code   RO          437    i.FDCAN3_IT1_IRQHandler  stm32h7xx_it.o
    0x080012f0   0x080012f0   0x00000220   Code   RO         1822    i.FDCAN_CalcultateRamBlockAddresses  stm32h7xx_hal_fdcan.o
    0x08001510   0x08001510   0x000000d0   Code   RO         1823    i.FDCAN_CopyMessageToRAM  stm32h7xx_hal_fdcan.o
    0x080015e0   0x080015e0   0x000000e4   Code   RO         5428    i.FDCAN_Filter_Init  fdcanfilter.o
    0x080016c4   0x080016c4   0x00000140   Code   RO         5452    i.FDCAN_Init        fdcanhandler.o
    0x08001804   0x08001804   0x00000036   Code   RO         5392    i.FDCAN_Send_Msg    fdcanbsp.o
    0x0800183a   0x0800183a   0x00000038   Code   RO         5393    i.FDCAN_TxTypeDef_Init  fdcanbsp.o
    0x08001872   0x08001872   0x00000002   PAD
    0x08001874   0x08001874   0x000004dc   Code   RO         3165    i.HAL_DMA_Abort     stm32h7xx_hal_dma.o
    0x08001d50   0x08001d50   0x00000398   Code   RO         3166    i.HAL_DMA_Abort_IT  stm32h7xx_hal_dma.o
    0x080020e8   0x080020e8   0x00000af8   Code   RO         3170    i.HAL_DMA_IRQHandler  stm32h7xx_hal_dma.o
    0x08002be0   0x08002be0   0x00000514   Code   RO         3171    i.HAL_DMA_Init      stm32h7xx_hal_dma.o
    0x080030f4   0x080030f4   0x000003e0   Code   RO         3175    i.HAL_DMA_Start_IT  stm32h7xx_hal_dma.o
    0x080034d4   0x080034d4   0x000000a8   Code   RO         1825    i.HAL_FDCAN_ActivateNotification  stm32h7xx_hal_fdcan.o
    0x0800357c   0x0800357c   0x00000088   Code   RO         1826    i.HAL_FDCAN_AddMessageToTxBuffer  stm32h7xx_hal_fdcan.o
    0x08003604   0x08003604   0x00000090   Code   RO         1827    i.HAL_FDCAN_AddMessageToTxFifoQ  stm32h7xx_hal_fdcan.o
    0x08003694   0x08003694   0x00000002   Code   RO         1828    i.HAL_FDCAN_ClockCalibrationCallback  stm32h7xx_hal_fdcan.o
    0x08003696   0x08003696   0x000000a8   Code   RO         1832    i.HAL_FDCAN_ConfigFilter  stm32h7xx_hal_fdcan.o
    0x0800373e   0x0800373e   0x00000024   Code   RO         1851    i.HAL_FDCAN_EnableTxBufferRequest  stm32h7xx_hal_fdcan.o
    0x08003762   0x08003762   0x00000002   Code   RO         1854    i.HAL_FDCAN_ErrorCallback  stm32h7xx_hal_fdcan.o
    0x08003764   0x08003764   0x00000002   Code   RO         1855    i.HAL_FDCAN_ErrorStatusCallback  stm32h7xx_hal_fdcan.o
    0x08003766   0x08003766   0x00000002   PAD
    0x08003768   0x08003768   0x000001f4   Code   RO         1866    i.HAL_FDCAN_GetRxMessage  stm32h7xx_hal_fdcan.o
    0x0800395c   0x0800395c   0x00000002   Code   RO         1872    i.HAL_FDCAN_HighPriorityMessageCallback  stm32h7xx_hal_fdcan.o
    0x0800395e   0x0800395e   0x00000002   PAD
    0x08003960   0x08003960   0x000003d4   Code   RO         1873    i.HAL_FDCAN_IRQHandler  stm32h7xx_hal_fdcan.o
    0x08003d34   0x08003d34   0x000002e0   Code   RO         1874    i.HAL_FDCAN_Init    stm32h7xx_hal_fdcan.o
    0x08004014   0x08004014   0x00000240   Code   RO          285    i.HAL_FDCAN_MspInit  fdcan.o
    0x08004254   0x08004254   0x00000002   Code   RO         1883    i.HAL_FDCAN_RxBufferNewMessageCallback  stm32h7xx_hal_fdcan.o
    0x08004256   0x08004256   0x00000002   PAD
    0x08004258   0x08004258   0x00000140   Code   RO         5584    i.HAL_FDCAN_RxFifo0Callback  chassis.o
    0x08004398   0x08004398   0x00000002   Code   RO         1885    i.HAL_FDCAN_RxFifo1Callback  stm32h7xx_hal_fdcan.o
    0x0800439a   0x0800439a   0x00000034   Code   RO         1886    i.HAL_FDCAN_Start   stm32h7xx_hal_fdcan.o
    0x080043ce   0x080043ce   0x00000002   Code   RO         1908    i.HAL_FDCAN_TT_GlobalTimeCallback  stm32h7xx_hal_fdcan.o
    0x080043d0   0x080043d0   0x00000002   Code   RO         1909    i.HAL_FDCAN_TT_ScheduleSyncCallback  stm32h7xx_hal_fdcan.o
    0x080043d2   0x080043d2   0x00000002   Code   RO         1914    i.HAL_FDCAN_TT_StopWatchCallback  stm32h7xx_hal_fdcan.o
    0x080043d4   0x080043d4   0x00000002   Code   RO         1915    i.HAL_FDCAN_TT_TimeMarkCallback  stm32h7xx_hal_fdcan.o
    0x080043d6   0x080043d6   0x00000002   Code   RO         1916    i.HAL_FDCAN_TimeoutOccurredCallback  stm32h7xx_hal_fdcan.o
    0x080043d8   0x080043d8   0x00000002   Code   RO         1917    i.HAL_FDCAN_TimestampWraparoundCallback  stm32h7xx_hal_fdcan.o
    0x080043da   0x080043da   0x00000002   Code   RO         1918    i.HAL_FDCAN_TxBufferAbortCallback  stm32h7xx_hal_fdcan.o
    0x080043dc   0x080043dc   0x00000002   Code   RO         1919    i.HAL_FDCAN_TxBufferCompleteCallback  stm32h7xx_hal_fdcan.o
    0x080043de   0x080043de   0x00000002   Code   RO         1920    i.HAL_FDCAN_TxEventFifoCallback  stm32h7xx_hal_fdcan.o
    0x080043e0   0x080043e0   0x00000002   Code   RO         1921    i.HAL_FDCAN_TxFifoEmptyCallback  stm32h7xx_hal_fdcan.o
    0x080043e2   0x080043e2   0x00000002   PAD
    0x080043e4   0x080043e4   0x000001f0   Code   RO         3013    i.HAL_GPIO_Init     stm32h7xx_hal_gpio.o
    0x080045d4   0x080045d4   0x0000000c   Code   RO         3017    i.HAL_GPIO_WritePin  stm32h7xx_hal_gpio.o
    0x080045e0   0x080045e0   0x0000000c   Code   RO         3878    i.HAL_GetTick       stm32h7xx_hal.o
    0x080045ec   0x080045ec   0x00000018   Code   RO         3884    i.HAL_IncTick       stm32h7xx_hal.o
    0x08004604   0x08004604   0x00000060   Code   RO         3885    i.HAL_Init          stm32h7xx_hal.o
    0x08004664   0x08004664   0x000000a0   Code   RO          595    i.HAL_InitTick      stm32h7xx_hal_timebase_tim.o
    0x08004704   0x08004704   0x0000005c   Code   RO         1665    i.HAL_MPU_ConfigRegion  stm32h7xx_hal_cortex.o
    0x08004760   0x08004760   0x0000002c   Code   RO         1666    i.HAL_MPU_Disable   stm32h7xx_hal_cortex.o
    0x0800478c   0x0800478c   0x00000040   Code   RO         1668    i.HAL_MPU_Enable    stm32h7xx_hal_cortex.o
    0x080047cc   0x080047cc   0x00000024   Code   RO          571    i.HAL_MspInit       stm32h7xx_hal_msp.o
    0x080047f0   0x080047f0   0x00000028   Code   RO         1672    i.HAL_NVIC_EnableIRQ  stm32h7xx_hal_cortex.o
    0x08004818   0x08004818   0x0000007a   Code   RO         1678    i.HAL_NVIC_SetPriority  stm32h7xx_hal_cortex.o
    0x08004892   0x08004892   0x00000002   PAD
    0x08004894   0x08004894   0x00000028   Code   RO         1679    i.HAL_NVIC_SetPriorityGrouping  stm32h7xx_hal_cortex.o
    0x080048bc   0x080048bc   0x00000060   Code   RO         3614    i.HAL_PWREx_ConfigSupply  stm32h7xx_hal_pwr_ex.o
    0x0800491c   0x0800491c   0x00000024   Code   RO         2556    i.HAL_RCCEx_GetD3PCLK1Freq  stm32h7xx_hal_rcc_ex.o
    0x08004940   0x08004940   0x00000230   Code   RO         2558    i.HAL_RCCEx_GetPLL2ClockFreq  stm32h7xx_hal_rcc_ex.o
    0x08004b70   0x08004b70   0x00000230   Code   RO         2559    i.HAL_RCCEx_GetPLL3ClockFreq  stm32h7xx_hal_rcc_ex.o
    0x08004da0   0x08004da0   0x00000cc8   Code   RO         2565    i.HAL_RCCEx_PeriphCLKConfig  stm32h7xx_hal_rcc_ex.o
    0x08005a68   0x08005a68   0x00000320   Code   RO         2441    i.HAL_RCC_ClockConfig  stm32h7xx_hal_rcc.o
    0x08005d88   0x08005d88   0x0000006c   Code   RO         2445    i.HAL_RCC_GetClockConfig  stm32h7xx_hal_rcc.o
    0x08005df4   0x08005df4   0x0000004c   Code   RO         2446    i.HAL_RCC_GetHCLKFreq  stm32h7xx_hal_rcc.o
    0x08005e40   0x08005e40   0x00000024   Code   RO         2448    i.HAL_RCC_GetPCLK1Freq  stm32h7xx_hal_rcc.o
    0x08005e64   0x08005e64   0x00000024   Code   RO         2449    i.HAL_RCC_GetPCLK2Freq  stm32h7xx_hal_rcc.o
    0x08005e88   0x08005e88   0x0000022c   Code   RO         2450    i.HAL_RCC_GetSysClockFreq  stm32h7xx_hal_rcc.o
    0x080060b4   0x080060b4   0x0000075c   Code   RO         2453    i.HAL_RCC_OscConfig  stm32h7xx_hal_rcc.o
    0x08006810   0x08006810   0x00000002   Code   RO         1361    i.HAL_TIMEx_Break2Callback  stm32h7xx_hal_tim_ex.o
    0x08006812   0x08006812   0x00000002   Code   RO         1362    i.HAL_TIMEx_BreakCallback  stm32h7xx_hal_tim_ex.o
    0x08006814   0x08006814   0x00000002   Code   RO         1363    i.HAL_TIMEx_CommutCallback  stm32h7xx_hal_tim_ex.o
    0x08006816   0x08006816   0x00000002   PAD
    0x08006818   0x08006818   0x000000e4   Code   RO         1384    i.HAL_TIMEx_MasterConfigSynchronization  stm32h7xx_hal_tim_ex.o
    0x080068fc   0x080068fc   0x0000006e   Code   RO          636    i.HAL_TIM_Base_Init  stm32h7xx_hal_tim.o
    0x0800696a   0x0800696a   0x00000002   PAD
    0x0800696c   0x0800696c   0x00000044   Code   RO          340    i.HAL_TIM_Base_MspInit  tim.o
    0x080069b0   0x080069b0   0x000000cc   Code   RO          641    i.HAL_TIM_Base_Start_IT  stm32h7xx_hal_tim.o
    0x08006a7c   0x08006a7c   0x00000002   Code   RO          670    i.HAL_TIM_IC_CaptureCallback  stm32h7xx_hal_tim.o
    0x08006a7e   0x08006a7e   0x00000198   Code   RO          684    i.HAL_TIM_IRQHandler  stm32h7xx_hal_tim.o
    0x08006c16   0x08006c16   0x00000002   Code   RO          687    i.HAL_TIM_OC_DelayElapsedCallback  stm32h7xx_hal_tim.o
    0x08006c18   0x08006c18   0x00000002   Code   RO          714    i.HAL_TIM_PWM_PulseFinishedCallback  stm32h7xx_hal_tim.o
    0x08006c1a   0x08006c1a   0x00000002   PAD
    0x08006c1c   0x08006c1c   0x00000040   Code   RO           14    i.HAL_TIM_PeriodElapsedCallback  main.o
    0x08006c5c   0x08006c5c   0x00000002   Code   RO          727    i.HAL_TIM_TriggerCallback  stm32h7xx_hal_tim.o
    0x08006c5e   0x08006c5e   0x0000004e   Code   RO         5226    i.HAL_UARTEx_DisableFifoMode  stm32h7xx_hal_uart_ex.o
    0x08006cac   0x08006cac   0x00000062   Code   RO         5232    i.HAL_UARTEx_ReceiveToIdle_DMA  stm32h7xx_hal_uart_ex.o
    0x08006d0e   0x08006d0e   0x00000010   Code   RO           15    i.HAL_UARTEx_RxEventCallback  main.o
    0x08006d1e   0x08006d1e   0x00000002   Code   RO         5234    i.HAL_UARTEx_RxFifoFullCallback  stm32h7xx_hal_uart_ex.o
    0x08006d20   0x08006d20   0x0000005e   Code   RO         5235    i.HAL_UARTEx_SetRxFifoThreshold  stm32h7xx_hal_uart_ex.o
    0x08006d7e   0x08006d7e   0x0000005e   Code   RO         5236    i.HAL_UARTEx_SetTxFifoThreshold  stm32h7xx_hal_uart_ex.o
    0x08006ddc   0x08006ddc   0x00000002   Code   RO         5238    i.HAL_UARTEx_TxFifoEmptyCallback  stm32h7xx_hal_uart_ex.o
    0x08006dde   0x08006dde   0x00000002   Code   RO         5239    i.HAL_UARTEx_WakeupCallback  stm32h7xx_hal_uart_ex.o
    0x08006de0   0x08006de0   0x00000002   Code   RO         4826    i.HAL_UART_ErrorCallback  stm32h7xx_hal_uart.o
    0x08006de2   0x08006de2   0x00000002   PAD
    0x08006de4   0x08006de4   0x000004b6   Code   RO         4829    i.HAL_UART_IRQHandler  stm32h7xx_hal_uart.o
    0x0800729a   0x0800729a   0x00000078   Code   RO         4830    i.HAL_UART_Init     stm32h7xx_hal_uart.o
    0x08007312   0x08007312   0x00000002   PAD
    0x08007314   0x08007314   0x000001e0   Code   RO          382    i.HAL_UART_MspInit  usart.o
    0x080074f4   0x080074f4   0x00000002   Code   RO         4837    i.HAL_UART_RxCpltCallback  stm32h7xx_hal_uart.o
    0x080074f6   0x080074f6   0x00000002   Code   RO         4838    i.HAL_UART_RxHalfCpltCallback  stm32h7xx_hal_uart.o
    0x080074f8   0x080074f8   0x00000002   Code   RO         4842    i.HAL_UART_TxCpltCallback  stm32h7xx_hal_uart.o
    0x080074fa   0x080074fa   0x00000004   Code   RO          438    i.HardFault_Handler  stm32h7xx_it.o
    0x080074fe   0x080074fe   0x00000056   Code   RO           16    i.MPU_Config        main.o
    0x08007554   0x08007554   0x00000034   Code   RO          260    i.MX_DMA_Init       dma.o
    0x08007588   0x08007588   0x00000084   Code   RO          286    i.MX_FDCAN1_Init    fdcan.o
    0x0800760c   0x0800760c   0x00000084   Code   RO          287    i.MX_FDCAN2_Init    fdcan.o
    0x08007690   0x08007690   0x00000084   Code   RO          288    i.MX_FDCAN3_Init    fdcan.o
    0x08007714   0x08007714   0x000000c0   Code   RO          236    i.MX_GPIO_Init      gpio.o
    0x080077d4   0x080077d4   0x0000004c   Code   RO          341    i.MX_TIM6_Init      tim.o
    0x08007820   0x08007820   0x00000074   Code   RO          383    i.MX_UART5_Init     usart.o
    0x08007894   0x08007894   0x0000006c   Code   RO          384    i.MX_USART10_UART_Init  usart.o
    0x08007900   0x08007900   0x00000004   Code   RO          439    i.MemManage_Handler  stm32h7xx_it.o
    0x08007904   0x08007904   0x00000004   Code   RO          440    i.NMI_Handler       stm32h7xx_it.o
    0x08007908   0x08007908   0x00000038   Code   RO         5736    i.PID_Init          my_pid.o
    0x08007940   0x08007940   0x000000ac   Code   RO         5737    i.PID_Update        my_pid.o
    0x080079ec   0x080079ec   0x00000002   Code   RO          441    i.PendSV_Handler    stm32h7xx_it.o
    0x080079ee   0x080079ee   0x00000002   PAD
    0x080079f0   0x080079f0   0x00000164   Code   RO         2568    i.RCCEx_PLL2_Config  stm32h7xx_hal_rcc_ex.o
    0x08007b54   0x08007b54   0x00000164   Code   RO         2569    i.RCCEx_PLL3_Config  stm32h7xx_hal_rcc_ex.o
    0x08007cb8   0x08007cb8   0x0000009c   Code   RO         5527    i.Remote_Data_Resolving  remote.o
    0x08007d54   0x08007d54   0x00000160   Code   RO         5528    i.Remote_Init       remote.o
    0x08007eb4   0x08007eb4   0x00000028   Code   RO         5529    i.Remote_Is_Online  remote.o
    0x08007edc   0x08007edc   0x00000012   Code   RO         5530    i.Remote_Reset      remote.o
    0x08007eee   0x08007eee   0x00000002   PAD
    0x08007ef0   0x08007ef0   0x0000017c   Code   RO         5531    i.Remote_RxCallback  remote.o
    0x0800806c   0x0800806c   0x00000002   Code   RO          442    i.SVC_Handler       stm32h7xx_it.o
    0x0800806e   0x0800806e   0x00000002   PAD
    0x08008070   0x08008070   0x00000014   Code   RO         5453    i.SendChassisInstruction  fdcanhandler.o
    0x08008084   0x08008084   0x00000002   Code   RO          443    i.SysTick_Handler   stm32h7xx_it.o
    0x08008086   0x08008086   0x00000002   PAD
    0x08008088   0x08008088   0x000000b8   Code   RO           17    i.SystemClock_Config  main.o
    0x08008140   0x08008140   0x0000010c   Code   RO         5351    i.SystemInit        system_stm32h7xx.o
    0x0800824c   0x0800824c   0x00000010   Code   RO          444    i.TIM6_DAC_IRQHandler  stm32h7xx_it.o
    0x0800825c   0x0800825c   0x00000010   Code   RO          445    i.TIM7_IRQHandler   stm32h7xx_it.o
    0x0800826c   0x0800826c   0x000000e8   Code   RO          729    i.TIM_Base_SetConfig  stm32h7xx_hal_tim.o
    0x08008354   0x08008354   0x00000010   Code   RO          446    i.UART5_IRQHandler  stm32h7xx_it.o
    0x08008364   0x08008364   0x00000058   Code   RO         5240    i.UARTEx_SetNbDataToProcess  stm32h7xx_hal_uart_ex.o
    0x080083bc   0x080083bc   0x000000f8   Code   RO         4844    i.UART_AdvFeatureConfig  stm32h7xx_hal_uart.o
    0x080084b4   0x080084b4   0x000000ea   Code   RO         4845    i.UART_CheckIdleState  stm32h7xx_hal_uart.o
    0x0800859e   0x0800859e   0x00000014   Code   RO         4846    i.UART_DMAAbortOnError  stm32h7xx_hal_uart.o
    0x080085b2   0x080085b2   0x0000005e   Code   RO         4847    i.UART_DMAError     stm32h7xx_hal_uart.o
    0x08008610   0x08008610   0x000000ae   Code   RO         4848    i.UART_DMAReceiveCplt  stm32h7xx_hal_uart.o
    0x080086be   0x080086be   0x00000026   Code   RO         4850    i.UART_DMARxHalfCplt  stm32h7xx_hal_uart.o
    0x080086e4   0x080086e4   0x0000006c   Code   RO         4856    i.UART_EndRxTransfer  stm32h7xx_hal_uart.o
    0x08008750   0x08008750   0x00000030   Code   RO         4857    i.UART_EndTransmit_IT  stm32h7xx_hal_uart.o
    0x08008780   0x08008780   0x00000040   Code   RO         4858    i.UART_EndTxTransfer  stm32h7xx_hal_uart.o
    0x080087c0   0x080087c0   0x00000628   Code   RO         4863    i.UART_SetConfig    stm32h7xx_hal_uart.o
    0x08008de8   0x08008de8   0x000000c8   Code   RO         4864    i.UART_Start_Receive_DMA  stm32h7xx_hal_uart.o
    0x08008eb0   0x08008eb0   0x000000ac   Code   RO         4870    i.UART_WaitOnFlagUntilTimeout  stm32h7xx_hal_uart.o
    0x08008f5c   0x08008f5c   0x00000010   Code   RO          447    i.USART10_IRQHandler  stm32h7xx_it.o
    0x08008f6c   0x08008f6c   0x00000004   Code   RO          448    i.UsageFault_Handler  stm32h7xx_it.o
    0x08008f70   0x08008f70   0x00000026   Code   RO         5807    i.__ARM_fpclassifyf  m_wv.l(fpclassifyf.o)
    0x08008f96   0x08008f96   0x00000002   PAD
    0x08008f98   0x08008f98   0x00000010   Code   RO         1685    i.__NVIC_GetPriorityGrouping  stm32h7xx_hal_cortex.o
    0x08008fa8   0x08008fa8   0x00000028   Code   RO         1686    i.__NVIC_SetPriority  stm32h7xx_hal_cortex.o
    0x08008fd0   0x08008fd0   0x000002b4   Code   RO         5775    i.__hardfp_atan2f   m_wv.l(atan2f.o)
    0x08009284   0x08009284   0x0000003a   Code   RO         5787    i.__hardfp_sqrtf    m_wv.l(sqrtf.o)
    0x080092be   0x080092be   0x00000006   Code   RO         5811    i.__mathlib_flt_infnan2  m_wv.l(funder.o)
    0x080092c4   0x080092c4   0x00000010   Code   RO         5815    i.__mathlib_flt_underflow  m_wv.l(funder.o)
    0x080092d4   0x080092d4   0x00000050   Code   RO           18    i.main              main.o
    0x08009324   0x08009324   0x0000000a   Code   RO         5930    x$fpl$fpinit        fz_wv.l(fpinit.o)
    0x0800932e   0x0800932e   0x00000000   Code   RO         5806    x$fpl$usenofp       fz_wv.l(usenofp.o)
    0x0800932e   0x0800932e   0x00000002   PAD
    0x08009330   0x08009330   0x0000005c   Data   RO         1922    .constdata          stm32h7xx_hal_fdcan.o
    0x0800938c   0x0800938c   0x00000008   Data   RO         3177    .constdata          stm32h7xx_hal_dma.o
    0x08009394   0x08009394   0x00000018   Data   RO         4871    .constdata          stm32h7xx_hal_uart.o
    0x080093ac   0x080093ac   0x00000010   Data   RO         5242    .constdata          stm32h7xx_hal_uart_ex.o
    0x080093bc   0x080093bc   0x00000010   Data   RO         5352    .constdata          system_stm32h7xx.o
    0x080093cc   0x080093cc   0x00000020   Data   RO         5586    .constdata          chassis.o
    0x080093ec   0x080093ec   0x00000020   Data   RO         5988    Region$$Table       anon$$obj.o


    Execution Region RW_IRAM1 (Exec base: 0x20000000, Load base: 0x0800940c, Size: 0x00000000, Max: 0x00020000, ABSOLUTE)

    **** No section assigned to this execution region ****


    Execution Region RW_IRAM2 (Exec base: 0x24000000, Load base: 0x0800940c, Size: 0x00000f38, Max: 0x00050000, ABSOLUTE)

    Exec Addr    Load Addr    Size         Type   Attr      Idx    E Section Name        Object

    0x24000000   0x0800940c   0x00000001   Data   RW           19    .data               main.o
    0x24000001   0x0800940d   0x00000003   PAD
    0x24000004   0x08009410   0x00000004   Data   RW          290    .data               fdcan.o
    0x24000008   0x08009414   0x00000009   Data   RW         3909    .data               stm32h7xx_hal.o
    0x24000011   0x0800941d   0x00000003   PAD
    0x24000014   0x08009420   0x00000008   Data   RW         5353    .data               system_stm32h7xx.o
    0x2400001c   0x08009428   0x00000004   Data   RW         5533    .data               remote.o
    0x24000020   0x0800942c   0x00000040   Data   RW         5587    .data               chassis.o
    0x24000060        -       0x000001e0   Zero   RW          289    .bss                fdcan.o
    0x24000240        -       0x0000004c   Zero   RW          342    .bss                tim.o
    0x2400028c        -       0x000001a0   Zero   RW          385    .bss                usart.o
    0x2400042c        -       0x0000004c   Zero   RW          598    .bss                stm32h7xx_hal_timebase_tim.o
    0x24000478        -       0x000001b0   Zero   RW         5461    .bss                fdcanhandler.o
    0x24000628        -       0x0000001e   Zero   RW         5532    .bss                remote.o
    0x24000646   0x0800946c   0x00000002   PAD
    0x24000648        -       0x00000290   Zero   RW         5585    .bss                chassis.o
    0x240008d8        -       0x00000060   Zero   RW         5846    .bss                c_w.l(libspace.o)
    0x24000938        -       0x00000200   Zero   RW            2    HEAP                startup_stm32h723xx.o
    0x24000b38        -       0x00000400   Zero   RW            1    STACK               startup_stm32h723xx.o


==============================================================================

Image component sizes


      Code (inc. data)   RO Data    RW Data    ZI Data      Debug   Object Name

      2104        158         32         64        656       5765   chassis.o
        52          4          0          0          0        858   dma.o
       972         52          0          4        480       3501   fdcan.o
       110          0          0          0          0       2028   fdcanbsp.o
       228         12          0          0          0        732   fdcanfilter.o
       340         50          0          0        432       2248   fdcanhandler.o
       192         10          0          0          0       1083   gpio.o
       436         24          0          1          0    1223733   main.o
       228         12          0          0          0       1388   my_pid.o
       946         60          0          4         30       4319   remote.o
        72         30        716          0       1536        848   startup_stm32h723xx.o
       132         30          0          9          0      22374   stm32h7xx_hal.o
       458         40          0          0          0      41512   stm32h7xx_hal_cortex.o
      8650        164          8          0          0      13422   stm32h7xx_hal_dma.o
      3704         54         92          0          0      24068   stm32h7xx_hal_fdcan.o
       508         50          0          0          0       2236   stm32h7xx_hal_gpio.o
        36          4          0          0          0        906   stm32h7xx_hal_msp.o
        96          6          0          0          0        773   stm32h7xx_hal_pwr_ex.o
      3496        120          0          0          0       7601   stm32h7xx_hal_rcc.o
      5140        112          0          0          0       7337   stm32h7xx_hal_rcc_ex.o
       962         84          0          0          0       6191   stm32h7xx_hal_tim.o
       234         38          0          0          0       3296   stm32h7xx_hal_tim_ex.o
       160         20          0          0         76       1627   stm32h7xx_hal_timebase_tim.o
      4310        166         24          0          0      34924   stm32h7xx_hal_uart.o
       458         10         16          0          0       6465   stm32h7xx_hal_uart_ex.o
       204         66          0          0          0       9476   stm32h7xx_it.o
       304         38         16          8          0       1857   system_stm32h7xx.o
       144         18          0          0         76       1674   tim.o
       704         54          0          0        416       2757   usart.o

    ----------------------------------------------------------------------
     35414       1486        936         96       3704    1434999   Object Totals
         0          0         32          0          0          0   (incl. Generated)
        34          0          0          6          2          0   (incl. Padding)

    ----------------------------------------------------------------------

      Code (inc. data)   RO Data    RW Data    ZI Data      Debug   Library Member Name

         8          0          0          0          0         68   __main.o
         0          0          0          0          0          0   __rtentry.o
        12          0          0          0          0          0   __rtentry2.o
         6          0          0          0          0          0   __rtentry4.o
        52          8          0          0          0          0   __scatter.o
        26          0          0          0          0          0   __scatter_copy.o
        28          0          0          0          0          0   __scatter_zi.o
        22          0          0          0          0        100   _rserrno.o
        18          0          0          0          0         80   exit.o
         6          0          0          0          0        152   heapauxi.o
         0          0          0          0          0          0   indicate_semi.o
         2          0          0          0          0          0   libinit.o
         6          0          0          0          0          0   libinit2.o
         2          0          0          0          0          0   libshutdown.o
         2          0          0          0          0          0   libshutdown2.o
         8          4          0          0         96         68   libspace.o
       238          0          0          0          0        100   lludivv7m.o
         8          4          0          0          0         68   rt_errno_addr_intlibspace.o
        78          0          0          0          0         80   rt_memclr_w.o
       100          0          0          0          0         80   rt_memcpy_w.o
         2          0          0          0          0          0   rtexit.o
        10          0          0          0          0          0   rtexit2.o
        12          4          0          0          0         68   sys_exit.o
        74          0          0          0          0         80   sys_stackheap_outer.o
         2          0          0          0          0         68   use_no_semi.o
        10          0          0          0          0        116   fpinit.o
         0          0          0          0          0          0   usenofp.o
       692         98          0          0          0        208   atan2f.o
        38          0          0          0          0        116   fpclassifyf.o
        22          6          0          0          0        232   funder.o
        58          0          0          0          0        136   sqrtf.o

    ----------------------------------------------------------------------
      1550        124          0          0         96       1820   Library Totals
         8          0          0          0          0          0   (incl. Padding)

    ----------------------------------------------------------------------

      Code (inc. data)   RO Data    RW Data    ZI Data      Debug   Library Name

       722         20          0          0         96       1012   c_w.l
        10          0          0          0          0        116   fz_wv.l
       810        104          0          0          0        692   m_wv.l

    ----------------------------------------------------------------------
      1550        124          0          0         96       1820   Library Totals

    ----------------------------------------------------------------------

==============================================================================


      Code (inc. data)   RO Data    RW Data    ZI Data      Debug   

     36964       1610        936         96       3800    1421003   Grand Totals
     36964       1610        936         96       3800    1421003   ELF Image Totals
     36964       1610        936         96          0          0   ROM Totals

==============================================================================

    Total RO  Size (Code + RO Data)                37900 (  37.01kB)
    Total RW  Size (RW Data + ZI Data)              3896 (   3.80kB)
    Total ROM Size (Code + RO Data + RW Data)      37996 (  37.11kB)

==============================================================================

