Component: ARM Compiler 5.06 update 7 (build 960) Tool: armlink [4d3601]

==============================================================================

Section Cross References

    startup_stm32h723xx.o(STACK) refers (Special) to heapauxi.o(.text) for __use_two_region_memory
    startup_stm32h723xx.o(HEAP) refers (Special) to heapauxi.o(.text) for __use_two_region_memory
    startup_stm32h723xx.o(RESET) refers (Special) to heapauxi.o(.text) for __use_two_region_memory
    startup_stm32h723xx.o(RESET) refers to startup_stm32h723xx.o(STACK) for __initial_sp
    startup_stm32h723xx.o(RESET) refers to startup_stm32h723xx.o(.text) for Reset_Handler
    startup_stm32h723xx.o(RESET) refers to stm32h7xx_it.o(i.NMI_Handler) for NMI_Handler
    startup_stm32h723xx.o(RESET) refers to stm32h7xx_it.o(i.HardFault_Handler) for HardFault_Handler
    startup_stm32h723xx.o(RESET) refers to stm32h7xx_it.o(i.MemManage_Handler) for MemManage_Handler
    startup_stm32h723xx.o(RESET) refers to stm32h7xx_it.o(i.BusFault_Handler) for BusFault_Handler
    startup_stm32h723xx.o(RESET) refers to stm32h7xx_it.o(i.UsageFault_Handler) for UsageFault_Handler
    startup_stm32h723xx.o(RESET) refers to stm32h7xx_it.o(i.SVC_Handler) for SVC_Handler
    startup_stm32h723xx.o(RESET) refers to stm32h7xx_it.o(i.DebugMon_Handler) for DebugMon_Handler
    startup_stm32h723xx.o(RESET) refers to stm32h7xx_it.o(i.PendSV_Handler) for PendSV_Handler
    startup_stm32h723xx.o(RESET) refers to stm32h7xx_it.o(i.SysTick_Handler) for SysTick_Handler
    startup_stm32h723xx.o(RESET) refers to stm32h7xx_it.o(i.DMA1_Stream0_IRQHandler) for DMA1_Stream0_IRQHandler
    startup_stm32h723xx.o(RESET) refers to stm32h7xx_it.o(i.FDCAN1_IT0_IRQHandler) for FDCAN1_IT0_IRQHandler
    startup_stm32h723xx.o(RESET) refers to stm32h7xx_it.o(i.FDCAN2_IT0_IRQHandler) for FDCAN2_IT0_IRQHandler
    startup_stm32h723xx.o(RESET) refers to stm32h7xx_it.o(i.FDCAN1_IT1_IRQHandler) for FDCAN1_IT1_IRQHandler
    startup_stm32h723xx.o(RESET) refers to stm32h7xx_it.o(i.FDCAN2_IT1_IRQHandler) for FDCAN2_IT1_IRQHandler
    startup_stm32h723xx.o(RESET) refers to stm32h7xx_it.o(i.UART5_IRQHandler) for UART5_IRQHandler
    startup_stm32h723xx.o(RESET) refers to stm32h7xx_it.o(i.TIM6_DAC_IRQHandler) for TIM6_DAC_IRQHandler
    startup_stm32h723xx.o(RESET) refers to stm32h7xx_it.o(i.TIM7_IRQHandler) for TIM7_IRQHandler
    startup_stm32h723xx.o(RESET) refers to stm32h7xx_it.o(i.USART10_IRQHandler) for USART10_IRQHandler
    startup_stm32h723xx.o(RESET) refers to stm32h7xx_it.o(i.FDCAN3_IT0_IRQHandler) for FDCAN3_IT0_IRQHandler
    startup_stm32h723xx.o(RESET) refers to stm32h7xx_it.o(i.FDCAN3_IT1_IRQHandler) for FDCAN3_IT1_IRQHandler
    startup_stm32h723xx.o(.text) refers (Special) to heapauxi.o(.text) for __use_two_region_memory
    startup_stm32h723xx.o(.text) refers to system_stm32h7xx.o(i.ExitRun0Mode) for ExitRun0Mode
    startup_stm32h723xx.o(.text) refers to system_stm32h7xx.o(i.SystemInit) for SystemInit
    startup_stm32h723xx.o(.text) refers to __main.o(!!!main) for __main
    startup_stm32h723xx.o(.text) refers to startup_stm32h723xx.o(HEAP) for Heap_Mem
    startup_stm32h723xx.o(.text) refers to startup_stm32h723xx.o(STACK) for Stack_Mem
    main.o(i.HAL_TIM_PeriodElapsedCallback) refers to stm32h7xx_hal.o(i.HAL_IncTick) for HAL_IncTick
    main.o(i.HAL_TIM_PeriodElapsedCallback) refers to chassis.o(i.Chassis_TestControlFromRemote) for Chassis_TestControlFromRemote
    main.o(i.HAL_TIM_PeriodElapsedCallback) refers to main.o(.data) for count
    main.o(i.HAL_UARTEx_RxEventCallback) refers to remote.o(i.Remote_RxCallback) for Remote_RxCallback
    main.o(i.MPU_Config) refers to stm32h7xx_hal_cortex.o(i.HAL_MPU_Disable) for HAL_MPU_Disable
    main.o(i.MPU_Config) refers to stm32h7xx_hal_cortex.o(i.HAL_MPU_ConfigRegion) for HAL_MPU_ConfigRegion
    main.o(i.MPU_Config) refers to stm32h7xx_hal_cortex.o(i.HAL_MPU_Enable) for HAL_MPU_Enable
    main.o(i.SystemClock_Config) refers to rt_memclr_w.o(.text) for __aeabi_memclr4
    main.o(i.SystemClock_Config) refers to stm32h7xx_hal_pwr_ex.o(i.HAL_PWREx_ConfigSupply) for HAL_PWREx_ConfigSupply
    main.o(i.SystemClock_Config) refers to stm32h7xx_hal_rcc.o(i.HAL_RCC_OscConfig) for HAL_RCC_OscConfig
    main.o(i.SystemClock_Config) refers to main.o(i.Error_Handler) for Error_Handler
    main.o(i.SystemClock_Config) refers to stm32h7xx_hal_rcc.o(i.HAL_RCC_ClockConfig) for HAL_RCC_ClockConfig
    main.o(i.main) refers to main.o(i.MPU_Config) for MPU_Config
    main.o(i.main) refers to stm32h7xx_hal.o(i.HAL_Init) for HAL_Init
    main.o(i.main) refers to main.o(i.SystemClock_Config) for SystemClock_Config
    main.o(i.main) refers to gpio.o(i.MX_GPIO_Init) for MX_GPIO_Init
    main.o(i.main) refers to dma.o(i.MX_DMA_Init) for MX_DMA_Init
    main.o(i.main) refers to fdcan.o(i.MX_FDCAN1_Init) for MX_FDCAN1_Init
    main.o(i.main) refers to fdcan.o(i.MX_FDCAN2_Init) for MX_FDCAN2_Init
[...]
    TIM15_IRQHandler                         0x08000437   Thumb Code     0  startup_stm32h723xx.o(.text)
    TIM16_IRQHandler                         0x08000437   Thumb Code     0  startup_stm32h723xx.o(.text)
    TIM17_IRQHandler                         0x08000437   Thumb Code     0  startup_stm32h723xx.o(.text)
    TIM1_BRK_IRQHandler                      0x08000437   Thumb Code     0  startup_stm32h723xx.o(.text)
    TIM1_CC_IRQHandler                       0x08000437   Thumb Code     0  startup_stm32h723xx.o(.text)
    TIM1_TRG_COM_IRQHandler                  0x08000437   Thumb Code     0  startup_stm32h723xx.o(.text)
    TIM1_UP_IRQHandler                       0x08000437   Thumb Code     0  startup_stm32h723xx.o(.text)
    TIM23_IRQHandler                         0x08000437   Thumb Code     0  startup_stm32h723xx.o(.text)
    TIM24_IRQHandler                         0x08000437   Thumb Code     0  startup_stm32h723xx.o(.text)
    TIM2_IRQHandler                          0x08000437   Thumb Code     0  startup_stm32h723xx.o(.text)
    TIM3_IRQHandler                          0x08000437   Thumb Code     0  startup_stm32h723xx.o(.text)
    TIM4_IRQHandler                          0x08000437   Thumb Code     0  startup_stm32h723xx.o(.text)
    TIM5_IRQHandler                          0x08000437   Thumb Code     0  startup_stm32h723xx.o(.text)
    TIM8_BRK_TIM12_IRQHandler                0x08000437   Thumb Code     0  startup_stm32h723xx.o(.text)
    TIM8_CC_IRQHandler                       0x08000437   Thumb Code     0  startup_stm32h723xx.o(.text)
    TIM8_TRG_COM_TIM14_IRQHandler            0x08000437   Thumb Code     0  startup_stm32h723xx.o(.text)
    TIM8_UP_TIM13_IRQHandler                 0x08000437   Thumb Code     0  startup_stm32h723xx.o(.text)
    UART4_IRQHandler                         0x08000437   Thumb Code     0  startup_stm32h723xx.o(.text)
    UART7_IRQHandler                         0x08000437   Thumb Code     0  startup_stm32h723xx.o(.text)
    UART8_IRQHandler                         0x08000437   Thumb Code     0  startup_stm32h723xx.o(.text)
    UART9_IRQHandler                         0x08000437   Thumb Code     0  startup_stm32h723xx.o(.text)
    USART1_IRQHandler                        0x08000437   Thumb Code     0  startup_stm32h723xx.o(.text)
    USART2_IRQHandler                        0x08000437   Thumb Code     0  startup_stm32h723xx.o(.text)
    USART3_IRQHandler                        0x08000437   Thumb Code     0  startup_stm32h723xx.o(.text)
    USART6_IRQHandler                        0x08000437   Thumb Code     0  startup_stm32h723xx.o(.text)
    WAKEUP_PIN_IRQHandler                    0x08000437   Thumb Code     0  startup_stm32h723xx.o(.text)
    WWDG_IRQHandler                          0x08000437   Thumb Code     0  startup_stm32h723xx.o(.text)
    __user_initial_stackheap                 0x08000439   Thumb Code     0  startup_stm32h723xx.o(.text)
    __aeabi_uldivmod                         0x08000461   Thumb Code     0  lludivv7m.o(.text)
    _ll_udiv                                 0x08000461   Thumb Code   238  lludivv7m.o(.text)
    vsprintf                                 0x08000551   Thumb Code    32  vsprintf.o(.text)
    __aeabi_memcpy4                          0x08000575   Thumb Code     0  rt_memcpy_w.o(.text)
    __aeabi_memcpy8                          0x08000575   Thumb Code     0  rt_memcpy_w.o(.text)
    __rt_memcpy_w                            0x08000575   Thumb Code   100  rt_memcpy_w.o(.text)
    _memcpy_lastbytes_aligned                0x080005bd   Thumb Code     0  rt_memcpy_w.o(.text)
    __aeabi_memclr4                          0x080005d9   Thumb Code     0  rt_memclr_w.o(.text)
    __aeabi_memclr8                          0x080005d9   Thumb Code     0  rt_memclr_w.o(.text)
    __rt_memclr_w                            0x080005d9   Thumb Code    78  rt_memclr_w.o(.text)
    _memset_w                                0x080005dd   Thumb Code     0  rt_memclr_w.o(.text)
    __use_two_region_memory                  0x08000627   Thumb Code     2  heapauxi.o(.text)
    __rt_heap_escrow$2region                 0x08000629   Thumb Code     2  heapauxi.o(.text)
    __rt_heap_expand$2region                 0x0800062b   Thumb Code     2  heapauxi.o(.text)
    __read_errno                             0x0800062d   Thumb Code    10  _rserrno.o(.text)
    __set_errno                              0x08000637   Thumb Code    12  _rserrno.o(.text)
    _printf_pre_padding                      0x08000643   Thumb Code    44  _printf_pad.o(.text)
    _printf_post_padding                     0x0800066f   Thumb Code    34  _printf_pad.o(.text)
    _printf_truncate_signed                  0x08000691   Thumb Code    18  _printf_truncate.o(.text)
    _printf_truncate_unsigned                0x080006a3   Thumb Code    18  _printf_truncate.o(.text)
    _printf_str                              0x080006b5   Thumb Code    82  _printf_str.o(.text)
    _printf_int_dec                          0x08000709   Thumb Code   104  _printf_dec.o(.text)
    _printf_charcount                        0x08000781   Thumb Code    40  _printf_charcount.o(.text)
    _printf_char_common                      0x080007b3   Thumb Code    32  _printf_char_common.o(.text)
    _sputc                                   0x080007d9   Thumb Code    10  _sputc.o(.text)
    _printf_wctomb                           0x080007e5   Thumb Code   182  _printf_wctomb.o(.text)
    _printf_longlong_dec                     0x080008a1   Thumb Code   108  _printf_longlong_dec.o(.text)
    _printf_longlong_oct                     0x0800091d   Thumb Code    66  _printf_oct_int_ll.o(.text)
    _printf_int_oct                          0x0800095f   Thumb Code    24  _printf_oct_int_ll.o(.text)
    _printf_ll_oct                           0x08000977   Thumb Code    12  _printf_oct_int_ll.o(.text)
    _printf_longlong_hex                     0x0800098d   Thumb Code    86  _printf_hex_int_ll_ptr.o(.text)
    _printf_int_hex                          0x080009e3   Thumb Code    28  _printf_hex_int_ll_ptr.o(.text)
    _printf_ll_hex                           0x080009ff   Thumb Code    12  _printf_hex_int_ll_ptr.o(.text)
    _printf_hex_ptr                          0x08000a0b   Thumb Code    18  _printf_hex_int_ll_ptr.o(.text)
    __printf                                 0x08000a21   Thumb Code   388  __printf_flags_ss_wp.o(.text)
    __strtod_int                             0x08000be5   Thumb Code    90  strtod.o(.text)
    __aeabi_errno_addr                       0x08000c4d   Thumb Code     8  rt_errno_addr_intlibspace.o(.text)
    __errno$intlibspace                      0x08000c4d   Thumb Code     0  rt_errno_addr_intlibspace.o(.text)
    __rt_errno_addr$intlibspace              0x08000c4d   Thumb Code     0  rt_errno_addr_intlibspace.o(.text)
    _ll_udiv10                               0x08000c55   Thumb Code   138  lludiv10.o(.text)
    isspace                                  0x08000cdf   Thumb Code    18  isspace.o(.text)
    _printf_int_common                       0x08000cf1   Thumb Code   178  _printf_intcommon.o(.text)
    __lib_sel_fp_printf                      0x08000da3   Thumb Code     2  _printf_fp_dec.o(.text)
    _printf_fp_dec_real                      0x08000f55   Thumb Code   620  _printf_fp_dec.o(.text)
    _printf_fp_hex_real                      0x080011c1   Thumb Code   756  _printf_fp_hex.o(.text)
    _printf_cs_common                        0x080014bd   Thumb Code    20  _printf_char.o(.text)
    _printf_char                             0x080014d1   Thumb Code    16  _printf_char.o(.text)
    _printf_string                           0x080014e1   Thumb Code     8  _printf_char.o(.text)
    _printf_lcs_common                       0x080014e9   Thumb Code    20  _printf_wchar.o(.text)
    _printf_wchar                            0x080014fd   Thumb Code    16  _printf_wchar.o(.text)
    _printf_wstring                          0x0800150d   Thumb Code     8  _printf_wchar.o(.text)
    _sgetc                                   0x08001515   Thumb Code    30  _sgetc.o(.text)
    _sbackspace                              0x08001533   Thumb Code    34  _sgetc.o(.text)
    _wcrtomb                                 0x08001555   Thumb Code    64  _wcrtomb.o(.text)
    __user_libspace                          0x08001595   Thumb Code     8  libspace.o(.text)
    __user_perproc_libspace                  0x08001595   Thumb Code     0  libspace.o(.text)
    __user_perthread_libspace                0x08001595   Thumb Code     0  libspace.o(.text)
    __user_setup_stackheap                   0x0800159d   Thumb Code    74  sys_stackheap_outer.o(.text)
    __rt_ctype_table                         0x080015e9   Thumb Code    16  rt_ctype_table.o(.text)
    __rt_locale                              0x080015f9   Thumb Code     8  rt_locale_intlibspace.o(.text)
    _printf_fp_infnan                        0x08001601   Thumb Code   112  _printf_fp_infnan.o(.text)
    _scanf_really_real                       0x080018cd   Thumb Code   684  scanf_fp.o(.text)
    _btod_etento                             0x08001b79   Thumb Code   224  bigflt0.o(.text)
    exit                                     0x08001c5d   Thumb Code    18  exit.o(.text)
    strcmp                                   0x08001c71   Thumb Code   104  strcmpv7m_pel.o(.text)
    _sys_exit                                0x08001cd9   Thumb Code     8  sys_exit.o(.text)
    _scanf_really_hex_real                   0x08001ce5   Thumb Code   786  scanf_hexfp.o(.text)
    _scanf_really_infnan                     0x08002005   Thumb Code   292  scanf_infnan.o(.text)
    __I$use$semihosting                      0x08002139   Thumb Code     0  use_no_semi.o(.text)
    __use_no_semihosting_swi                 0x08002139   Thumb Code     2  use_no_semi.o(.text)
    __aeabi_llsl                             0x0800213b   Thumb Code     0  llshl.o(.text)
    __semihosting_library_function           0x0800213b   Thumb Code     0  indicate_semi.o(.text)
    _ll_shift_l                              0x0800213b   Thumb Code    38  llshl.o(.text)
    _chval                                   0x08002161   Thumb Code    28  _chval.o(.text)
    _btod_d2e                                0x0800217d   Thumb Code    62  btod.o(CL$$btod_d2e)
    _d2e_denorm_low                          0x080021bb   Thumb Code    70  btod.o(CL$$btod_d2e_denorm_low)
    _d2e_norm_op1                            0x08002201   Thumb Code    96  btod.o(CL$$btod_d2e_norm_op1)
    __btod_div_common                        0x08002261   Thumb Code   696  btod.o(CL$$btod_div_common)
    _e2d                                     0x08002599   Thumb Code   122  btod.o(CL$$btod_e2d)
    _e2e                                     0x0800261d   Thumb Code   220  btod.o(CL$$btod_e2e)
    _btod_ediv                               0x080026f9   Thumb Code    42  btod.o(CL$$btod_ediv)
    _btod_edivd                              0x08002723   Thumb Code    42  btod.o(CL$$btod_edivd)
    _btod_emul                               0x0800274d   Thumb Code    42  btod.o(CL$$btod_emul)
    _btod_emuld                              0x08002777   Thumb Code    42  btod.o(CL$$btod_emuld)
    __btod_mult_common                       0x080027a1   Thumb Code   580  btod.o(CL$$btod_mult_common)
    BusFault_Handler                         0x080029e5   Thumb Code     4  stm32h7xx_it.o(i.BusFault_Handler)
    Chassis_Init                             0x080029e9   Thumb Code   528  chassis.o(i.Chassis_Init)
    Chassis_TestControlFromRemote            0x08002c21   Thumb Code  1634  chassis.o(i.Chassis_TestControlFromRemote)
    DMA1_Stream0_IRQHandler                  0x0800329d   Thumb Code    10  stm32h7xx_it.o(i.DMA1_Stream0_IRQHandler)
    DebugMon_Handler                         0x08003819   Thumb Code     2  stm32h7xx_it.o(i.DebugMon_Handler)
    Error_Handler                            0x0800381b   Thumb Code     6  main.o(i.Error_Handler)
    ExitRun0Mode                             0x08003821   Thumb Code    30  system_stm32h7xx.o(i.ExitRun0Mode)
    FDCAN1_IT0_IRQHandler                    0x08003845   Thumb Code    10  stm32h7xx_it.o(i.FDCAN1_IT0_IRQHandler)
    FDCAN1_IT1_IRQHandler                    0x08003855   Thumb Code    10  stm32h7xx_it.o(i.FDCAN1_IT1_IRQHandler)
    FDCAN2_IT0_IRQHandler                    0x08003865   Thumb Code    10  stm32h7xx_it.o(i.FDCAN2_IT0_IRQHandler)
    FDCAN2_IT1_IRQHandler                    0x08003875   Thumb Code    10  stm32h7xx_it.o(i.FDCAN2_IT1_IRQHandler)
    FDCAN3_IT0_IRQHandler                    0x08003885   Thumb Code    10  stm32h7xx_it.o(i.FDCAN3_IT0_IRQHandler)
    FDCAN3_IT1_IRQHandler                    0x08003895   Thumb Code    10  stm32h7xx_it.o(i.FDCAN3_IT1_IRQHandler)
    FDCAN_Filter_Init                        0x08003b95   Thumb Code   216  fdcanfilter.o(i.FDCAN_Filter_Init)
    FDCAN_Init                               0x08003c79   Thumb Code   276  fdcanhandler.o(i.FDCAN_Init)
    FDCAN_Send_Msg                           0x08003db9   Thumb Code    54  fdcanbsp.o(i.FDCAN_Send_Msg)
    FDCAN_TxTypeDef_Init                     0x08003def   Thumb Code    56  fdcanbsp.o(i.FDCAN_TxTypeDef_Init)
    HAL_DMA_Abort                            0x08003e29   Thumb Code  1236  stm32h7xx_hal_dma.o(i.HAL_DMA_Abort)
    HAL_DMA_Abort_IT                         0x08004305   Thumb Code   906  stm32h7xx_hal_dma.o(i.HAL_DMA_Abort_IT)
    HAL_DMA_IRQHandler                       0x0800469d   Thumb Code  2798  stm32h7xx_hal_dma.o(i.HAL_DMA_IRQHandler)
    HAL_DMA_Init                             0x08005195   Thumb Code  1292  stm32h7xx_hal_dma.o(i.HAL_DMA_Init)
    HAL_DMA_Start_IT                         0x080056a9   Thumb Code   980  stm32h7xx_hal_dma.o(i.HAL_DMA_Start_IT)
    HAL_FDCAN_ActivateNotification           0x08005a89   Thumb Code   158  stm32h7xx_hal_fdcan.o(i.HAL_FDCAN_ActivateNotification)
    HAL_FDCAN_AddMessageToTxBuffer           0x08005b31   Thumb Code   136  stm32h7xx_hal_fdcan.o(i.HAL_FDCAN_AddMessageToTxBuffer)
    HAL_FDCAN_AddMessageToTxFifoQ            0x08005bb9   Thumb Code   144  stm32h7xx_hal_fdcan.o(i.HAL_FDCAN_AddMessageToTxFifoQ)
    HAL_FDCAN_ClockCalibrationCallback       0x08005c49   Thumb Code     2  stm32h7xx_hal_fdcan.o(i.HAL_FDCAN_ClockCalibrationCallback)
    HAL_FDCAN_ConfigFilter                   0x08005c4b   Thumb Code   168  stm32h7xx_hal_fdcan.o(i.HAL_FDCAN_ConfigFilter)
    HAL_FDCAN_EnableTxBufferRequest          0x08005cf3   Thumb Code    36  stm32h7xx_hal_fdcan.o(i.HAL_FDCAN_EnableTxBufferRequest)
    HAL_FDCAN_ErrorCallback                  0x08005d17   Thumb Code     2  stm32h7xx_hal_fdcan.o(i.HAL_FDCAN_ErrorCallback)
    HAL_FDCAN_ErrorStatusCallback            0x08005d19   Thumb Code     2  stm32h7xx_hal_fdcan.o(i.HAL_FDCAN_ErrorStatusCallback)
    HAL_FDCAN_GetRxMessage                   0x08005d1d   Thumb Code   494  stm32h7xx_hal_fdcan.o(i.HAL_FDCAN_GetRxMessage)
    HAL_FDCAN_HighPriorityMessageCallback    0x08005f11   Thumb Code     2  stm32h7xx_hal_fdcan.o(i.HAL_FDCAN_HighPriorityMessageCallback)
    HAL_FDCAN_IRQHandler                     0x08005f15   Thumb Code   966  stm32h7xx_hal_fdcan.o(i.HAL_FDCAN_IRQHandler)
    HAL_FDCAN_Init                           0x080062e9   Thumb Code   726  stm32h7xx_hal_fdcan.o(i.HAL_FDCAN_Init)
    HAL_FDCAN_MspInit                        0x080065c9   Thumb Code   548  fdcan.o(i.HAL_FDCAN_MspInit)
    HAL_FDCAN_RxBufferNewMessageCallback     0x08006809   Thumb Code     2  stm32h7xx_hal_fdcan.o(i.HAL_FDCAN_RxBufferNewMessageCallback)
    HAL_FDCAN_RxFifo0Callback                0x0800680d   Thumb Code   334  chassis.o(i.HAL_FDCAN_RxFifo0Callback)
    HAL_FDCAN_RxFifo1Callback                0x08006975   Thumb Code     2  stm32h7xx_hal_fdcan.o(i.HAL_FDCAN_RxFifo1Callback)
    HAL_FDCAN_Start                          0x08006977   Thumb Code    52  stm32h7xx_hal_fdcan.o(i.HAL_FDCAN_Start)
    HAL_FDCAN_TT_GlobalTimeCallback          0x080069ab   Thumb Code     2  stm32h7xx_hal_fdcan.o(i.HAL_FDCAN_TT_GlobalTimeCallback)
    HAL_FDCAN_TT_ScheduleSyncCallback        0x080069ad   Thumb Code     2  stm32h7xx_hal_fdcan.o(i.HAL_FDCAN_TT_ScheduleSyncCallback)
    HAL_FDCAN_TT_StopWatchCallback           0x080069af   Thumb Code     2  stm32h7xx_hal_fdcan.o(i.HAL_FDCAN_TT_StopWatchCallback)
    HAL_FDCAN_TT_TimeMarkCallback            0x080069b1   Thumb Code     2  stm32h7xx_hal_fdcan.o(i.HAL_FDCAN_TT_TimeMarkCallback)
    HAL_FDCAN_TimeoutOccurredCallback        0x080069b3   Thumb Code     2  stm32h7xx_hal_fdcan.o(i.HAL_FDCAN_TimeoutOccurredCallback)
    HAL_FDCAN_TimestampWraparoundCallback    0x080069b5   Thumb Code     2  stm32h7xx_hal_fdcan.o(i.HAL_FDCAN_TimestampWraparoundCallback)
    HAL_FDCAN_TxBufferAbortCallback          0x080069b7   Thumb Code     2  stm32h7xx_hal_fdcan.o(i.HAL_FDCAN_TxBufferAbortCallback)
    HAL_FDCAN_TxBufferCompleteCallback       0x080069b9   Thumb Code     2  stm32h7xx_hal_fdcan.o(i.HAL_FDCAN_TxBufferCompleteCallback)
    HAL_FDCAN_TxEventFifoCallback            0x080069bb   Thumb Code     2  stm32h7xx_hal_fdcan.o(i.HAL_FDCAN_TxEventFifoCallback)
    HAL_FDCAN_TxFifoEmptyCallback            0x080069bd   Thumb Code     2  stm32h7xx_hal_fdcan.o(i.HAL_FDCAN_TxFifoEmptyCallback)
    HAL_GPIO_Init                            0x080069c1   Thumb Code   446  stm32h7xx_hal_gpio.o(i.HAL_GPIO_Init)
    HAL_GPIO_WritePin                        0x08006bb1   Thumb Code    12  stm32h7xx_hal_gpio.o(i.HAL_GPIO_WritePin)
    HAL_GetTick                              0x08006bbd   Thumb Code     6  stm32h7xx_hal.o(i.HAL_GetTick)
    HAL_IncTick                              0x08006bc9   Thumb Code    16  stm32h7xx_hal.o(i.HAL_IncTick)
    HAL_Init                                 0x08006be1   Thumb Code    80  stm32h7xx_hal.o(i.HAL_Init)
    HAL_InitTick                             0x08006c41   Thumb Code   140  stm32h7xx_hal_timebase_tim.o(i.HAL_InitTick)
    HAL_MPU_ConfigRegion                     0x08006ce1   Thumb Code    86  stm32h7xx_hal_cortex.o(i.HAL_MPU_ConfigRegion)
    HAL_MPU_Disable                          0x08006d3d   Thumb Code    38  stm32h7xx_hal_cortex.o(i.HAL_MPU_Disable)
    HAL_MPU_Enable                           0x08006d69   Thumb Code    58  stm32h7xx_hal_cortex.o(i.HAL_MPU_Enable)
    HAL_MspInit                              0x08006da9   Thumb Code    32  stm32h7xx_hal_msp.o(i.HAL_MspInit)
    HAL_NVIC_EnableIRQ                       0x08006dcd   Thumb Code    40  stm32h7xx_hal_cortex.o(i.HAL_NVIC_EnableIRQ)
    HAL_NVIC_SetPriority                     0x08006df5   Thumb Code   122  stm32h7xx_hal_cortex.o(i.HAL_NVIC_SetPriority)
    HAL_NVIC_SetPriorityGrouping             0x08006e71   Thumb Code    32  stm32h7xx_hal_cortex.o(i.HAL_NVIC_SetPriorityGrouping)
    HAL_PWREx_ConfigSupply                   0x08006e99   Thumb Code    90  stm32h7xx_hal_pwr_ex.o(i.HAL_PWREx_ConfigSupply)
    HAL_RCCEx_GetD3PCLK1Freq                 0x08006ef9   Thumb Code    26  stm32h7xx_hal_rcc_ex.o(i.HAL_RCCEx_GetD3PCLK1Freq)
    HAL_RCCEx_GetPLL2ClockFreq               0x08006f1d   Thumb Code   536  stm32h7xx_hal_rcc_ex.o(i.HAL_RCCEx_GetPLL2ClockFreq)
    HAL_RCCEx_GetPLL3ClockFreq               0x0800714d   Thumb Code   536  stm32h7xx_hal_rcc_ex.o(i.HAL_RCCEx_GetPLL3ClockFreq)
    HAL_RCCEx_PeriphCLKConfig                0x0800737d   Thumb Code  3272  stm32h7xx_hal_rcc_ex.o(i.HAL_RCCEx_PeriphCLKConfig)
    HAL_RCC_ClockConfig                      0x08008045   Thumb Code   774  stm32h7xx_hal_rcc.o(i.HAL_RCC_ClockConfig)
    HAL_RCC_GetClockConfig                   0x08008365   Thumb Code    98  stm32h7xx_hal_rcc.o(i.HAL_RCC_GetClockConfig)
    HAL_RCC_GetHCLKFreq                      0x080083d1   Thumb Code    60  stm32h7xx_hal_rcc.o(i.HAL_RCC_GetHCLKFreq)
    HAL_RCC_GetPCLK1Freq                     0x0800841d   Thumb Code    26  stm32h7xx_hal_rcc.o(i.HAL_RCC_GetPCLK1Freq)
    HAL_RCC_GetPCLK2Freq                     0x08008441   Thumb Code    26  stm32h7xx_hal_rcc.o(i.HAL_RCC_GetPCLK2Freq)
    HAL_RCC_GetSysClockFreq                  0x08008465   Thumb Code   524  stm32h7xx_hal_rcc.o(i.HAL_RCC_GetSysClockFreq)
    HAL_RCC_OscConfig                        0x08008691   Thumb Code  1874  stm32h7xx_hal_rcc.o(i.HAL_RCC_OscConfig)
    HAL_TIMEx_Break2Callback                 0x08008ded   Thumb Code     2  stm32h7xx_hal_tim_ex.o(i.HAL_TIMEx_Break2Callback)
    HAL_TIMEx_BreakCallback                  0x08008def   Thumb Code     2  stm32h7xx_hal_tim_ex.o(i.HAL_TIMEx_BreakCallback)
    HAL_TIMEx_CommutCallback                 0x08008df1   Thumb Code     2  stm32h7xx_hal_tim_ex.o(i.HAL_TIMEx_CommutCallback)
    HAL_TIMEx_MasterConfigSynchronization    0x08008df5   Thumb Code   190  stm32h7xx_hal_tim_ex.o(i.HAL_TIMEx_MasterConfigSynchronization)
    HAL_TIM_Base_Init                        0x08008ed9   Thumb Code   110  stm32h7xx_hal_tim.o(i.HAL_TIM_Base_Init)
    HAL_TIM_Base_MspInit                     0x08008f49   Thumb Code    58  tim.o(i.HAL_TIM_Base_MspInit)
    HAL_TIM_Base_Start_IT                    0x08008f8d   Thumb Code   162  stm32h7xx_hal_tim.o(i.HAL_TIM_Base_Start_IT)
    HAL_TIM_IC_CaptureCallback               0x08009059   Thumb Code     2  stm32h7xx_hal_tim.o(i.HAL_TIM_IC_CaptureCallback)
    HAL_TIM_IRQHandler                       0x0800905b   Thumb Code   408  stm32h7xx_hal_tim.o(i.HAL_TIM_IRQHandler)
    HAL_TIM_OC_DelayElapsedCallback          0x080091f3   Thumb Code     2  stm32h7xx_hal_tim.o(i.HAL_TIM_OC_DelayElapsedCallback)
    HAL_TIM_PWM_PulseFinishedCallback        0x080091f5   Thumb Code     2  stm32h7xx_hal_tim.o(i.HAL_TIM_PWM_PulseFinishedCallback)
    HAL_TIM_PeriodElapsedCallback            0x080091f9   Thumb Code    52  main.o(i.HAL_TIM_PeriodElapsedCallback)
    HAL_TIM_TriggerCallback                  0x08009239   Thumb Code     2  stm32h7xx_hal_tim.o(i.HAL_TIM_TriggerCallback)
    HAL_UARTEx_DisableFifoMode               0x0800923b   Thumb Code    78  stm32h7xx_hal_uart_ex.o(i.HAL_UARTEx_DisableFifoMode)
    HAL_UARTEx_ReceiveToIdle_DMA             0x08009289   Thumb Code    98  stm32h7xx_hal_uart_ex.o(i.HAL_UARTEx_ReceiveToIdle_DMA)
    HAL_UARTEx_RxEventCallback               0x080092eb   Thumb Code    16  main.o(i.HAL_UARTEx_RxEventCallback)
    HAL_UARTEx_RxFifoFullCallback            0x080092fb   Thumb Code     2  stm32h7xx_hal_uart_ex.o(i.HAL_UARTEx_RxFifoFullCallback)
    HAL_UARTEx_SetRxFifoThreshold            0x080092fd   Thumb Code    94  stm32h7xx_hal_uart_ex.o(i.HAL_UARTEx_SetRxFifoThreshold)
    HAL_UARTEx_SetTxFifoThreshold            0x0800935b   Thumb Code    94  stm32h7xx_hal_uart_ex.o(i.HAL_UARTEx_SetTxFifoThreshold)
    HAL_UARTEx_TxFifoEmptyCallback           0x080093b9   Thumb Code     2  stm32h7xx_hal_uart_ex.o(i.HAL_UARTEx_TxFifoEmptyCallback)
    HAL_UARTEx_WakeupCallback                0x080093bb   Thumb Code     2  stm32h7xx_hal_uart_ex.o(i.HAL_UARTEx_WakeupCallback)
    HAL_UART_ErrorCallback                   0x080093bd   Thumb Code     2  stm32h7xx_hal_uart.o(i.HAL_UART_ErrorCallback)
    HAL_UART_IRQHandler                      0x080093c1   Thumb Code  1206  stm32h7xx_hal_uart.o(i.HAL_UART_IRQHandler)
    HAL_UART_Init                            0x08009877   Thumb Code   120  stm32h7xx_hal_uart.o(i.HAL_UART_Init)
    HAL_UART_MspInit                         0x080098f1   Thumb Code   448  usart.o(i.HAL_UART_MspInit)
    HAL_UART_Receive_IT                      0x08009ad1   Thumb Code    88  stm32h7xx_hal_uart.o(i.HAL_UART_Receive_IT)
    HAL_UART_RxCpltCallback                  0x08009b2d   Thumb Code   102  usart.o(i.HAL_UART_RxCpltCallback)
    HAL_UART_RxHalfCpltCallback              0x08009ba9   Thumb Code     2  stm32h7xx_hal_uart.o(i.HAL_UART_RxHalfCpltCallback)
    HAL_UART_Transmit                        0x08009bab   Thumb Code   194  stm32h7xx_hal_uart.o(i.HAL_UART_Transmit)
    HAL_UART_TxCpltCallback                  0x08009c6d   Thumb Code     2  stm32h7xx_hal_uart.o(i.HAL_UART_TxCpltCallback)
    HardFault_Handler                        0x08009c6f   Thumb Code     4  stm32h7xx_it.o(i.HardFault_Handler)
    MX_DMA_Init                              0x08009cc9   Thumb Code    48  dma.o(i.MX_DMA_Init)
    MX_FDCAN1_Init                           0x08009cfd   Thumb Code   124  fdcan.o(i.MX_FDCAN1_Init)
    MX_FDCAN2_Init                           0x08009d81   Thumb Code   124  fdcan.o(i.MX_FDCAN2_Init)
    MX_FDCAN3_Init                           0x08009e05   Thumb Code   124  fdcan.o(i.MX_FDCAN3_Init)
    MX_GPIO_Init                             0x08009e89   Thumb Code   182  gpio.o(i.MX_GPIO_Init)
    MX_TIM6_Init                             0x08009f49   Thumb Code    68  tim.o(i.MX_TIM6_Init)
    MX_UART5_Init                            0x08009f95   Thumb Code   104  usart.o(i.MX_UART5_Init)
    MX_USART10_UART_Init                     0x0800a009   Thumb Code    98  usart.o(i.MX_USART10_UART_Init)
    MemManage_Handler                        0x0800a075   Thumb Code     4  stm32h7xx_it.o(i.MemManage_Handler)
    NMI_Handler                              0x0800a079   Thumb Code     4  stm32h7xx_it.o(i.NMI_Handler)
    PID_Command                              0x0800a07d   Thumb Code   666  chassis.o(i.PID_Command)
    PID_Init                                 0x0800a361   Thumb Code    50  my_pid.o(i.PID_Init)
    PID_Update                               0x0800a399   Thumb Code   166  my_pid.o(i.PID_Update)
    PendSV_Handler                           0x0800a445   Thumb Code     2  stm32h7xx_it.o(i.PendSV_Handler)
    Remote_Data_Resolving                    0x0800a711   Thumb Code   152  remote.o(i.Remote_Data_Resolving)
    Remote_Init                              0x0800a7ad   Thumb Code   332  remote.o(i.Remote_Init)
    Remote_Is_Online                         0x0800a90d   Thumb Code    30  remote.o(i.Remote_Is_Online)
    Remote_Reset                             0x0800a935   Thumb Code    18  remote.o(i.Remote_Reset)
    Remote_RxCallback                        0x0800a949   Thumb Code   354  remote.o(i.Remote_RxCallback)
    SVC_Handler                              0x0800aac5   Thumb Code     2  stm32h7xx_it.o(i.SVC_Handler)
    SendChassisInstruction                   0x0800aac9   Thumb Code    14  fdcanhandler.o(i.SendChassisInstruction)
    SysTick_Handler                          0x0800aadd   Thumb Code     2  stm32h7xx_it.o(i.SysTick_Handler)
    SystemClock_Config                       0x0800aae1   Thumb Code   180  main.o(i.SystemClock_Config)
    SystemInit                               0x0800ab99   Thumb Code   236  system_stm32h7xx.o(i.SystemInit)
    TIM6_DAC_IRQHandler                      0x0800aca5   Thumb Code    10  stm32h7xx_it.o(i.TIM6_DAC_IRQHandler)
    TIM7_IRQHandler                          0x0800acb5   Thumb Code    10  stm32h7xx_it.o(i.TIM7_IRQHandler)
    TIM_Base_SetConfig                       0x0800acc5   Thumb Code   190  stm32h7xx_hal_tim.o(i.TIM_Base_SetConfig)
    UART5_IRQHandler                         0x0800adad   Thumb Code    10  stm32h7xx_it.o(i.UART5_IRQHandler)
    UART_AdvFeatureConfig                    0x0800ae15   Thumb Code   248  stm32h7xx_hal_uart.o(i.UART_AdvFeatureConfig)
    UART_CheckIdleState                      0x0800af0d   Thumb Code   234  stm32h7xx_hal_uart.o(i.UART_CheckIdleState)
    UART_SetConfig                           0x0800b81d   Thumb Code  1558  stm32h7xx_hal_uart.o(i.UART_SetConfig)
    UART_Start                               0x0800be45   Thumb Code    14  usart.o(i.UART_Start)
    UART_Start_Receive_DMA                   0x0800be5d   Thumb Code   186  stm32h7xx_hal_uart.o(i.UART_Start_Receive_DMA)
    UART_Start_Receive_IT                    0x0800bf25   Thumb Code   332  stm32h7xx_hal_uart.o(i.UART_Start_Receive_IT)
    UART_WaitOnFlagUntilTimeout              0x0800c081   Thumb Code   172  stm32h7xx_hal_uart.o(i.UART_WaitOnFlagUntilTimeout)
    USART10_IRQHandler                       0x0800c12d   Thumb Code    10  stm32h7xx_it.o(i.USART10_IRQHandler)
    UsageFault_Handler                       0x0800c13d   Thumb Code     4  stm32h7xx_it.o(i.UsageFault_Handler)
    __ARM_fpclassify                         0x0800c141   Thumb Code    48  fpclassify.o(i.__ARM_fpclassify)
    __ARM_fpclassifyf                        0x0800c171   Thumb Code    38  fpclassifyf.o(i.__ARM_fpclassifyf)
    __hardfp___mathlib_tofloat               0x0800c1d1   Thumb Code   194  narrow.o(i.__hardfp___mathlib_tofloat)
    __hardfp_atan2f                          0x0800c2ad   Thumb Code   594  atan2f.o(i.__hardfp_atan2f)
    __hardfp_atof                            0x0800c561   Thumb Code    44  atof.o(i.__hardfp_atof)
    __hardfp_sqrtf                           0x0800c599   Thumb Code    58  sqrtf.o(i.__hardfp_sqrtf)
    __mathlib_dbl_overflow                   0x0800c5d9   Thumb Code    10  dunder.o(i.__mathlib_dbl_overflow)
    __mathlib_dbl_underflow                  0x0800c5f1   Thumb Code    10  dunder.o(i.__mathlib_dbl_underflow)
    __mathlib_flt_infnan2                    0x0800c609   Thumb Code     6  funder.o(i.__mathlib_flt_infnan2)
    __mathlib_flt_underflow                  0x0800c611   Thumb Code    10  funder.o(i.__mathlib_flt_underflow)
    __mathlib_narrow                         0x0800c621   Thumb Code    18  narrow.o(i.__mathlib_narrow)
    __support_ldexp                          0x0800c639   Thumb Code   170  ldexp.o(i.__support_ldexp)
    _is_digit                                0x0800c6f1   Thumb Code    14  __printf_wp.o(i._is_digit)
    debug                                    0x0800c701   Thumb Code    52  chassis.o(i.debug)
    frexp                                    0x0800c751   Thumb Code   118  frexp.o(i.frexp)
    main                                     0x0800c7dd   Thumb Code    80  main.o(i.main)
    uart_Printf                              0x0800c835   Thumb Code    36  usart.o(i.uart_Printf)
    uart_SendByte                            0x0800c859   Thumb Code    18  usart.o(i.uart_SendByte)
    uart_SendString                          0x0800c871   Thumb Code    26  usart.o(i.uart_SendString)
    _get_lc_numeric                          0x0800c88d   Thumb Code    44  lc_numeric_c.o(locale$$code)
    _get_lc_ctype                            0x0800c8b9   Thumb Code    44  lc_ctype_c.o(locale$$code)
    __fpl_dcheck_NaN1                        0x0800c8e5   Thumb Code    10  dcheck1.o(x$fpl$dcheck1)
    _fp_init                                 0x0800c8f5   Thumb Code    10  fpinit.o(x$fpl$fpinit)
    __fplib_config_fpu_vfp                   0x0800c8fd   Thumb Code     0  fpinit.o(x$fpl$fpinit)
    __fplib_config_pureend_doubles           0x0800c8fd   Thumb Code     0  fpinit.o(x$fpl$fpinit)
    __ieee_status                            0x0800c8ff   Thumb Code     6  istatus.o(x$fpl$ieeestatus)
    _printf_fp_dec                           0x0800c905   Thumb Code     4  printf1.o(x$fpl$printf1)
    _printf_fp_hex                           0x0800c909   Thumb Code     4  printf2.o(x$fpl$printf2)
    __fpl_return_NaN                         0x0800c90d   Thumb Code   100  retnan.o(x$fpl$retnan)
    __ARM_scalbn                             0x0800c971   Thumb Code    92  scalbn.o(x$fpl$scalbn)
    _scanf_real                              0x0800c9cd   Thumb Code     4  scanf1.o(x$fpl$scanf1)
    _scanf_hex_real                          0x0800c9d1   Thumb Code     4  scanf2.o(x$fpl$scanf2)
    _scanf_infnan                            0x0800c9d5   Thumb Code     4  scanf2.o(x$fpl$scanf2)
    __fpl_cmpreturn                          0x0800c9d9   Thumb Code    48  trapv.o(x$fpl$trapveneer)
    __I$use$fp                               0x0800ca08   Number         0  usenofp.o(x$fpl$usenofp)
    UARTPrescTable                           0x0800ca6c   Data          24  stm32h7xx_hal_uart.o(.constdata)
    D1CorePrescTable                         0x0800ca94   Data          16  system_stm32h7xx.o(.constdata)
    Region$$Table$$Base                      0x0800cbc0   Number         0  anon$$obj.o(Region$$Table)
    Region$$Table$$Limit                     0x0800cbe0   Number         0  anon$$obj.o(Region$$Table)
    __aeabi_HUGE_VAL                         0x0800cbe0   Data           0  fpconst.o(c$$dinf)
    __aeabi_HUGE_VALL                        0x0800cbe0   Data           0  fpconst.o(c$$dinf)
    __aeabi_INFINITY                         0x0800cbe0   Data           0  fpconst.o(c$$dinf)
    __dInf                                   0x0800cbe0   Data           0  fpconst.o(c$$dinf)
    __huge_val                               0x0800cbe0   Data           0  fpconst.o(c$$dinf)
    __dbl_max                                0x0800cbe8   Data           0  fpconst.o(c$$dmax)
    __ctype                                  0x0800cc19   Data           0  lc_ctype_c.o(locale$$data)
    uart_TxPacket                            0x24000008   Data           1  usart.o(.data)
    uart_RxPacket                            0x24000009   Data           1  usart.o(.data)
    uart_RxFlag                              0x2400000a   Data           1  usart.o(.data)
    Serial_RxFlag                            0x2400000b   Data           1  usart.o(.data)
    ByteRecv                                 0x2400000c   Data           1  usart.o(.data)
    X                                        0x2400000d   Data           1  usart.o(.data)
    Y                                        0x2400000e   Data           1  usart.o(.data)
    Z                                        0x2400000f   Data           1  usart.o(.data)
    rx                                       0x24000010   Data           1  usart.o(.data)
    rx_count                                 0x24000011   Data           1  usart.o(.data)
    uwTick                                   0x24000014   Data           4  stm32h7xx_hal.o(.data)
    uwTickPrio                               0x24000018   Data           4  stm32h7xx_hal.o(.data)
    uwTickFreq                               0x2400001c   Data           1  stm32h7xx_hal.o(.data)
    SystemCoreClock                          0x24000020   Data           4  system_stm32h7xx.o(.data)
    SystemD2Clock                            0x24000024   Data           4  system_stm32h7xx.o(.data)
    yaw_target_deg                           0x2400002c   Data           4  chassis.o(.data)
    yaw_now                                  0x24000030   Data           4  chassis.o(.data)
    yaw_err                                  0x24000034   Data           4  chassis.o(.data)
    vx                                       0x24000038   Data           4  chassis.o(.data)
    vy                                       0x2400003c   Data           4  chassis.o(.data)
    wz                                       0x24000040   Data           4  chassis.o(.data)
    wheel_vx                                 0x24000044   Data           4  chassis.o(.data)
    wheel_vy                                 0x24000048   Data           4  chassis.o(.data)
    calibration_wheel                        0x2400004c   Data          16  chassis.o(.data)
    chassis_stop                             0x2400005c   Data           1  chassis.o(.data)
    hfdcan1                                  0x24000060   Data         160  fdcan.o(.bss)
    hfdcan2                                  0x24000100   Data         160  fdcan.o(.bss)
    hfdcan3                                  0x240001a0   Data         160  fdcan.o(.bss)
    htim6                                    0x24000240   Data          76  tim.o(.bss)
    Serial_RxPacket                          0x2400028c   Data         100  usart.o(.bss)
    rx_buf                                   0x240002f0   Data          20  usart.o(.bss)
    huart5                                   0x24000304   Data         148  usart.o(.bss)
    huart10                                  0x24000398   Data         148  usart.o(.bss)
    hdma_uart5_rx                            0x2400042c   Data         120  usart.o(.bss)
    htim7                                    0x240004a4   Data          76  stm32h7xx_hal_timebase_tim.o(.bss)
    ChassisTxHandle                          0x240004f0   Data          48  fdcanhandler.o(.bss)
    LkmtechTxHandle                          0x24000520   Data          48  fdcanhandler.o(.bss)
    SuperCapTxHandle                         0x24000550   Data          48  fdcanhandler.o(.bss)
    SuperCapInitHandle                       0x24000580   Data          48  fdcanhandler.o(.bss)
    DM_MotorPosVelTxHandle                   0x240005b0   Data          48  fdcanhandler.o(.bss)
    DM_MotorVelTxHandle                      0x240005e0   Data          48  fdcanhandler.o(.bss)
    DM_MotorForPosTxHandle                   0x24000610   Data          48  fdcanhandler.o(.bss)
    DM_MotorTxHandle                         0x24000640   Data          48  fdcanhandler.o(.bss)
    DM_MotorParaTxHandle                     0x24000670   Data          48  fdcanhandler.o(.bss)
    RC                                       0x240006a0   Data          12  remote.o(.bss)
    Remote_Buffer                            0x240006ac   Data          18  remote.o(.bss)
    SwerveModule                             0x240006c0   Data         112  chassis.o(.bss)
    ChassisTxBuf                             0x24000730   Data          16  chassis.o(.bss)
    YawAnglePID                              0x24000740   Data         176  chassis.o(.bss)
    YawSpeedPID                              0x240007f0   Data         176  chassis.o(.bss)
    WheelSpeedPID                            0x240008a0   Data         176  chassis.o(.bss)
    yaw_err_target                           0x24000950   Data          16  chassis.o(.bss)
    __libspace_start                         0x24000960   Data          96  libspace.o(.bss)
    __temporary_stack_top$libspace           0x240009c0   Data           0  libspace.o(.bss)



==============================================================================

Memory Map of the image

  Image Entry point : 0x080002cd

  Load Region LR_IROM1 (Base: 0x08000000, Size: 0x0000cd7c, Max: 0x00100000, ABSOLUTE)

    Execution Region ER_IROM1 (Exec base: 0x08000000, Load base: 0x08000000, Size: 0x0000cd1c, Max: 0x00100000, ABSOLUTE)

    Exec Addr    Load Addr    Size         Type   Attr      Idx    E Section Name        Object

    0x08000000   0x08000000   0x000002cc   Data   RO            3    RESET               startup_stm32h723xx.o
    0x080002cc   0x080002cc   0x00000008   Code   RO         6125  * !!!main             c_w.l(__main.o)
    0x080002d4   0x080002d4   0x00000034   Code   RO         6592    !!!scatter          c_w.l(__scatter.o)
    0x08000308   0x08000308   0x0000001a   Code   RO         6594    !!handler_copy      c_w.l(__scatter_copy.o)
    0x08000322   0x08000322   0x00000002   PAD
    0x08000324   0x08000324   0x0000001c   Code   RO         6596    !!handler_zi        c_w.l(__scatter_zi.o)
    0x08000340   0x08000340   0x00000000   Code   RO         6245    .ARM.Collect$$_printf_percent$$00000000  c_w.l(_printf_percent.o)
    0x08000340   0x08000340   0x00000006   Code   RO         6234    .ARM.Collect$$_printf_percent$$00000001  c_w.l(_printf_n.o)
    0x08000346   0x08000346   0x00000006   Code   RO         6236    .ARM.Collect$$_printf_percent$$00000002  c_w.l(_printf_p.o)
    0x0800034c   0x0800034c   0x00000006   Code   RO         6241    .ARM.Collect$$_printf_percent$$00000003  c_w.l(_printf_f.o)
    0x08000352   0x08000352   0x00000006   Code   RO         6242    .ARM.Collect$$_printf_percent$$00000004  c_w.l(_printf_e.o)
    0x08000358   0x08000358   0x00000006   Code   RO         6243    .ARM.Collect$$_printf_percent$$00000005  c_w.l(_printf_g.o)
    0x0800035e   0x0800035e   0x00000006   Code   RO         6244    .ARM.Collect$$_printf_percent$$00000006  c_w.l(_printf_a.o)
    0x08000364   0x08000364   0x0000000a   Code   RO         6249    .ARM.Collect$$_printf_percent$$00000007  c_w.l(_printf_ll.o)
    0x0800036e   0x0800036e   0x00000006   Code   RO         6238    .ARM.Collect$$_printf_percent$$00000008  c_w.l(_printf_i.o)
    0x08000374   0x08000374   0x00000006   Code   RO         6239    .ARM.Collect$$_printf_percent$$00000009  c_w.l(_printf_d.o)
    0x0800037a   0x0800037a   0x00000006   Code   RO         6240    .ARM.Collect$$_printf_percent$$0000000A  c_w.l(_printf_u.o)
    0x08000380   0x08000380   0x00000006   Code   RO         6237    .ARM.Collect$$_printf_percent$$0000000B  c_w.l(_printf_o.o)
    0x08000386   0x08000386   0x00000006   Code   RO         6235    .ARM.Collect$$_printf_percent$$0000000C  c_w.l(_printf_x.o)
    0x0800038c   0x0800038c   0x00000006   Code   RO         6246    .ARM.Collect$$_printf_percent$$0000000D  c_w.l(_printf_lli.o)
    0x08000392   0x08000392   0x00000006   Code   RO         6247    .ARM.Collect$$_printf_percent$$0000000E  c_w.l(_printf_lld.o)
    0x08000398   0x08000398   0x00000006   Code   RO         6248    .ARM.Collect$$_printf_percent$$0000000F  c_w.l(_printf_llu.o)
    0x0800039e   0x0800039e   0x00000006   Code   RO         6253    .ARM.Collect$$_printf_percent$$00000010  c_w.l(_printf_llo.o)
    0x080003a4   0x080003a4   0x00000006   Code   RO         6254    .ARM.Collect$$_printf_percent$$00000011  c_w.l(_printf_llx.o)
    0x080003aa   0x080003aa   0x0000000a   Code   RO         6250    .ARM.Collect$$_printf_percent$$00000012  c_w.l(_printf_l.o)
    0x080003b4   0x080003b4   0x00000006   Code   RO         6232    .ARM.Collect$$_printf_percent$$00000013  c_w.l(_printf_c.o)
    0x080003ba   0x080003ba   0x00000006   Code   RO         6233    .ARM.Collect$$_printf_percent$$00000014  c_w.l(_printf_s.o)
    0x080003c0   0x080003c0   0x00000006   Code   RO         6251    .ARM.Collect$$_printf_percent$$00000015  c_w.l(_printf_lc.o)
    0x080003c6   0x080003c6   0x00000006   Code   RO         6252    .ARM.Collect$$_printf_percent$$00000016  c_w.l(_printf_ls.o)
    0x080003cc   0x080003cc   0x00000004   Code   RO         6321    .ARM.Collect$$_printf_percent$$00000017  c_w.l(_printf_percent_end.o)
    0x080003d0   0x080003d0   0x00000002   Code   RO         6385    .ARM.Collect$$libinit$$00000000  c_w.l(libinit.o)
    0x080003d2   0x080003d2   0x00000004   Code   RO         6386    .ARM.Collect$$libinit$$00000001  c_w.l(libinit2.o)
    0x080003d6   0x080003d6   0x00000000   Code   RO         6389    .ARM.Collect$$libinit$$00000004  c_w.l(libinit2.o)
    0x080003d6   0x080003d6   0x00000000   Code   RO         6392    .ARM.Collect$$libinit$$0000000A  c_w.l(libinit2.o)
    0x080003d6   0x080003d6   0x00000000   Code   RO         6394    .ARM.Collect$$libinit$$0000000C  c_w.l(libinit2.o)
    0x080003d6   0x080003d6   0x00000000   Code   RO         6396    .ARM.Collect$$libinit$$0000000E  c_w.l(libinit2.o)
    0x080003d6   0x080003d6   0x00000006   Code   RO         6397    .ARM.Collect$$libinit$$0000000F  c_w.l(libinit2.o)
    0x080003dc   0x080003dc   0x00000000   Code   RO         6399    .ARM.Collect$$libinit$$00000011  c_w.l(libinit2.o)
    0x080003dc   0x080003dc   0x0000000c   Code   RO         6400    .ARM.Collect$$libinit$$00000012  c_w.l(libinit2.o)
    0x080003e8   0x080003e8   0x00000000   Code   RO         6401    .ARM.Collect$$libinit$$00000013  c_w.l(libinit2.o)
    0x080003e8   0x080003e8   0x00000000   Code   RO         6403    .ARM.Collect$$libinit$$00000015  c_w.l(libinit2.o)
    0x080003e8   0x080003e8   0x0000000a   Code   RO         6404    .ARM.Collect$$libinit$$00000016  c_w.l(libinit2.o)
    0x080003f2   0x080003f2   0x00000000   Code   RO         6405    .ARM.Collect$$libinit$$00000017  c_w.l(libinit2.o)
    0x080003f2   0x080003f2   0x00000000   Code   RO         6407    .ARM.Collect$$libinit$$00000019  c_w.l(libinit2.o)
    0x080003f2   0x080003f2   0x00000000   Code   RO         6409    .ARM.Collect$$libinit$$0000001B  c_w.l(libinit2.o)
    0x080003f2   0x080003f2   0x00000000   Code   RO         6411    .ARM.Collect$$libinit$$0000001D  c_w.l(libinit2.o)
    0x080003f2   0x080003f2   0x00000000   Code   RO         6413    .ARM.Collect$$libinit$$0000001F  c_w.l(libinit2.o)
    0x080003f2   0x080003f2   0x00000000   Code   RO         6415    .ARM.Collect$$libinit$$00000021  c_w.l(libinit2.o)
    0x080003f2   0x080003f2   0x00000000   Code   RO         6417    .ARM.Collect$$libinit$$00000023  c_w.l(libinit2.o)
    0x080003f2   0x080003f2   0x00000000   Code   RO         6419    .ARM.Collect$$libinit$$00000025  c_w.l(libinit2.o)
    0x080003f2   0x080003f2   0x00000000   Code   RO         6423    .ARM.Collect$$libinit$$0000002C  c_w.l(libinit2.o)
    0x080003f2   0x080003f2   0x00000000   Code   RO         6425    .ARM.Collect$$libinit$$0000002E  c_w.l(libinit2.o)
    0x080003f2   0x080003f2   0x00000000   Code   RO         6427    .ARM.Collect$$libinit$$00000030  c_w.l(libinit2.o)
    0x080003f2   0x080003f2   0x00000000   Code   RO         6429    .ARM.Collect$$libinit$$00000032  c_w.l(libinit2.o)
    0x080003f2   0x080003f2   0x00000002   Code   RO         6430    .ARM.Collect$$libinit$$00000033  c_w.l(libinit2.o)
    0x080003f4   0x080003f4   0x00000002   Code   RO         6516    .ARM.Collect$$libshutdown$$00000000  c_w.l(libshutdown.o)
    0x080003f6   0x080003f6   0x00000000   Code   RO         6550    .ARM.Collect$$libshutdown$$00000002  c_w.l(libshutdown2.o)
    0x080003f6   0x080003f6   0x00000000   Code   RO         6552    .ARM.Collect$$libshutdown$$00000004  c_w.l(libshutdown2.o)
    0x080003f6   0x080003f6   0x00000000   Code   RO         6554    .ARM.Collect$$libshutdown$$00000006  c_w.l(libshutdown2.o)
    0x080003f6   0x080003f6   0x00000000   Code   RO         6557    .ARM.Collect$$libshutdown$$00000009  c_w.l(libshutdown2.o)
    0x080003f6   0x080003f6   0x00000000   Code   RO         6560    .ARM.Collect$$libshutdown$$0000000C  c_w.l(libshutdown2.o)
    0x080003f6   0x080003f6   0x00000000   Code   RO         6562    .ARM.Collect$$libshutdown$$0000000E  c_w.l(libshutdown2.o)
    0x080003f6   0x080003f6   0x00000000   Code   RO         6565    .ARM.Collect$$libshutdown$$00000011  c_w.l(libshutdown2.o)
    0x080003f6   0x080003f6   0x00000002   Code   RO         6566    .ARM.Collect$$libshutdown$$00000012  c_w.l(libshutdown2.o)
    0x080003f8   0x080003f8   0x00000000   Code   RO         6157    .ARM.Collect$$rtentry$$00000000  c_w.l(__rtentry.o)
    0x080003f8   0x080003f8   0x00000000   Code   RO         6283    .ARM.Collect$$rtentry$$00000002  c_w.l(__rtentry2.o)
    0x080003f8   0x080003f8   0x00000006   Code   RO         6295    .ARM.Collect$$rtentry$$00000004  c_w.l(__rtentry4.o)
    0x080003fe   0x080003fe   0x00000000   Code   RO         6285    .ARM.Collect$$rtentry$$00000009  c_w.l(__rtentry2.o)
    0x080003fe   0x080003fe   0x00000004   Code   RO         6286    .ARM.Collect$$rtentry$$0000000A  c_w.l(__rtentry2.o)
    0x08000402   0x08000402   0x00000000   Code   RO         6288    .ARM.Collect$$rtentry$$0000000C  c_w.l(__rtentry2.o)
    0x08000402   0x08000402   0x00000008   Code   RO         6289    .ARM.Collect$$rtentry$$0000000D  c_w.l(__rtentry2.o)
    0x0800040a   0x0800040a   0x00000002   Code   RO         6435    .ARM.Collect$$rtexit$$00000000  c_w.l(rtexit.o)
    0x0800040c   0x0800040c   0x00000000   Code   RO         6471    .ARM.Collect$$rtexit$$00000002  c_w.l(rtexit2.o)
    0x0800040c   0x0800040c   0x00000004   Code   RO         6472    .ARM.Collect$$rtexit$$00000003  c_w.l(rtexit2.o)
    0x08000410   0x08000410   0x00000006   Code   RO         6473    .ARM.Collect$$rtexit$$00000004  c_w.l(rtexit2.o)
    0x08000416   0x08000416   0x00000002   PAD
    0x08000418   0x08000418   0x00000048   Code   RO            4    .text               startup_stm32h723xx.o
    0x08000460   0x08000460   0x000000ee   Code   RO         6115    .text               c_w.l(lludivv7m.o)
    0x0800054e   0x0800054e   0x00000002   PAD
    0x08000550   0x08000550   0x00000024   Code   RO         6117    .text               c_w.l(vsprintf.o)
    0x08000574   0x08000574   0x00000064   Code   RO         6119    .text               c_w.l(rt_memcpy_w.o)
    0x080005d8   0x080005d8   0x0000004e   Code   RO         6121    .text               c_w.l(rt_memclr_w.o)
    0x08000626   0x08000626   0x00000006   Code   RO         6123    .text               c_w.l(heapauxi.o)
    0x0800062c   0x0800062c   0x00000016   Code   RO         6162    .text               c_w.l(_rserrno.o)
    0x08000642   0x08000642   0x0000004e   Code   RO         6166    .text               c_w.l(_printf_pad.o)
    0x08000690   0x08000690   0x00000024   Code   RO         6168    .text               c_w.l(_printf_truncate.o)
    0x080006b4   0x080006b4   0x00000052   Code   RO         6170    .text               c_w.l(_printf_str.o)
    0x08000706   0x08000706   0x00000002   PAD
    0x08000708   0x08000708   0x00000078   Code   RO         6172    .text               c_w.l(_printf_dec.o)
    0x08000780   0x08000780   0x00000028   Code   RO         6174    .text               c_w.l(_printf_charcount.o)
    0x080007a8   0x080007a8   0x00000030   Code   RO         6176    .text               c_w.l(_printf_char_common.o)
    0x080007d8   0x080007d8   0x0000000a   Code   RO         6178    .text               c_w.l(_sputc.o)
    0x080007e2   0x080007e2   0x00000002   PAD
    0x080007e4   0x080007e4   0x000000bc   Code   RO         6180    .text               c_w.l(_printf_wctomb.o)
    0x080008a0   0x080008a0   0x0000007c   Code   RO         6183    .text               c_w.l(_printf_longlong_dec.o)
    0x0800091c   0x0800091c   0x00000070   Code   RO         6189    .text               c_w.l(_printf_oct_int_ll.o)
    0x0800098c   0x0800098c   0x00000094   Code   RO         6209    .text               c_w.l(_printf_hex_int_ll_ptr.o)
    0x08000a20   0x08000a20   0x00000188   Code   RO         6229    .text               c_w.l(__printf_flags_ss_wp.o)
    0x08000ba8   0x08000ba8   0x000000a4   Code   RO         6255    .text               c_w.l(strtod.o)
    0x08000c4c   0x08000c4c   0x00000008   Code   RO         6302    .text               c_w.l(rt_errno_addr_intlibspace.o)
    0x08000c54   0x08000c54   0x0000008a   Code   RO         6304    .text               c_w.l(lludiv10.o)
    0x08000cde   0x08000cde   0x00000012   Code   RO         6306    .text               c_w.l(isspace.o)
    0x08000cf0   0x08000cf0   0x000000b2   Code   RO         6308    .text               c_w.l(_printf_intcommon.o)
    0x08000da2   0x08000da2   0x0000041e   Code   RO         6310    .text               c_w.l(_printf_fp_dec.o)
    0x080011c0   0x080011c0   0x000002fc   Code   RO         6312    .text               c_w.l(_printf_fp_hex.o)
    0x080014bc   0x080014bc   0x0000002c   Code   RO         6317    .text               c_w.l(_printf_char.o)
    0x080014e8   0x080014e8   0x0000002c   Code   RO         6319    .text               c_w.l(_printf_wchar.o)
    0x08001514   0x08001514   0x00000040   Code   RO         6322    .text               c_w.l(_sgetc.o)
    0x08001554   0x08001554   0x00000040   Code   RO         6324    .text               c_w.l(_wcrtomb.o)
    0x08001594   0x08001594   0x00000008   Code   RO         6331    .text               c_w.l(libspace.o)
    0x0800159c   0x0800159c   0x0000004a   Code   RO         6334    .text               c_w.l(sys_stackheap_outer.o)
    0x080015e6   0x080015e6   0x00000002   PAD
    0x080015e8   0x080015e8   0x00000010   Code   RO         6336    .text               c_w.l(rt_ctype_table.o)
    0x080015f8   0x080015f8   0x00000008   Code   RO         6341    .text               c_w.l(rt_locale_intlibspace.o)
    0x08001600   0x08001600   0x00000080   Code   RO         6343    .text               c_w.l(_printf_fp_infnan.o)
    0x08001680   0x08001680   0x000004f8   Code   RO         6345    .text               c_w.l(scanf_fp.o)
    0x08001b78   0x08001b78   0x000000e4   Code   RO         6347    .text               c_w.l(bigflt0.o)
    0x08001c5c   0x08001c5c   0x00000012   Code   RO         6372    .text               c_w.l(exit.o)
    0x08001c6e   0x08001c6e   0x00000002   PAD
    0x08001c70   0x08001c70   0x00000068   Code   RO         6378    .text               c_w.l(strcmpv7m_pel.o)
    0x08001cd8   0x08001cd8   0x0000000c   Code   RO         6468    .text               c_w.l(sys_exit.o)
    0x08001ce4   0x08001ce4   0x00000320   Code   RO         6477    .text               c_w.l(scanf_hexfp.o)
    0x08002004   0x08002004   0x00000134   Code   RO         6479    .text               c_w.l(scanf_infnan.o)
    0x08002138   0x08002138   0x00000002   Code   RO         6499    .text               c_w.l(use_no_semi.o)
    0x0800213a   0x0800213a   0x00000000   Code   RO         6501    .text               c_w.l(indicate_semi.o)
    0x0800213a   0x0800213a   0x00000026   Code   RO         6504    .text               c_w.l(llshl.o)
    0x08002160   0x08002160   0x0000001c   Code   RO         6506    .text               c_w.l(_chval.o)
    0x0800217c   0x0800217c   0x0000003e   Code   RO         6350    CL$$btod_d2e        c_w.l(btod.o)
    0x080021ba   0x080021ba   0x00000046   Code   RO         6352    CL$$btod_d2e_denorm_low  c_w.l(btod.o)
    0x08002200   0x08002200   0x00000060   Code   RO         6351    CL$$btod_d2e_norm_op1  c_w.l(btod.o)
    0x08002260   0x08002260   0x00000338   Code   RO         6360    CL$$btod_div_common  c_w.l(btod.o)
    0x08002598   0x08002598   0x00000084   Code   RO         6358    CL$$btod_e2d        c_w.l(btod.o)
    0x0800261c   0x0800261c   0x000000dc   Code   RO         6357    CL$$btod_e2e        c_w.l(btod.o)
    0x080026f8   0x080026f8   0x0000002a   Code   RO         6354    CL$$btod_ediv       c_w.l(btod.o)
    0x08002722   0x08002722   0x0000002a   Code   RO         6356    CL$$btod_edivd      c_w.l(btod.o)
    0x0800274c   0x0800274c   0x0000002a   Code   RO         6353    CL$$btod_emul       c_w.l(btod.o)
    0x08002776   0x08002776   0x0000002a   Code   RO         6355    CL$$btod_emuld      c_w.l(btod.o)
    0x080027a0   0x080027a0   0x00000244   Code   RO         6359    CL$$btod_mult_common  c_w.l(btod.o)
    0x080029e4   0x080029e4   0x00000004   Code   RO          473    i.BusFault_Handler  stm32h7xx_it.o
    0x080029e8   0x080029e8   0x00000238   Code   RO         5626    i.Chassis_Init      chassis.o
    0x08002c20   0x08002c20   0x0000067c   Code   RO         5627    i.Chassis_TestControlFromRemote  chassis.o
    0x0800329c   0x0800329c   0x00000010   Code   RO          474    i.DMA1_Stream0_IRQHandler  stm32h7xx_it.o
    0x080032ac   0x080032ac   0x000000ec   Code   RO         3204    i.DMA_CalcBaseAndBitshift  stm32h7xx_hal_dma.o
    0x08003398   0x08003398   0x000000c4   Code   RO         3205    i.DMA_CalcDMAMUXChannelBaseAndMask  stm32h7xx_hal_dma.o
    0x0800345c   0x0800345c   0x00000098   Code   RO         3206    i.DMA_CalcDMAMUXRequestGenBaseAndMask  stm32h7xx_hal_dma.o
    0x080034f4   0x080034f4   0x000000ae   Code   RO         3207    i.DMA_CheckFifoParam  stm32h7xx_hal_dma.o
    0x080035a2   0x080035a2   0x00000002   PAD
    0x080035a4   0x080035a4   0x00000274   Code   RO         3208    i.DMA_SetConfig     stm32h7xx_hal_dma.o
    0x08003818   0x08003818   0x00000002   Code   RO          475    i.DebugMon_Handler  stm32h7xx_it.o
    0x0800381a   0x0800381a   0x00000006   Code   RO           13    i.Error_Handler     main.o
    0x08003820   0x08003820   0x00000024   Code   RO         5393    i.ExitRun0Mode      system_stm32h7xx.o
    0x08003844   0x08003844   0x00000010   Code   RO          476    i.FDCAN1_IT0_IRQHandler  stm32h7xx_it.o
    0x08003854   0x08003854   0x00000010   Code   RO          477    i.FDCAN1_IT1_IRQHandler  stm32h7xx_it.o
    0x08003864   0x08003864   0x00000010   Code   RO          478    i.FDCAN2_IT0_IRQHandler  stm32h7xx_it.o
    0x08003874   0x08003874   0x00000010   Code   RO          479    i.FDCAN2_IT1_IRQHandler  stm32h7xx_it.o
    0x08003884   0x08003884   0x00000010   Code   RO          480    i.FDCAN3_IT0_IRQHandler  stm32h7xx_it.o
    0x08003894   0x08003894   0x00000010   Code   RO          481    i.FDCAN3_IT1_IRQHandler  stm32h7xx_it.o
    0x080038a4   0x080038a4   0x00000220   Code   RO         1866    i.FDCAN_CalcultateRamBlockAddresses  stm32h7xx_hal_fdcan.o
    0x08003ac4   0x08003ac4   0x000000d0   Code   RO         1867    i.FDCAN_CopyMessageToRAM  stm32h7xx_hal_fdcan.o
    0x08003b94   0x08003b94   0x000000e4   Code   RO         5472    i.FDCAN_Filter_Init  fdcanfilter.o
    0x08003c78   0x08003c78   0x00000140   Code   RO         5496    i.FDCAN_Init        fdcanhandler.o
    0x08003db8   0x08003db8   0x00000036   Code   RO         5436    i.FDCAN_Send_Msg    fdcanbsp.o
    0x08003dee   0x08003dee   0x00000038   Code   RO         5437    i.FDCAN_TxTypeDef_Init  fdcanbsp.o
    0x08003e26   0x08003e26   0x00000002   PAD
    0x08003e28   0x08003e28   0x000004dc   Code   RO         3209    i.HAL_DMA_Abort     stm32h7xx_hal_dma.o
    0x08004304   0x08004304   0x00000398   Code   RO         3210    i.HAL_DMA_Abort_IT  stm32h7xx_hal_dma.o
    0x0800469c   0x0800469c   0x00000af8   Code   RO         3214    i.HAL_DMA_IRQHandler  stm32h7xx_hal_dma.o
    0x08005194   0x08005194   0x00000514   Code   RO         3215    i.HAL_DMA_Init      stm32h7xx_hal_dma.o
    0x080056a8   0x080056a8   0x000003e0   Code   RO         3219    i.HAL_DMA_Start_IT  stm32h7xx_hal_dma.o
    0x08005a88   0x08005a88   0x000000a8   Code   RO         1869    i.HAL_FDCAN_ActivateNotification  stm32h7xx_hal_fdcan.o
    0x08005b30   0x08005b30   0x00000088   Code   RO         1870    i.HAL_FDCAN_AddMessageToTxBuffer  stm32h7xx_hal_fdcan.o
    0x08005bb8   0x08005bb8   0x00000090   Code   RO         1871    i.HAL_FDCAN_AddMessageToTxFifoQ  stm32h7xx_hal_fdcan.o
    0x08005c48   0x08005c48   0x00000002   Code   RO         1872    i.HAL_FDCAN_ClockCalibrationCallback  stm32h7xx_hal_fdcan.o
    0x08005c4a   0x08005c4a   0x000000a8   Code   RO         1876    i.HAL_FDCAN_ConfigFilter  stm32h7xx_hal_fdcan.o
    0x08005cf2   0x08005cf2   0x00000024   Code   RO         1895    i.HAL_FDCAN_EnableTxBufferRequest  stm32h7xx_hal_fdcan.o
    0x08005d16   0x08005d16   0x00000002   Code   RO         1898    i.HAL_FDCAN_ErrorCallback  stm32h7xx_hal_fdcan.o
    0x08005d18   0x08005d18   0x00000002   Code   RO         1899    i.HAL_FDCAN_ErrorStatusCallback  stm32h7xx_hal_fdcan.o
    0x08005d1a   0x08005d1a   0x00000002   PAD
    0x08005d1c   0x08005d1c   0x000001f4   Code   RO         1910    i.HAL_FDCAN_GetRxMessage  stm32h7xx_hal_fdcan.o
    0x08005f10   0x08005f10   0x00000002   Code   RO         1916    i.HAL_FDCAN_HighPriorityMessageCallback  stm32h7xx_hal_fdcan.o
    0x08005f12   0x08005f12   0x00000002   PAD
    0x08005f14   0x08005f14   0x000003d4   Code   RO         1917    i.HAL_FDCAN_IRQHandler  stm32h7xx_hal_fdcan.o
    0x080062e8   0x080062e8   0x000002e0   Code   RO         1918    i.HAL_FDCAN_Init    stm32h7xx_hal_fdcan.o
    0x080065c8   0x080065c8   0x00000240   Code   RO          285    i.HAL_FDCAN_MspInit  fdcan.o
    0x08006808   0x08006808   0x00000002   Code   RO         1927    i.HAL_FDCAN_RxBufferNewMessageCallback  stm32h7xx_hal_fdcan.o
    0x0800680a   0x0800680a   0x00000002   PAD
    0x0800680c   0x0800680c   0x00000168   Code   RO         5628    i.HAL_FDCAN_RxFifo0Callback  chassis.o
    0x08006974   0x08006974   0x00000002   Code   RO         1929    i.HAL_FDCAN_RxFifo1Callback  stm32h7xx_hal_fdcan.o
    0x08006976   0x08006976   0x00000034   Code   RO         1930    i.HAL_FDCAN_Start   stm32h7xx_hal_fdcan.o
    0x080069aa   0x080069aa   0x00000002   Code   RO         1952    i.HAL_FDCAN_TT_GlobalTimeCallback  stm32h7xx_hal_fdcan.o
    0x080069ac   0x080069ac   0x00000002   Code   RO         1953    i.HAL_FDCAN_TT_ScheduleSyncCallback  stm32h7xx_hal_fdcan.o
    0x080069ae   0x080069ae   0x00000002   Code   RO         1958    i.HAL_FDCAN_TT_StopWatchCallback  stm32h7xx_hal_fdcan.o
    0x080069b0   0x080069b0   0x00000002   Code   RO         1959    i.HAL_FDCAN_TT_TimeMarkCallback  stm32h7xx_hal_fdcan.o
    0x080069b2   0x080069b2   0x00000002   Code   RO         1960    i.HAL_FDCAN_TimeoutOccurredCallback  stm32h7xx_hal_fdcan.o
    0x080069b4   0x080069b4   0x00000002   Code   RO         1961    i.HAL_FDCAN_TimestampWraparoundCallback  stm32h7xx_hal_fdcan.o
    0x080069b6   0x080069b6   0x00000002   Code   RO         1962    i.HAL_FDCAN_TxBufferAbortCallback  stm32h7xx_hal_fdcan.o
    0x080069b8   0x080069b8   0x00000002   Code   RO         1963    i.HAL_FDCAN_TxBufferCompleteCallback  stm32h7xx_hal_fdcan.o
    0x080069ba   0x080069ba   0x00000002   Code   RO         1964    i.HAL_FDCAN_TxEventFifoCallback  stm32h7xx_hal_fdcan.o
    0x080069bc   0x080069bc   0x00000002   Code   RO         1965    i.HAL_FDCAN_TxFifoEmptyCallback  stm32h7xx_hal_fdcan.o
    0x080069be   0x080069be   0x00000002   PAD
    0x080069c0   0x080069c0   0x000001f0   Code   RO         3057    i.HAL_GPIO_Init     stm32h7xx_hal_gpio.o
    0x08006bb0   0x08006bb0   0x0000000c   Code   RO         3061    i.HAL_GPIO_WritePin  stm32h7xx_hal_gpio.o
    0x08006bbc   0x08006bbc   0x0000000c   Code   RO         3922    i.HAL_GetTick       stm32h7xx_hal.o
    0x08006bc8   0x08006bc8   0x00000018   Code   RO         3928    i.HAL_IncTick       stm32h7xx_hal.o
    0x08006be0   0x08006be0   0x00000060   Code   RO         3929    i.HAL_Init          stm32h7xx_hal.o
    0x08006c40   0x08006c40   0x000000a0   Code   RO          639    i.HAL_InitTick      stm32h7xx_hal_timebase_tim.o
    0x08006ce0   0x08006ce0   0x0000005c   Code   RO         1709    i.HAL_MPU_ConfigRegion  stm32h7xx_hal_cortex.o
    0x08006d3c   0x08006d3c   0x0000002c   Code   RO         1710    i.HAL_MPU_Disable   stm32h7xx_hal_cortex.o
    0x08006d68   0x08006d68   0x00000040   Code   RO         1712    i.HAL_MPU_Enable    stm32h7xx_hal_cortex.o
    0x08006da8   0x08006da8   0x00000024   Code   RO          615    i.HAL_MspInit       stm32h7xx_hal_msp.o
    0x08006dcc   0x08006dcc   0x00000028   Code   RO         1716    i.HAL_NVIC_EnableIRQ  stm32h7xx_hal_cortex.o
    0x08006df4   0x08006df4   0x0000007a   Code   RO         1722    i.HAL_NVIC_SetPriority  stm32h7xx_hal_cortex.o
    0x08006e6e   0x08006e6e   0x00000002   PAD
    0x08006e70   0x08006e70   0x00000028   Code   RO         1723    i.HAL_NVIC_SetPriorityGrouping  stm32h7xx_hal_cortex.o
    0x08006e98   0x08006e98   0x00000060   Code   RO         3658    i.HAL_PWREx_ConfigSupply  stm32h7xx_hal_pwr_ex.o
    0x08006ef8   0x08006ef8   0x00000024   Code   RO         2600    i.HAL_RCCEx_GetD3PCLK1Freq  stm32h7xx_hal_rcc_ex.o
    0x08006f1c   0x08006f1c   0x00000230   Code   RO         2602    i.HAL_RCCEx_GetPLL2ClockFreq  stm32h7xx_hal_rcc_ex.o
    0x0800714c   0x0800714c   0x00000230   Code   RO         2603    i.HAL_RCCEx_GetPLL3ClockFreq  stm32h7xx_hal_rcc_ex.o
    0x0800737c   0x0800737c   0x00000cc8   Code   RO         2609    i.HAL_RCCEx_PeriphCLKConfig  stm32h7xx_hal_rcc_ex.o
    0x08008044   0x08008044   0x00000320   Code   RO         2485    i.HAL_RCC_ClockConfig  stm32h7xx_hal_rcc.o
    0x08008364   0x08008364   0x0000006c   Code   RO         2489    i.HAL_RCC_GetClockConfig  stm32h7xx_hal_rcc.o
    0x080083d0   0x080083d0   0x0000004c   Code   RO         2490    i.HAL_RCC_GetHCLKFreq  stm32h7xx_hal_rcc.o
    0x0800841c   0x0800841c   0x00000024   Code   RO         2492    i.HAL_RCC_GetPCLK1Freq  stm32h7xx_hal_rcc.o
    0x08008440   0x08008440   0x00000024   Code   RO         2493    i.HAL_RCC_GetPCLK2Freq  stm32h7xx_hal_rcc.o
    0x08008464   0x08008464   0x0000022c   Code   RO         2494    i.HAL_RCC_GetSysClockFreq  stm32h7xx_hal_rcc.o
    0x08008690   0x08008690   0x0000075c   Code   RO         2497    i.HAL_RCC_OscConfig  stm32h7xx_hal_rcc.o
    0x08008dec   0x08008dec   0x00000002   Code   RO         1405    i.HAL_TIMEx_Break2Callback  stm32h7xx_hal_tim_ex.o
    0x08008dee   0x08008dee   0x00000002   Code   RO         1406    i.HAL_TIMEx_BreakCallback  stm32h7xx_hal_tim_ex.o
    0x08008df0   0x08008df0   0x00000002   Code   RO         1407    i.HAL_TIMEx_CommutCallback  stm32h7xx_hal_tim_ex.o
    0x08008df2   0x08008df2   0x00000002   PAD
    0x08008df4   0x08008df4   0x000000e4   Code   RO         1428    i.HAL_TIMEx_MasterConfigSynchronization  stm32h7xx_hal_tim_ex.o
    0x08008ed8   0x08008ed8   0x0000006e   Code   RO          680    i.HAL_TIM_Base_Init  stm32h7xx_hal_tim.o
    0x08008f46   0x08008f46   0x00000002   PAD
    0x08008f48   0x08008f48   0x00000044   Code   RO          340    i.HAL_TIM_Base_MspInit  tim.o
    0x08008f8c   0x08008f8c   0x000000cc   Code   RO          685    i.HAL_TIM_Base_Start_IT  stm32h7xx_hal_tim.o
    0x08009058   0x08009058   0x00000002   Code   RO          714    i.HAL_TIM_IC_CaptureCallback  stm32h7xx_hal_tim.o
    0x0800905a   0x0800905a   0x00000198   Code   RO          728    i.HAL_TIM_IRQHandler  stm32h7xx_hal_tim.o
    0x080091f2   0x080091f2   0x00000002   Code   RO          731    i.HAL_TIM_OC_DelayElapsedCallback  stm32h7xx_hal_tim.o
    0x080091f4   0x080091f4   0x00000002   Code   RO          758    i.HAL_TIM_PWM_PulseFinishedCallback  stm32h7xx_hal_tim.o
    0x080091f6   0x080091f6   0x00000002   PAD
    0x080091f8   0x080091f8   0x00000040   Code   RO           14    i.HAL_TIM_PeriodElapsedCallback  main.o
    0x08009238   0x08009238   0x00000002   Code   RO          771    i.HAL_TIM_TriggerCallback  stm32h7xx_hal_tim.o
    0x0800923a   0x0800923a   0x0000004e   Code   RO         5270    i.HAL_UARTEx_DisableFifoMode  stm32h7xx_hal_uart_ex.o
    0x08009288   0x08009288   0x00000062   Code   RO         5276    i.HAL_UARTEx_ReceiveToIdle_DMA  stm32h7xx_hal_uart_ex.o
    0x080092ea   0x080092ea   0x00000010   Code   RO           15    i.HAL_UARTEx_RxEventCallback  main.o
    0x080092fa   0x080092fa   0x00000002   Code   RO         5278    i.HAL_UARTEx_RxFifoFullCallback  stm32h7xx_hal_uart_ex.o
    0x080092fc   0x080092fc   0x0000005e   Code   RO         5279    i.HAL_UARTEx_SetRxFifoThreshold  stm32h7xx_hal_uart_ex.o
    0x0800935a   0x0800935a   0x0000005e   Code   RO         5280    i.HAL_UARTEx_SetTxFifoThreshold  stm32h7xx_hal_uart_ex.o
    0x080093b8   0x080093b8   0x00000002   Code   RO         5282    i.HAL_UARTEx_TxFifoEmptyCallback  stm32h7xx_hal_uart_ex.o
    0x080093ba   0x080093ba   0x00000002   Code   RO         5283    i.HAL_UARTEx_WakeupCallback  stm32h7xx_hal_uart_ex.o
    0x080093bc   0x080093bc   0x00000002   Code   RO         4870    i.HAL_UART_ErrorCallback  stm32h7xx_hal_uart.o
    0x080093be   0x080093be   0x00000002   PAD
    0x080093c0   0x080093c0   0x000004b6   Code   RO         4873    i.HAL_UART_IRQHandler  stm32h7xx_hal_uart.o
    0x08009876   0x08009876   0x00000078   Code   RO         4874    i.HAL_UART_Init     stm32h7xx_hal_uart.o
    0x080098ee   0x080098ee   0x00000002   PAD
    0x080098f0   0x080098f0   0x000001e0   Code   RO          382    i.HAL_UART_MspInit  usart.o
    0x08009ad0   0x08009ad0   0x0000005c   Code   RO         4879    i.HAL_UART_Receive_IT  stm32h7xx_hal_uart.o
    0x08009b2c   0x08009b2c   0x0000007c   Code   RO          383    i.HAL_UART_RxCpltCallback  usart.o
    0x08009ba8   0x08009ba8   0x00000002   Code   RO         4882    i.HAL_UART_RxHalfCpltCallback  stm32h7xx_hal_uart.o
    0x08009baa   0x08009baa   0x000000c2   Code   RO         4883    i.HAL_UART_Transmit  stm32h7xx_hal_uart.o
    0x08009c6c   0x08009c6c   0x00000002   Code   RO         4886    i.HAL_UART_TxCpltCallback  stm32h7xx_hal_uart.o
    0x08009c6e   0x08009c6e   0x00000004   Code   RO          482    i.HardFault_Handler  stm32h7xx_it.o
    0x08009c72   0x08009c72   0x00000056   Code   RO           16    i.MPU_Config        main.o
    0x08009cc8   0x08009cc8   0x00000034   Code   RO          260    i.MX_DMA_Init       dma.o
    0x08009cfc   0x08009cfc   0x00000084   Code   RO          286    i.MX_FDCAN1_Init    fdcan.o
    0x08009d80   0x08009d80   0x00000084   Code   RO          287    i.MX_FDCAN2_Init    fdcan.o
    0x08009e04   0x08009e04   0x00000084   Code   RO          288    i.MX_FDCAN3_Init    fdcan.o
    0x08009e88   0x08009e88   0x000000c0   Code   RO          236    i.MX_GPIO_Init      gpio.o
    0x08009f48   0x08009f48   0x0000004c   Code   RO          341    i.MX_TIM6_Init      tim.o
    0x08009f94   0x08009f94   0x00000074   Code   RO          384    i.MX_UART5_Init     usart.o
    0x0800a008   0x0800a008   0x0000006c   Code   RO          385    i.MX_USART10_UART_Init  usart.o
    0x0800a074   0x0800a074   0x00000004   Code   RO          483    i.MemManage_Handler  stm32h7xx_it.o
    0x0800a078   0x0800a078   0x00000004   Code   RO          484    i.NMI_Handler       stm32h7xx_it.o
    0x0800a07c   0x0800a07c   0x000002e4   Code   RO         5629    i.PID_Command       chassis.o
    0x0800a360   0x0800a360   0x00000038   Code   RO         5789    i.PID_Init          my_pid.o
    0x0800a398   0x0800a398   0x000000ac   Code   RO         5790    i.PID_Update        my_pid.o
    0x0800a444   0x0800a444   0x00000002   Code   RO          485    i.PendSV_Handler    stm32h7xx_it.o
    0x0800a446   0x0800a446   0x00000002   PAD
    0x0800a448   0x0800a448   0x00000164   Code   RO         2612    i.RCCEx_PLL2_Config  stm32h7xx_hal_rcc_ex.o
    0x0800a5ac   0x0800a5ac   0x00000164   Code   RO         2613    i.RCCEx_PLL3_Config  stm32h7xx_hal_rcc_ex.o
    0x0800a710   0x0800a710   0x0000009c   Code   RO         5571    i.Remote_Data_Resolving  remote.o
    0x0800a7ac   0x0800a7ac   0x00000160   Code   RO         5572    i.Remote_Init       remote.o
    0x0800a90c   0x0800a90c   0x00000028   Code   RO         5573    i.Remote_Is_Online  remote.o
    0x0800a934   0x0800a934   0x00000012   Code   RO         5574    i.Remote_Reset      remote.o
    0x0800a946   0x0800a946   0x00000002   PAD
    0x0800a948   0x0800a948   0x0000017c   Code   RO         5575    i.Remote_RxCallback  remote.o
    0x0800aac4   0x0800aac4   0x00000002   Code   RO          486    i.SVC_Handler       stm32h7xx_it.o
    0x0800aac6   0x0800aac6   0x00000002   PAD
    0x0800aac8   0x0800aac8   0x00000014   Code   RO         5497    i.SendChassisInstruction  fdcanhandler.o
    0x0800aadc   0x0800aadc   0x00000002   Code   RO          487    i.SysTick_Handler   stm32h7xx_it.o
    0x0800aade   0x0800aade   0x00000002   PAD
    0x0800aae0   0x0800aae0   0x000000b8   Code   RO           17    i.SystemClock_Config  main.o
    0x0800ab98   0x0800ab98   0x0000010c   Code   RO         5395    i.SystemInit        system_stm32h7xx.o
    0x0800aca4   0x0800aca4   0x00000010   Code   RO          488    i.TIM6_DAC_IRQHandler  stm32h7xx_it.o
    0x0800acb4   0x0800acb4   0x00000010   Code   RO          489    i.TIM7_IRQHandler   stm32h7xx_it.o
    0x0800acc4   0x0800acc4   0x000000e8   Code   RO          773    i.TIM_Base_SetConfig  stm32h7xx_hal_tim.o
    0x0800adac   0x0800adac   0x00000010   Code   RO          490    i.UART5_IRQHandler  stm32h7xx_it.o
    0x0800adbc   0x0800adbc   0x00000058   Code   RO         5284    i.UARTEx_SetNbDataToProcess  stm32h7xx_hal_uart_ex.o
    0x0800ae14   0x0800ae14   0x000000f8   Code   RO         4888    i.UART_AdvFeatureConfig  stm32h7xx_hal_uart.o
    0x0800af0c   0x0800af0c   0x000000ea   Code   RO         4889    i.UART_CheckIdleState  stm32h7xx_hal_uart.o
    0x0800aff6   0x0800aff6   0x00000014   Code   RO         4890    i.UART_DMAAbortOnError  stm32h7xx_hal_uart.o
    0x0800b00a   0x0800b00a   0x0000005e   Code   RO         4891    i.UART_DMAError     stm32h7xx_hal_uart.o
    0x0800b068   0x0800b068   0x000000ae   Code   RO         4892    i.UART_DMAReceiveCplt  stm32h7xx_hal_uart.o
    0x0800b116   0x0800b116   0x00000026   Code   RO         4894    i.UART_DMARxHalfCplt  stm32h7xx_hal_uart.o
    0x0800b13c   0x0800b13c   0x0000006c   Code   RO         4900    i.UART_EndRxTransfer  stm32h7xx_hal_uart.o
    0x0800b1a8   0x0800b1a8   0x00000030   Code   RO         4901    i.UART_EndTransmit_IT  stm32h7xx_hal_uart.o
    0x0800b1d8   0x0800b1d8   0x00000040   Code   RO         4902    i.UART_EndTxTransfer  stm32h7xx_hal_uart.o
    0x0800b218   0x0800b218   0x00000104   Code   RO         4903    i.UART_RxISR_16BIT  stm32h7xx_hal_uart.o
    0x0800b31c   0x0800b31c   0x00000200   Code   RO         4904    i.UART_RxISR_16BIT_FIFOEN  stm32h7xx_hal_uart.o
    0x0800b51c   0x0800b51c   0x00000104   Code   RO         4905    i.UART_RxISR_8BIT   stm32h7xx_hal_uart.o
    0x0800b620   0x0800b620   0x000001fc   Code   RO         4906    i.UART_RxISR_8BIT_FIFOEN  stm32h7xx_hal_uart.o
    0x0800b81c   0x0800b81c   0x00000628   Code   RO         4907    i.UART_SetConfig    stm32h7xx_hal_uart.o
    0x0800be44   0x0800be44   0x00000018   Code   RO          386    i.UART_Start        usart.o
    0x0800be5c   0x0800be5c   0x000000c8   Code   RO         4908    i.UART_Start_Receive_DMA  stm32h7xx_hal_uart.o
    0x0800bf24   0x0800bf24   0x0000015c   Code   RO         4909    i.UART_Start_Receive_IT  stm32h7xx_hal_uart.o
    0x0800c080   0x0800c080   0x000000ac   Code   RO         4914    i.UART_WaitOnFlagUntilTimeout  stm32h7xx_hal_uart.o
    0x0800c12c   0x0800c12c   0x00000010   Code   RO          491    i.USART10_IRQHandler  stm32h7xx_it.o
    0x0800c13c   0x0800c13c   0x00000004   Code   RO          492    i.UsageFault_Handler  stm32h7xx_it.o
    0x0800c140   0x0800c140   0x00000030   Code   RO         6433    i.__ARM_fpclassify  m_wv.l(fpclassify.o)
    0x0800c170   0x0800c170   0x00000026   Code   RO         6266    i.__ARM_fpclassifyf  m_wv.l(fpclassifyf.o)
    0x0800c196   0x0800c196   0x00000002   PAD
    0x0800c198   0x0800c198   0x00000010   Code   RO         1729    i.__NVIC_GetPriorityGrouping  stm32h7xx_hal_cortex.o
    0x0800c1a8   0x0800c1a8   0x00000028   Code   RO         1730    i.__NVIC_SetPriority  stm32h7xx_hal_cortex.o
    0x0800c1d0   0x0800c1d0   0x000000dc   Code   RO         6460    i.__hardfp___mathlib_tofloat  m_wv.l(narrow.o)
    0x0800c2ac   0x0800c2ac   0x000002b4   Code   RO         6127    i.__hardfp_atan2f   m_wv.l(atan2f.o)
    0x0800c560   0x0800c560   0x00000038   Code   RO         6139    i.__hardfp_atof     m_wv.l(atof.o)
    0x0800c598   0x0800c598   0x0000003a   Code   RO         6145    i.__hardfp_sqrtf    m_wv.l(sqrtf.o)
    0x0800c5d2   0x0800c5d2   0x00000006   PAD
    0x0800c5d8   0x0800c5d8   0x00000018   Code   RO         6573    i.__mathlib_dbl_overflow  m_wv.l(dunder.o)
    0x0800c5f0   0x0800c5f0   0x00000018   Code   RO         6575    i.__mathlib_dbl_underflow  m_wv.l(dunder.o)
    0x0800c608   0x0800c608   0x00000006   Code   RO         6270    i.__mathlib_flt_infnan2  m_wv.l(funder.o)
    0x0800c60e   0x0800c60e   0x00000002   PAD
    0x0800c610   0x0800c610   0x00000010   Code   RO         6274    i.__mathlib_flt_underflow  m_wv.l(funder.o)
    0x0800c620   0x0800c620   0x00000012   Code   RO         6461    i.__mathlib_narrow  m_wv.l(narrow.o)
    0x0800c632   0x0800c632   0x00000006   PAD
    0x0800c638   0x0800c638   0x000000b8   Code   RO         6519    i.__support_ldexp   m_wv.l(ldexp.o)
    0x0800c6f0   0x0800c6f0   0x0000000e   Code   RO         6222    i._is_digit         c_w.l(__printf_wp.o)
    0x0800c6fe   0x0800c6fe   0x00000002   PAD
    0x0800c700   0x0800c700   0x0000004c   Code   RO         5630    i.debug             chassis.o
    0x0800c74c   0x0800c74c   0x00000004   PAD
    0x0800c750   0x0800c750   0x0000008c   Code   RO         6491    i.frexp             m_wv.l(frexp.o)
    0x0800c7dc   0x0800c7dc   0x00000058   Code   RO           18    i.main              main.o
    0x0800c834   0x0800c834   0x00000024   Code   RO          388    i.uart_Printf       usart.o
    0x0800c858   0x0800c858   0x00000018   Code   RO          389    i.uart_SendByte     usart.o
    0x0800c870   0x0800c870   0x0000001a   Code   RO          390    i.uart_SendString   usart.o
    0x0800c88a   0x0800c88a   0x00000002   PAD
    0x0800c88c   0x0800c88c   0x0000002c   Code   RO         6327    locale$$code        c_w.l(lc_numeric_c.o)
    0x0800c8b8   0x0800c8b8   0x0000002c   Code   RO         6440    locale$$code        c_w.l(lc_ctype_c.o)
    0x0800c8e4   0x0800c8e4   0x00000010   Code   RO         6584    x$fpl$dcheck1       fz_wv.l(dcheck1.o)
    0x0800c8f4   0x0800c8f4   0x0000000a   Code   RO         6452    x$fpl$fpinit        fz_wv.l(fpinit.o)
    0x0800c8fe   0x0800c8fe   0x00000006   Code   RO         6431    x$fpl$ieeestatus    fz_wv.l(istatus.o)
    0x0800c904   0x0800c904   0x00000004   Code   RO         6257    x$fpl$printf1       fz_wv.l(printf1.o)
    0x0800c908   0x0800c908   0x00000004   Code   RO         6259    x$fpl$printf2       fz_wv.l(printf2.o)
    0x0800c90c   0x0800c90c   0x00000064   Code   RO         6586    x$fpl$retnan        fz_wv.l(retnan.o)
    0x0800c970   0x0800c970   0x0000005c   Code   RO         6567    x$fpl$scalbn        fz_wv.l(scalbn.o)
    0x0800c9cc   0x0800c9cc   0x00000004   Code   RO         6329    x$fpl$scanf1        fz_wv.l(scanf1.o)
    0x0800c9d0   0x0800c9d0   0x00000008   Code   RO         6454    x$fpl$scanf2        fz_wv.l(scanf2.o)
    0x0800c9d8   0x0800c9d8   0x00000030   Code   RO         6588    x$fpl$trapveneer    fz_wv.l(trapv.o)
    0x0800ca08   0x0800ca08   0x00000000   Code   RO         6265    x$fpl$usenofp       fz_wv.l(usenofp.o)
    0x0800ca08   0x0800ca08   0x0000005c   Data   RO         1966    .constdata          stm32h7xx_hal_fdcan.o
    0x0800ca64   0x0800ca64   0x00000008   Data   RO         3221    .constdata          stm32h7xx_hal_dma.o
    0x0800ca6c   0x0800ca6c   0x00000018   Data   RO         4915    .constdata          stm32h7xx_hal_uart.o
    0x0800ca84   0x0800ca84   0x00000010   Data   RO         5286    .constdata          stm32h7xx_hal_uart_ex.o
    0x0800ca94   0x0800ca94   0x00000010   Data   RO         5396    .constdata          system_stm32h7xx.o
    0x0800caa4   0x0800caa4   0x00000020   Data   RO         5632    .constdata          chassis.o
    0x0800cac4   0x0800cac4   0x00000008   Data   RO         6181    .constdata          c_w.l(_printf_wctomb.o)
    0x0800cacc   0x0800cacc   0x00000028   Data   RO         6210    .constdata          c_w.l(_printf_hex_int_ll_ptr.o)
    0x0800caf4   0x0800caf4   0x00000011   Data   RO         6230    .constdata          c_w.l(__printf_flags_ss_wp.o)
    0x0800cb05   0x0800cb05   0x00000026   Data   RO         6313    .constdata          c_w.l(_printf_fp_hex.o)
    0x0800cb2b   0x0800cb2b   0x00000001   PAD
    0x0800cb2c   0x0800cb2c   0x00000094   Data   RO         6348    .constdata          c_w.l(bigflt0.o)
    0x0800cbc0   0x0800cbc0   0x00000020   Data   RO         6590    Region$$Table       anon$$obj.o
    0x0800cbe0   0x0800cbe0   0x00000008   Data   RO         6448    c$$dinf             fz_wv.l(fpconst.o)
    0x0800cbe8   0x0800cbe8   0x00000008   Data   RO         6451    c$$dmax             fz_wv.l(fpconst.o)
    0x0800cbf0   0x0800cbf0   0x0000001c   Data   RO         6326    locale$$data        c_w.l(lc_numeric_c.o)
    0x0800cc0c   0x0800cc0c   0x00000110   Data   RO         6439    locale$$data        c_w.l(lc_ctype_c.o)


    Execution Region RW_IRAM1 (Exec base: 0x20000000, Load base: 0x0800cd1c, Size: 0x00000000, Max: 0x00020000, ABSOLUTE)

    **** No section assigned to this execution region ****


    Execution Region RW_IRAM2 (Exec base: 0x24000000, Load base: 0x0800cd1c, Size: 0x00000fc0, Max: 0x00050000, ABSOLUTE)

    Exec Addr    Load Addr    Size         Type   Attr      Idx    E Section Name        Object

    0x24000000   0x0800cd1c   0x00000001   Data   RW           19    .data               main.o
    0x24000001   0x0800cd1d   0x00000003   PAD
    0x24000004   0x0800cd20   0x00000004   Data   RW          290    .data               fdcan.o
    0x24000008   0x0800cd24   0x0000000a   Data   RW          392    .data               usart.o
    0x24000012   0x0800cd2e   0x00000002   PAD
    0x24000014   0x0800cd30   0x00000009   Data   RW         3953    .data               stm32h7xx_hal.o
    0x2400001d   0x0800cd39   0x00000003   PAD
    0x24000020   0x0800cd3c   0x00000008   Data   RW         5397    .data               system_stm32h7xx.o
    0x24000028   0x0800cd44   0x00000004   Data   RW         5577    .data               remote.o
    0x2400002c   0x0800cd48   0x00000031   Data   RW         5633    .data               chassis.o
    0x2400005d   0x0800cd79   0x00000003   PAD
    0x24000060        -       0x000001e0   Zero   RW          289    .bss                fdcan.o
    0x24000240        -       0x0000004c   Zero   RW          342    .bss                tim.o
    0x2400028c        -       0x00000218   Zero   RW          391    .bss                usart.o
    0x240004a4        -       0x0000004c   Zero   RW          642    .bss                stm32h7xx_hal_timebase_tim.o
    0x240004f0        -       0x000001b0   Zero   RW         5505    .bss                fdcanhandler.o
    0x240006a0        -       0x0000001e   Zero   RW         5576    .bss                remote.o
    0x240006be   0x0800cd79   0x00000002   PAD
    0x240006c0        -       0x000002a0   Zero   RW         5631    .bss                chassis.o
    0x24000960        -       0x00000060   Zero   RW         6332    .bss                c_w.l(libspace.o)
    0x240009c0        -       0x00000200   Zero   RW            2    HEAP                startup_stm32h723xx.o
    0x24000bc0        -       0x00000400   Zero   RW            1    STACK               startup_stm32h723xx.o


==============================================================================

Image component sizes


      Code (inc. data)   RO Data    RW Data    ZI Data      Debug   Object Name

      3404        284         32         49        672       7735   chassis.o
        52          4          0          0          0        858   dma.o
       972         52          0          4        480       3501   fdcan.o
       110          0          0          0          0       2028   fdcanbsp.o
       228         12          0          0          0        732   fdcanfilter.o
       340         50          0          0        432       2248   fdcanhandler.o
       192         10          0          0          0       1083   gpio.o
       444         24          0          1          0    1223741   main.o
       228         12          0          0          0       1388   my_pid.o
       946         60          0          4         30       4319   remote.o
        72         30        716          0       1536        848   startup_stm32h723xx.o
       132         30          0          9          0      22374   stm32h7xx_hal.o
       458         40          0          0          0      41512   stm32h7xx_hal_cortex.o
      8650        164          8          0          0      13422   stm32h7xx_hal_dma.o
      3704         54         92          0          0      24068   stm32h7xx_hal_fdcan.o
       508         50          0          0          0       2236   stm32h7xx_hal_gpio.o
        36          4          0          0          0        906   stm32h7xx_hal_msp.o
        96          6          0          0          0        773   stm32h7xx_hal_pwr_ex.o
      3496        120          0          0          0       7601   stm32h7xx_hal_rcc.o
      5140        112          0          0          0       7337   stm32h7xx_hal_rcc_ex.o
       962         84          0          0          0       6191   stm32h7xx_hal_tim.o
       234         38          0          0          0       3296   stm32h7xx_hal_tim_ex.o
       160         20          0          0         76       1627   stm32h7xx_hal_timebase_tim.o
      6482        222         24          0          0      42216   stm32h7xx_hal_uart.o
       458         10         16          0          0       6465   stm32h7xx_hal_uart_ex.o
       204         66          0          0          0       9476   stm32h7xx_it.o
       304         38         16          8          0       1857   system_stm32h7xx.o
       144         18          0          0         76       1674   tim.o
       938         92          0         10        536       6632   usart.o

    ----------------------------------------------------------------------
     39132       1710        936         96       3840    1448144   Object Totals
         0          0         32          0          0          0   (incl. Generated)
        38          4          0         11          2          0   (incl. Padding)

    ----------------------------------------------------------------------

      Code (inc. data)   RO Data    RW Data    ZI Data      Debug   Library Member Name

         8          0          0          0          0         68   __main.o
       392          4         17          0          0         92   __printf_flags_ss_wp.o
        14          0          0          0          0         68   __printf_wp.o
         0          0          0          0          0          0   __rtentry.o
        12          0          0          0          0          0   __rtentry2.o
         6          0          0          0          0          0   __rtentry4.o
        52          8          0          0          0          0   __scatter.o
        26          0          0          0          0          0   __scatter_copy.o
        28          0          0          0          0          0   __scatter_zi.o
        28          0          0          0          0         68   _chval.o
         6          0          0          0          0          0   _printf_a.o
         6          0          0          0          0          0   _printf_c.o
        44          0          0          0          0        108   _printf_char.o
        48          6          0          0          0         96   _printf_char_common.o
        40          0          0          0          0         68   _printf_charcount.o
         6          0          0          0          0          0   _printf_d.o
       120         16          0          0          0         92   _printf_dec.o
         6          0          0          0          0          0   _printf_e.o
         6          0          0          0          0          0   _printf_f.o
      1054          0          0          0          0        216   _printf_fp_dec.o
       764          8         38          0          0        100   _printf_fp_hex.o
       128         16          0          0          0         84   _printf_fp_infnan.o
         6          0          0          0          0          0   _printf_g.o
       148          4         40          0          0        160   _printf_hex_int_ll_ptr.o
         6          0          0          0          0          0   _printf_i.o
       178          0          0          0          0         88   _printf_intcommon.o
        10          0          0          0          0          0   _printf_l.o
         6          0          0          0          0          0   _printf_lc.o
        10          0          0          0          0          0   _printf_ll.o
         6          0          0          0          0          0   _printf_lld.o
         6          0          0          0          0          0   _printf_lli.o
         6          0          0          0          0          0   _printf_llo.o
         6          0          0          0          0          0   _printf_llu.o
         6          0          0          0          0          0   _printf_llx.o
       124         16          0          0          0         92   _printf_longlong_dec.o
         6          0          0          0          0          0   _printf_ls.o
         6          0          0          0          0          0   _printf_n.o
         6          0          0          0          0          0   _printf_o.o
       112         10          0          0          0        124   _printf_oct_int_ll.o
         6          0          0          0          0          0   _printf_p.o
        78          0          0          0          0        108   _printf_pad.o
         0          0          0          0          0          0   _printf_percent.o
         4          0          0          0          0          0   _printf_percent_end.o
         6          0          0          0          0          0   _printf_s.o
        82          0          0          0          0         80   _printf_str.o
        36          0          0          0          0         84   _printf_truncate.o
         6          0          0          0          0          0   _printf_u.o
        44          0          0          0          0        108   _printf_wchar.o
       188          6          8          0          0         92   _printf_wctomb.o
         6          0          0          0          0          0   _printf_x.o
        22          0          0          0          0        100   _rserrno.o
        64          0          0          0          0         84   _sgetc.o
        10          0          0          0          0         68   _sputc.o
        64          0          0          0          0         92   _wcrtomb.o
       228          4        148          0          0         96   bigflt0.o
      2152        136          0          0          0        960   btod.o
        18          0          0          0          0         80   exit.o
         6          0          0          0          0        152   heapauxi.o
         0          0          0          0          0          0   indicate_semi.o
        18          0          0          0          0         76   isspace.o
        44         10        272          0          0         76   lc_ctype_c.o
        44         10         28          0          0         76   lc_numeric_c.o
         2          0          0          0          0          0   libinit.o
        34          0          0          0          0          0   libinit2.o
         2          0          0          0          0          0   libshutdown.o
         2          0          0          0          0          0   libshutdown2.o
         8          4          0          0         96         68   libspace.o
        38          0          0          0          0         68   llshl.o
       138          0          0          0          0         80   lludiv10.o
       238          0          0          0          0        100   lludivv7m.o
        16          4          0          0          0         76   rt_ctype_table.o
         8          4          0          0          0         68   rt_errno_addr_intlibspace.o
         8          4          0          0          0         68   rt_locale_intlibspace.o
        78          0          0          0          0         80   rt_memclr_w.o
       100          0          0          0          0         80   rt_memcpy_w.o
         2          0          0          0          0          0   rtexit.o
        10          0          0          0          0          0   rtexit2.o
      1272         16          0          0          0        168   scanf_fp.o
       800         14          0          0          0        100   scanf_hexfp.o
       308         16          0          0          0        100   scanf_infnan.o
       104          0          0          0          0         68   strcmpv7m_pel.o
       164         14          0          0          0        120   strtod.o
        12          4          0          0          0         68   sys_exit.o
        74          0          0          0          0         80   sys_stackheap_outer.o
         2          0          0          0          0         68   use_no_semi.o
        36          4          0          0          0         76   vsprintf.o
        16          4          0          0          0        116   dcheck1.o
         0          0         16          0          0          0   fpconst.o
        10          0          0          0          0        116   fpinit.o
         6          0          0          0          0        116   istatus.o
         4          0          0          0          0        116   printf1.o
         4          0          0          0          0        116   printf2.o
       100          0          0          0          0        116   retnan.o
        92          0          0          0          0        116   scalbn.o
         4          0          0          0          0        116   scanf1.o
         8          0          0          0          0        132   scanf2.o
        48          0          0          0          0        116   trapv.o
         0          0          0          0          0          0   usenofp.o
       692         98          0          0          0        208   atan2f.o
        56         12          0          0          0        132   atof.o
        48         28          0          0          0        232   dunder.o
        48          0          0          0          0        124   fpclassify.o
        38          0          0          0          0        116   fpclassifyf.o
       140         22          0          0          0        128   frexp.o
        22          6          0          0          0        232   funder.o
       184         14          0          0          0        156   ldexp.o
       238         26          0          0          0        304   narrow.o
        58          0          0          0          0        136   sqrtf.o

    ----------------------------------------------------------------------
     11872        548        568          0         96       8336   Library Totals
        32          0          1          0          0          0   (incl. Padding)

    ----------------------------------------------------------------------

      Code (inc. data)   RO Data    RW Data    ZI Data      Debug   Library Name

     10024        338        551          0         96       5392   c_w.l
       292          4         16          0          0       1176   fz_wv.l
      1524        206          0          0          0       1768   m_wv.l

    ----------------------------------------------------------------------
     11872        548        568          0         96       8336   Library Totals

    ----------------------------------------------------------------------

==============================================================================


      Code (inc. data)   RO Data    RW Data    ZI Data      Debug   

     51004       2258       1504         96       3936    1435168   Grand Totals
     51004       2258       1504         96       3936    1435168   ELF Image Totals
     51004       2258       1504         96          0          0   ROM Totals

==============================================================================

    Total RO  Size (Code + RO Data)                52508 (  51.28kB)
    Total RW  Size (RW Data + ZI Data)              4032 (   3.94kB)
    Total ROM Size (Code + RO Data + RW Data)      52604 (  51.37kB)

==============================================================================

